Microchip MPLAB XC8 Compiler V1.32 ()

Linker command line:

--edf=C:\Program Files (x86)\Microchip\xc8\v1.32\dat\en_msgs.txt -cs \
  -h+dist/default/production\LEDScroller.X.production.sym \
  --cmf=dist/default/production\LEDScroller.X.production.cmf -z -Q16F690 \
  -oC:\Users\erik\AppData\Local\Temp\s6q0.6 \
  -Mdist/default/production/LEDScroller.X.production.map -E1 -ver=XC8 \
  -ASTACK=0120h-016fh -pstack=STACK -ACONST=00h-0FFhx16 -ACODE=00h-07FFhx2 \
  -ASTRCODE=00h-0FFFh -AENTRY=00h-0FFhx16 -ASTRING=00h-0FFhx16 \
  -ACOMMON=070h-07Fh -ABANK0=020h-06Fh -ABANK1=0A0h-0EFh \
  -ABANK2=0120h-016Fh -ARAM=020h-06Fh,0A0h-0EFh,0120h-016Fh \
  -AABS1=020h-07Fh,0A0h-0EFh,0120h-016Fh -ASFR0=00h-01Fh -ASFR1=080h-09Fh \
  -ASFR2=0100h-011Fh -ASFR3=0180h-01EFh \
  -preset_vec=00h,intentry=04h,init,end_init -ppowerup=CODE -pcinit=CODE \
  -pfunctab=CODE -ACONFIG=02007h-02007h -pconfig=CONFIG -DCONFIG=2 \
  -AIDLOC=02000h-02003h -pidloc=IDLOC -DIDLOC=2 -AEEDATA=00h-0FFh/02100h \
  -peeprom_data=EEDATA -DEEDATA=2 -DCODE=2 -DSTRCODE=2 -DSTRING=2 -DCONST=2 \
  -DENTRY=2 -k C:\Users\erik\AppData\Local\Temp\s6q0.obj \
  dist/default/production\LEDScroller.X.production.obj 

Object code version is 3.11

Machine type is 16F690



                Name                               Link     Load   Length Selector   Space Scale
C:\Users\erik\AppData\Local\Temp\s6q0.obj
                end_init                             11       11        2        8       0
                reset_vec                             0        0        2        0       0
                config                             2007     2007        1     400E       0
dist/default/production\LEDScroller.X.production.obj
                cinit                                13       13       1F        8       0
                intentry                              4        4        D        8       0
                text11                              29D      29D       13      1FA       0
                text10                              219      219       1B      1FA       0
                text9                               263      263       14      1FA       0
                text8                               28A      28A       13      1FA       0
                text7                               1E2      1E2       1C      1FA       0
                text6                               2D0      2D0        F      1FA       0
                text5                                FD       FD       AB      1FA       0
                text4                               2C0      2C0       10      1FA       0
                text3                               24E      24E       15      1FA       0
                text2                               1FE      1FE       1B      1FA       0
                text1                               277      277       13      1FA       0
                maintext                            1A8      1A8       3A      1FA       0
                cstackBANK0                          59       59        F       20       1
                cstackCOMMON                         70       70        A       70       1
                inittext                            2B0      2B0       10      1FA       0
                clrtext                             2DF      2DF        8      1FA       0
                dataBANK1                            A0       A0       1A       A0       1
                dataBANK0                            68       68        2       20       1
                bssBANK0                             20       20       39       20       1
                bssCOMMON                            7A       7A        3       70       1
                strings                              32       32       CB       64       0
                idataBANK1                          234      234       1A      1FA       0
                idataBANK0                          2E7      2E7        2      1FA       0

TOTAL           Name                               Link     Load   Length     Space
        CLASS   STACK          

        CLASS   CONST          

        CLASS   CODE           
                end_init                             11       11        2         0
                cinit                                13       13       1F         0
                intentry                              4        4        D         0
                reset_vec                             0        0        2         0
                text11                              29D      29D       13         0
                text10                              219      219       1B         0
                text9                               263      263       14         0
                text8                               28A      28A       13         0
                text7                               1E2      1E2       1C         0
                text6                               2D0      2D0        F         0
                text5                                FD       FD       AB         0
                text4                               2C0      2C0       10         0
                text3                               24E      24E       15         0
                text2                               1FE      1FE       1B         0
                text1                               277      277       13         0
                maintext                            1A8      1A8       3A         0
                inittext                            2B0      2B0       10         0
                clrtext                             2DF      2DF        8         0
                idataBANK1                          234      234       1A         0
                idataBANK0                          2E7      2E7        2         0

        CLASS   STRCODE        

        CLASS   ENTRY          

        CLASS   STRING         
                strings                              32       32       CB         0

        CLASS   COMMON         
                cstackCOMMON                         70       70        A         1
                bssCOMMON                            7A       7A        3         1

        CLASS   BANK0          
                cstackBANK0                          59       59        F         1
                dataBANK0                            68       68        2         1
                bssBANK0                             20       20       39         1

        CLASS   BANK1          
                dataBANK1                            A0       A0       1A         1

        CLASS   BANK2          

        CLASS   RAM            

        CLASS   ABS1           
                abs_s1                               7E       7E        2         1

        CLASS   SFR0           

        CLASS   SFR1           

        CLASS   SFR2           

        CLASS   SFR3           

        CLASS   CONFIG         
                config                             2007     2007        1         0

        CLASS   IDLOC          

        CLASS   EEDATA         

        CLASS   BANK3          



SEGMENTS        Name                           Load    Length   Top    Selector   Space  Class     Delta

                reset_vec                      000000  000002  000002         0       0  CODE        2
                intentry                       000004  00002E  000032         8       0  CODE        2
                bssBANK0                       000020  00004A  00006A        20       1  BANK0       1
                strings                        000032  0000CB  0000FD        64       0  STRING      2
                cstackCOMMON                   000070  00000D  00007D        70       1  COMMON      1
                dataBANK1                      0000A0  00001A  0000BA        A0       1  BANK1       1
                text5                          0000FD  0001EC  0002E9       1FA       0  CODE        2
                config                         002007  000001  002008      400E       0  CONFIG      2


UNUSED ADDRESS RANGES

        Name                Unused          Largest block    Delta
        BANK0            006A-006F              6           1
        BANK1            00BA-00EF             36           1
        BANK2            0120-016F             50           1
        CODE             0002-0003              2           2
                         02E9-0FFF            517
        COMMON           007D-007D              1           1
        CONST            0002-0003              2           2
                         02E9-0FFF            100
        EEDATA           2100-21FF            100           2
        ENTRY            0002-0003              2           2
                         02E9-0FFF            100
        IDLOC            2000-2003              4           2
        RAM              006A-006F              6           1
                         00BA-00EF             36
                         0120-016F             50
        SFR0             0000-001F             20           1
        SFR1             0080-009F             20           1
        SFR2             0100-011F             20           1
        SFR3             0180-01EF             70           1
        STACK            0120-016F             50           1
        STRCODE          0002-0003              2           2
                         02E9-0FFF            D17
        STRING           0002-0003              2           2
                         02E9-0FFF            100

                                  Symbol Table

_INTCONbits                  (abs)        000B
_L_A                         strings      005D
_L_B                         strings      0061
_L_C                         strings      0065
_L_D                         strings      0069
_L_E                         strings      006D
_L_EXCL                      strings      00A9
_L_F                         strings      0071
_L_G                         strings      0044
_L_H                         strings      0075
_L_I                         strings      0079
_L_J                         strings      0049
_L_K                         strings      004E
_L_L                         strings      007D
_L_LIST                      dataBANK1    00A0
_L_M                         strings      0038
_L_N                         strings      0053
_L_O                         strings      0081
_L_P                         strings      0085
_L_PERIOD                    strings      00AB
_L_Q                         strings      0058
_L_R                         strings      0089
_L_S                         strings      008D
_L_SPACE                     strings      00AD
_L_T                         strings      0091
_L_U                         strings      0095
_L_V                         strings      0099
_L_W                         strings      003E
_L_X                         strings      009D
_L_Y                         strings      00A1
_L_Z                         strings      00A5
_OPTION_REGbits              (abs)        0081
_OSCCONbits                  (abs)        008F
_PORTA                       (abs)        0005
_PORTB                       (abs)        0006
_PORTC                       (abs)        0007
_PORTCGhost                  bssCOMMON    007A
_TRISA                       (abs)        0085
_TRISB                       (abs)        0086
_TRISC                       (abs)        0087
_TRISCbits                   (abs)        0087
__CFG_BOREN$ON               (abs)        0000
__CFG_CP$OFF                 (abs)        0000
__CFG_CPD$OFF                (abs)        0000
__CFG_FCMEN$OFF              (abs)        0000
__CFG_FOSC$INTRCCLK          (abs)        0000
__CFG_IESO$OFF               (abs)        0000
__CFG_MCLRE$ON               (abs)        0000
__CFG_PWRTE$OFF              (abs)        0000
__CFG_WDTE$OFF               (abs)        0000
__Habs1                      abs1         0000
__Hbank0                     bank0        0000
__Hbank1                     bank1        0000
__Hbank2                     bank2        0000
__Hbank3                     bank3        0000
__HbssBANK0                  bssBANK0     0000
__HbssCOMMON                 bssCOMMON    0000
__Hcinit                     cinit        0032
__Hclrtext                   clrtext      0000
__Hcode                      code         0000
__Hcommon                    common       0000
__Hconfig                    config       2008
__HcstackBANK0               cstackBANK0  0000
__HcstackCOMMON              cstackCOMMON 0000
__HdataBANK0                 dataBANK0    0000
__HdataBANK1                 dataBANK1    0000
__Heeprom_data               eeprom_data  0000
__Hend_init                  end_init     0013
__Hfunctab                   functab      0000
__HidataBANK0                idataBANK0   0000
__HidataBANK1                idataBANK1   0000
__Hidloc                     idloc        0000
__Hinit                      init         0011
__Hinittext                  inittext     0000
__Hintentry                  intentry     0011
__Hmaintext                  maintext     0000
__Hpowerup                   powerup      0000
__Hram                       ram          0000
__Hreset_vec                 reset_vec    0002
__Hsfr0                      sfr0         0000
__Hsfr1                      sfr1         0000
__Hsfr2                      sfr2         0000
__Hsfr3                      sfr3         0000
__Hspace_0                   (abs)        2008
__Hspace_1                   (abs)        00BA
__Hspace_2                   (abs)        0000
__Hspace_3                   (abs)        0000
__Hstack                     stack        0000
__Hstrings                   strings      0000
__Htext                      text         0000
__Labs1                      abs1         0000
__Lbank0                     bank0        0000
__Lbank1                     bank1        0000
__Lbank2                     bank2        0000
__Lbank3                     bank3        0000
__LbssBANK0                  bssBANK0     0000
__LbssCOMMON                 bssCOMMON    0000
__Lcinit                     cinit        0013
__Lclrtext                   clrtext      0000
__Lcode                      code         0000
__Lcommon                    common       0000
__Lconfig                    config       2007
__LcstackBANK0               cstackBANK0  0000
__LcstackCOMMON              cstackCOMMON 0000
__LdataBANK0                 dataBANK0    0000
__LdataBANK1                 dataBANK1    0000
__Leeprom_data               eeprom_data  0000
__Lend_init                  end_init     0011
__Lfunctab                   functab      0000
__LidataBANK0                idataBANK0   0000
__LidataBANK1                idataBANK1   0000
__Lidloc                     idloc        0000
__Linit                      init         0011
__Linittext                  inittext     0000
__Lintentry                  intentry     0004
__Lmaintext                  maintext     0000
__Lpowerup                   powerup      0000
__Lram                       ram          0000
__Lreset_vec                 reset_vec    0000
__Lsfr0                      sfr0         0000
__Lsfr1                      sfr1         0000
__Lsfr2                      sfr2         0000
__Lsfr3                      sfr3         0000
__Lspace_0                   (abs)        0000
__Lspace_1                   (abs)        0000
__Lspace_2                   (abs)        0000
__Lspace_3                   (abs)        0000
__Lstack                     stack        0000
__Lstrings                   strings      0000
__Ltext                      text         0000
__S0                         (abs)        2008
__S1                         (abs)        00BA
__S2                         (abs)        0000
__S3                         (abs)        0000
___int_sp                    stack        0000
___latbits                   (abs)        0001
___sp                        stack        0000
__end_of_L_A                 strings      0061
__end_of_L_B                 strings      0065
__end_of_L_C                 strings      0069
__end_of_L_D                 strings      006D
__end_of_L_E                 strings      0071
__end_of_L_EXCL              strings      00AB
__end_of_L_F                 strings      0075
__end_of_L_G                 strings      0049
__end_of_L_H                 strings      0079
__end_of_L_I                 strings      007D
__end_of_L_J                 strings      004E
__end_of_L_K                 strings      0053
__end_of_L_L                 strings      0081
__end_of_L_M                 strings      003E
__end_of_L_N                 strings      0058
__end_of_L_O                 strings      0085
__end_of_L_P                 strings      0089
__end_of_L_PERIOD            strings      00AD
__end_of_L_Q                 strings      005D
__end_of_L_R                 strings      008D
__end_of_L_S                 strings      0091
__end_of_L_SPACE             strings      00AF
__end_of_L_T                 strings      0095
__end_of_L_U                 strings      0099
__end_of_L_V                 strings      009D
__end_of_L_W                 strings      0044
__end_of_L_X                 strings      00A1
__end_of_L_Y                 strings      00A5
__end_of_L_Z                 strings      00A9
__end_of__initialization     cinit        002F
__end_of__stringdata         strings      00FD
__end_of__stringtab          strings      0038
__end_of_isr                 text8        029D
__end_of_ledDisplayString    text4        02D0
__end_of_ledGetLetter        text7        01FE
__end_of_ledIncrementRow     text9        0277
__end_of_ledScroll           text3        0263
__end_of_ledSetData          text11       02B0
__end_of_ledSetupDisplay     text2        0219
__end_of_ledSwitchArray      text6        02DF
__end_of_ledUpdateArr        text5        01A8
__end_of_ledUpdateDisplay    text10       0234
__end_of_main                maintext     01E2
__end_of_setup               text1        028A
__initialization             cinit        0013
__pbssBANK0                  bssBANK0     0020
__pbssCOMMON                 bssCOMMON    007A
__pcstackBANK0               cstackBANK0  0059
__pcstackCOMMON              cstackCOMMON 0070
__pdataBANK0                 dataBANK0    0068
__pdataBANK1                 dataBANK1    00A0
__pidataBANK0                idataBANK0   02E7
__pidataBANK1                idataBANK1   0234
__pintentry                  intentry     0004
__pmaintext                  maintext     01A8
__pstrings                   strings      0032
__ptext1                     text1        0277
__ptext10                    text10       0219
__ptext11                    text11       029D
__ptext2                     text2        01FE
__ptext3                     text3        024E
__ptext4                     text4        02C0
__ptext5                     text5        00FD
__ptext6                     text6        02D0
__ptext7                     text7        01E2
__ptext8                     text8        028A
__ptext9                     text9        0263
__size_of_isr                (abs)        0000
__size_of_ledDisplayString   (abs)        0000
__size_of_ledGetLetter       (abs)        0000
__size_of_ledIncrementRow    (abs)        0000
__size_of_ledScroll          (abs)        0000
__size_of_ledSetData         (abs)        0000
__size_of_ledSetupDisplay    (abs)        0000
__size_of_ledSwitchArray     (abs)        0000
__size_of_ledUpdateArr       (abs)        0000
__size_of_ledUpdateDisplay   (abs)        0000
__size_of_main               (abs)        0000
__size_of_setup              (abs)        0000
__stringbase                 strings      0037
__stringdata                 strings      00AF
__stringtab                  strings      0032
_count                       bssCOMMON    007B
_currentLedArray             dataBANK0    0068
_isr                         text8        028A
_ledArray0                   bssBANK0     002F
_ledArray1                   bssBANK0     0044
_ledDisplayString            text4        02C0
_ledGetLetter                text7        01E2
_ledIncrementRow             text9        0263
_ledRow                      bssCOMMON    007C
_ledScroll                   text3        024E
_ledSetData                  text11       029D
_ledSetupDisplay             text2        01FE
_ledSwitchArray              text6        02D0
_ledUpdateArr                text5        00FD
_ledUpdateDisplay            text10       0219
_letterArr                   bssBANK0     002D
_letterArrCount              bssBANK0     0029
_letterArrLoc                bssBANK0     002B
_main                        maintext     01A8
_myLedArray                  bssBANK0     0020
_nextLedArray                dataBANK0    0069
_setup                       text1        0277
_startAgainFlag              bssBANK0     002E
btemp                        (abs)        007E
clear_ram0                   clrtext      02DF
end_of_initialization        cinit        002F
init_fetch0                  inittext     02B0
init_ram0                    inittext     02B4
interrupt_function           intentry     0004
intlevel0                    functab      0000
intlevel1                    functab      0000
intlevel2                    functab      0000
intlevel3                    functab      0000
intlevel4                    functab      0000
intlevel5                    functab      0000
ledDisplayString@str         cstackBANK0  0064
ledGetLetter@lett            cstackBANK0  0059
ledSetData@ledDisplayData    cstackCOMMON 0071
ledSetupDisplay@tmp_count    cstackBANK0  005A
ledSwitchArray@temp          cstackBANK0  005A
ledUpdateArr@i               cstackBANK0  0062
ledUpdateArr@incrementLetter cstackBANK0  005D
ledUpdateArr@letterArrTmp    cstackBANK0  005E
ledUpdateArr@letterTmp       cstackBANK0  005F
ledUpdateArr@letterTmpLoc    cstackBANK0  0060
ledUpdateDisplay@update      cstackCOMMON 0073
ltemp                        (abs)        007E
ltemp0                       (abs)        007E
ltemp1                       (abs)        0082
ltemp2                       (abs)        0086
ltemp3                       (abs)        0080
main@i                       cstackBANK0  0066
reset_vec                    reset_vec    0000
saved_w                      (abs)        007E
stackhi                      (abs)        0000
stacklo                      (abs)        0000
start                        init         0011
start_initialization         cinit        0013
ttemp                        (abs)        007E
ttemp0                       (abs)        007E
ttemp1                       (abs)        0081
ttemp2                       (abs)        0084
ttemp3                       (abs)        0087
ttemp4                       (abs)        007F
wtemp                        (abs)        007E
wtemp0                       (abs)        007E
wtemp1                       (abs)        0080
wtemp2                       (abs)        0082
wtemp3                       (abs)        0084
wtemp4                       (abs)        0086
wtemp5                       (abs)        0088
wtemp6                       (abs)        007F


FUNCTION INFORMATION:

 *************** function _main *****************
 Defined at:
		line 34 in file "LEDScroller.c"
 Parameters:    Size  Location     Type
		None
 Auto vars:     Size  Location     Type
  i               2   13[BANK0 ] unsigned int 
 Return value:  Size  Location     Type
                  2  108[COMMON] int 
 Registers used:
		wreg, fsr0l, fsr0h, status,2, status,0, pclath, cstack
 Tracked objects:
		On entry : 
		On exit  : 
		Unchanged: 
 Data sizes:     COMMON   BANK0   BANK1   BANK2
      Params:         0       0       0       0
      Locals:         0       2       0       0
      Temps:          0       1       0       0
      Totals:         0       3       0       0
Total ram usage:        3 bytes
 Hardware stack levels required when called:    7
 This function calls:
		_ledDisplayString
		_ledScroll
		_setup
 This function is called by:
		Startup code after reset
 This function uses a non-reentrant model


 *************** function _setup *****************
 Defined at:
		line 64 in file "LEDScroller.c"
 Parameters:    Size  Location     Type
		None
 Auto vars:     Size  Location     Type
		None
 Return value:  Size  Location     Type
		None               void
 Registers used:
		wreg, status,2, status,0, pclath, cstack
 Tracked objects:
		On entry : 
		On exit  : 
		Unchanged: 
 Data sizes:     COMMON   BANK0   BANK1   BANK2
      Params:         0       0       0       0
      Locals:         0       0       0       0
      Temps:          0       0       0       0
      Totals:         0       0       0       0
Total ram usage:        0 bytes
 Hardware stack levels used:    1
 Hardware stack levels required when called:    5
 This function calls:
		_ledSetupDisplay
 This function is called by:
		_main
 This function uses a non-reentrant model


 *************** function _ledSetupDisplay *****************
 Defined at:
		line 201 in file "led_array.c"
 Parameters:    Size  Location     Type
		None
 Auto vars:     Size  Location     Type
  tmp_count       1    1[BANK0 ] unsigned char 
 Return value:  Size  Location     Type
		None               void
 Registers used:
		wreg, status,2, status,0
 Tracked objects:
		On entry : 
		On exit  : 
		Unchanged: 
 Data sizes:     COMMON   BANK0   BANK1   BANK2
      Params:         0       0       0       0
      Locals:         0       1       0       0
      Temps:          0       1       0       0
      Totals:         0       2       0       0
Total ram usage:        2 bytes
 Hardware stack levels used:    1
 Hardware stack levels required when called:    4
 This function calls:
		Nothing
 This function is called by:
		_setup
 This function uses a non-reentrant model


 *************** function _ledScroll *****************
 Defined at:
		line 23 in file "led_array.c"
 Parameters:    Size  Location     Type
		None
 Auto vars:     Size  Location     Type
		None
 Return value:  Size  Location     Type
		None               void
 Registers used:
		wreg, fsr0l, fsr0h, status,2, status,0, pclath, cstack
 Tracked objects:
		On entry : 
		On exit  : 
		Unchanged: 
 Data sizes:     COMMON   BANK0   BANK1   BANK2
      Params:         0       0       0       0
      Locals:         0       0       0       0
      Temps:          0       0       0       0
      Totals:         0       0       0       0
Total ram usage:        0 bytes
 Hardware stack levels used:    1
 Hardware stack levels required when called:    6
 This function calls:
		_ledUpdateArr
 This function is called by:
		_main
 This function uses a non-reentrant model


 *************** function _ledDisplayString *****************
 Defined at:
		line 162 in file "led_array.c"
 Parameters:    Size  Location     Type
  str             1    wreg     PTR const unsigned char 
		 -> STR_1(78), 
 Auto vars:     Size  Location     Type
  str             1   11[BANK0 ] PTR const unsigned char 
		 -> STR_1(78), 
 Return value:  Size  Location     Type
		None               void
 Registers used:
		wreg, fsr0l, fsr0h, status,2, status,0, pclath, cstack
 Tracked objects:
		On entry : 
		On exit  : 
		Unchanged: 
 Data sizes:     COMMON   BANK0   BANK1   BANK2
      Params:         0       0       0       0
      Locals:         0       1       0       0
      Temps:          0       1       0       0
      Totals:         0       2       0       0
Total ram usage:        2 bytes
 Hardware stack levels used:    1
 Hardware stack levels required when called:    6
 This function calls:
		_ledUpdateArr
 This function is called by:
		_main
 This function uses a non-reentrant model


 *************** function _ledUpdateArr *****************
 Defined at:
		line 53 in file "led_array.c"
 Parameters:    Size  Location     Type
		None
 Auto vars:     Size  Location     Type
  letterTmpLoc    2    7[BANK0 ] int 
  i               1    9[BANK0 ] char 
  letterTmp       1    6[BANK0 ] PTR const unsigned char 
		 -> L_EXCL(2), L_PERIOD(2), L_SPACE(2), L_Z(4), 
		 -> L_Y(4), L_X(4), L_W(6), L_V(4), 
		 -> L_U(4), L_T(4), L_S(4), L_R(4), 
		 -> L_Q(5), L_P(4), L_O(4), L_N(5), 
		 -> L_M(6), L_L(4), L_K(5), L_J(5), 
		 -> L_I(4), L_H(4), L_G(5), L_F(4), 
		 -> L_E(4), L_D(4), L_C(4), L_B(4), 
		 -> L_A(4), 
  letterArrTmp    1    5[BANK0 ] PTR const unsigned char 
		 -> STR_1(78), ROM(4096), 
  incrementLet    1    4[BANK0 ] unsigned char 
 Return value:  Size  Location     Type
		None               void
 Registers used:
		wreg, fsr0l, fsr0h, status,2, status,0, pclath, cstack
 Tracked objects:
		On entry : 
		On exit  : 
		Unchanged: 
 Data sizes:     COMMON   BANK0   BANK1   BANK2
      Params:         0       0       0       0
      Locals:         0       6       0       0
      Temps:          0       2       0       0
      Totals:         0       8       0       0
Total ram usage:        8 bytes
 Hardware stack levels used:    1
 Hardware stack levels required when called:    5
 This function calls:
		_ledGetLetter
		_ledSwitchArray
 This function is called by:
		_ledScroll
		_ledDisplayString
 This function uses a non-reentrant model


 *************** function _ledSwitchArray *****************
 Defined at:
		line 175 in file "led_array.c"
 Parameters:    Size  Location     Type
		None
 Auto vars:     Size  Location     Type
  temp            1    1[BANK0 ] PTR unsigned char 
		 -> ledArray1(21), ledArray0(21), 
 Return value:  Size  Location     Type
		None               void
 Registers used:
		wreg
 Tracked objects:
		On entry : 
		On exit  : 
		Unchanged: 
 Data sizes:     COMMON   BANK0   BANK1   BANK2
      Params:         0       0       0       0
      Locals:         0       1       0       0
      Temps:          0       1       0       0
      Totals:         0       2       0       0
Total ram usage:        2 bytes
 Hardware stack levels used:    1
 Hardware stack levels required when called:    4
 This function calls:
		Nothing
 This function is called by:
		_ledUpdateArr
 This function uses a non-reentrant model


 *************** function _ledGetLetter *****************
 Defined at:
		line 38 in file "led_array.c"
 Parameters:    Size  Location     Type
  lett            1    wreg     const unsigned char 
 Auto vars:     Size  Location     Type
  lett            1    0[BANK0 ] const unsigned char 
 Return value:  Size  Location     Type
                  1    wreg      PTR const unsigned char 
 Registers used:
		wreg, fsr0l, fsr0h, status,2, status,0
 Tracked objects:
		On entry : 
		On exit  : 
		Unchanged: 
 Data sizes:     COMMON   BANK0   BANK1   BANK2
      Params:         0       0       0       0
      Locals:         0       1       0       0
      Temps:          0       0       0       0
      Totals:         0       1       0       0
Total ram usage:        1 bytes
 Hardware stack levels used:    1
 Hardware stack levels required when called:    4
 This function calls:
		Nothing
 This function is called by:
		_ledUpdateArr
 This function uses a non-reentrant model


 *************** function _isr *****************
 Defined at:
		line 82 in file "LEDScroller.c"
 Parameters:    Size  Location     Type
		None
 Auto vars:     Size  Location     Type
		None
 Return value:  Size  Location     Type
		None               void
 Registers used:
		wreg, fsr0l, fsr0h, status,2, status,0, pclath, cstack
 Tracked objects:
		On entry : 
		On exit  : 
		Unchanged: 
 Data sizes:     COMMON   BANK0   BANK1   BANK2
      Params:         0       0       0       0
      Locals:         0       0       0       0
      Temps:          4       0       0       0
      Totals:         4       0       0       0
Total ram usage:        4 bytes
 Hardware stack levels used:    1
 Hardware stack levels required when called:    3
 This function calls:
		_ledIncrementRow
 This function is called by:
		Interrupt level 1
 This function uses a non-reentrant model


 *************** function _ledIncrementRow *****************
 Defined at:
		line 7 in file "led_array.c"
 Parameters:    Size  Location     Type
		None
 Auto vars:     Size  Location     Type
		None
 Return value:  Size  Location     Type
		None               void
 Registers used:
		wreg, fsr0l, fsr0h, status,2, status,0, pclath, cstack
 Tracked objects:
		On entry : 
		On exit  : 
		Unchanged: 
 Data sizes:     COMMON   BANK0   BANK1   BANK2
      Params:         0       0       0       0
      Locals:         0       0       0       0
      Temps:          2       0       0       0
      Totals:         2       0       0       0
Total ram usage:        2 bytes
 Hardware stack levels used:    1
 Hardware stack levels required when called:    2
 This function calls:
		_ledUpdateDisplay
 This function is called by:
		_isr
 This function uses a non-reentrant model


 *************** function _ledUpdateDisplay *****************
 Defined at:
		line 188 in file "led_array.c"
 Parameters:    Size  Location     Type
  update          1    wreg     unsigned char 
 Auto vars:     Size  Location     Type
  update          1    3[COMMON] unsigned char 
 Return value:  Size  Location     Type
		None               void
 Registers used:
		wreg, fsr0l, fsr0h, status,2, status,0, pclath, cstack
 Tracked objects:
		On entry : 
		On exit  : 
		Unchanged: 
 Data sizes:     COMMON   BANK0   BANK1   BANK2
      Params:         0       0       0       0
      Locals:         1       0       0       0
      Temps:          1       0       0       0
      Totals:         2       0       0       0
Total ram usage:        2 bytes
 Hardware stack levels used:    1
 Hardware stack levels required when called:    1
 This function calls:
		_ledSetData
 This function is called by:
		_ledIncrementRow
 This function uses a non-reentrant model


 *************** function _ledSetData *****************
 Defined at:
		line 222 in file "led_array.c"
 Parameters:    Size  Location     Type
  ledDisplayDa    1    wreg     unsigned char 
 Auto vars:     Size  Location     Type
  ledDisplayDa    1    1[COMMON] unsigned char 
 Return value:  Size  Location     Type
		None               void
 Registers used:
		wreg, status,2, status,0
 Tracked objects:
		On entry : 
		On exit  : 
		Unchanged: 
 Data sizes:     COMMON   BANK0   BANK1   BANK2
      Params:         0       0       0       0
      Locals:         1       0       0       0
      Temps:          1       0       0       0
      Totals:         2       0       0       0
Total ram usage:        2 bytes
 Hardware stack levels used:    1
 This function calls:
		Nothing
 This function is called by:
		_ledUpdateDisplay
 This function uses a non-reentrant model



MODULE INFORMATION

Module		Function		Class		Link	Load	Size
LEDScroller.c
		_main          		CODE           	01A8	0000	58
		_isr           		CODE           	028A	0000	19
		_setup         		CODE           	0277	0000	19

LEDScroller.c estimated size: 96

shared
		_L_H           		STRING         	0075	0000	4
		_L_I           		STRING         	0079	0000	4
		_L_SPACE       		STRING         	00AD	0000	2
		_L_J           		STRING         	0049	0000	5
		__stringtab    		STRING         	0032	0000	6
		_L_EXCL        		STRING         	00A9	0000	2
		__stringdata   		STRING         	00AF	0000	78
		_L_K           		STRING         	004E	0000	5
		_L_L           		STRING         	007D	0000	4
		_L_M           		STRING         	0038	0000	6
		_L_N           		STRING         	0053	0000	5
		_L_O           		STRING         	0081	0000	4
		_L_P           		STRING         	0085	0000	4
		_L_Q           		STRING         	0058	0000	5
		_L_R           		STRING         	0089	0000	4
		_L_S           		STRING         	008D	0000	4
		__initializatio		CODE           	0013	0000	28
		_L_T           		STRING         	0091	0000	4
		_L_U           		STRING         	0095	0000	4
		_L_V           		STRING         	0099	0000	4
		_L_W           		STRING         	003E	0000	6
		_L_X           		STRING         	009D	0000	4
		_L_A           		STRING         	005D	0000	4
		_L_Y           		STRING         	00A1	0000	4
		_L_B           		STRING         	0061	0000	4
		_L_Z           		STRING         	00A5	0000	4
		_L_C           		STRING         	0065	0000	4
		_L_D           		STRING         	0069	0000	4
		_L_PERIOD      		STRING         	00AB	0000	2
		_L_E           		STRING         	006D	0000	4
		_L_F           		STRING         	0071	0000	4
		_L_G           		STRING         	0044	0000	5

shared estimated size: 231

led_array.c
		_ledSetupDispla		CODE           	01FE	0000	27
		_ledDisplayStri		CODE           	02C0	0000	16
		_ledGetLetter  		CODE           	01E2	0000	28
		_ledScroll     		CODE           	024E	0000	21
		_ledUpdateArr  		CODE           	00FD	0000	171
		_ledSwitchArray		CODE           	02D0	0000	15
		_ledUpdateDispl		CODE           	0219	0000	27
		_ledSetData    		CODE           	029D	0000	19
		_ledIncrementRo		CODE           	0263	0000	20

led_array.c estimated size: 344

