Microchip MPLAB XC8 Compiler V1.33 ()

Linker command line:

--edf=C:\Program Files (x86)\Microchip\xc8\v1.33\dat\en_msgs.txt -cs \
  -h+dist/default/production\bbgame.X.production.sym \
  --cmf=dist/default/production\bbgame.X.production.cmf -z -Q16F1719 \
  -oC:\Users\erik\AppData\Local\Temp\s57s.6 \
  -Mdist/default/production/bbgame.X.production.map -E1 -ver=XC8 \
  -ASTACK=0204Ah-0231fh -pstack=STACK -ACONST=00h-0FFhx64 \
  -ACODE=00h-07FFhx8 -ASTRCODE=00h-03FFFh -AENTRY=00h-0FFhx64 \
  -ASTRING=00h-0FFhx64 -ACOMMON=070h-07Fh -ABANK0=020h-06Fh \
  -ABANK1=0A0h-0EFh -ABANK2=0120h-016Fh -ABANK3=01A0h-01EFh \
  -ABANK4=0220h-026Fh -ABANK5=02A0h-02EFh -ABANK6=0320h-036Fh \
  -ABANK7=03A0h-03EFh -ABANK8=0420h-046Fh -ABANK9=04A0h-04EFh \
  -ABANK10=0520h-056Fh -ABANK11=05A0h-05EFh -ABANK12=0620h-066Fh \
  -ABANK13=06A0h-06EFh -ABANK14=0720h-076Fh -ABANK15=07A0h-07EFh \
  -ABANK16=0820h-086Fh -ABANK17=08A0h-08EFh -ABANK18=0920h-096Fh \
  -ABANK19=09A0h-09EFh -ABANK20=0A20h-0A6Fh -ABANK21=0AA0h-0AEFh \
  -ABANK22=0B20h-0B6Fh -ABANK23=0BA0h-0BEFh -ABANK24=0C20h-0C6Fh \
  -ABANK25=0CA0h-0CBFh -ABIGRAM=02000h-027EFh \
  -ARAM=020h-06Fh,0A0h-0EFh,0120h-016Fh,01A0h-01EFh,0220h-026Fh,02A0h-02EFh,0320h-036Fh,03A0h-03EFh,0420h-046Fh,04A0h-04EFh,0520h-056Fh,05A0h-05EFh,0620h-066Fh,06A0h-06EFh,0720h-076Fh,07A0h-07EFh,0820h-086Fh,08A0h-08EFh,0920h-096Fh,09A0h-09EFh,0A20h-0A6Fh,0AA0h-0AEFh,0B20h-0B6Fh,0BA0h-0BEFh,0C20h-0C6Fh,0CA0h-0CBFh \
  -AABS1=020h-07Fh,0A0h-0EFh,0120h-016Fh,01A0h-01EFh,0220h-026Fh,02A0h-02EFh,0320h-036Fh,03A0h-03EFh,0420h-046Fh,04A0h-04EFh,0520h-056Fh,05A0h-05EFh,0620h-066Fh,06A0h-06EFh,0720h-076Fh,07A0h-07EFh,0820h-086Fh,08A0h-08EFh,0920h-096Fh,09A0h-09EFh,0A20h-0A6Fh,0AA0h-0AEFh,0B20h-0B6Fh,0BA0h-0BEFh,0C20h-0C6Fh,0CA0h-0CBFh \
  -ASFR0=00h-01Fh -ASFR1=080h-09Fh -ASFR2=0100h-011Fh -ASFR3=0180h-019Fh \
  -ASFR4=0200h-021Fh -ASFR5=0280h-029Fh -ASFR6=0300h-031Fh \
  -ASFR7=0380h-039Fh -ASFR8=0400h-041Fh -ASFR9=0480h-049Fh \
  -ASFR10=0500h-051Fh -ASFR11=0580h-059Fh -ASFR12=0600h-061Fh \
  -ASFR13=0680h-069Fh -ASFR14=0700h-071Fh -ASFR15=0780h-079Fh \
  -ASFR16=0800h-081Fh -ASFR17=0880h-089Fh -ASFR18=0900h-091Fh \
  -ASFR19=0980h-099Fh -ASFR20=0A00h-0A1Fh -ASFR21=0A80h-0A9Fh \
  -ASFR22=0B00h-0B1Fh -ASFR23=0B80h-0B9Fh -ASFR24=0C00h-0C1Fh \
  -ASFR25=0C80h-0C9Fh -ASFR26=0D00h-0D6Fh -ASFR27=0D80h-0DEFh \
  -ASFR28=0E00h-0E6Fh -ASFR29=0E80h-0EEFh -ASFR30=0F00h-0F6Fh \
  -ASFR31=0F80h-0FEFh -preset_vec=00h,intentry=04h,init,end_init \
  -ppowerup=CODE -pcinit=CODE -pfunctab=CODE -ACONFIG=08007h-08008h \
  -pconfig=CONFIG -DCONFIG=2 -AIDLOC=08000h-08003h -pidloc=IDLOC -DIDLOC=2 \
  -DCODE=2 -DSTRCODE=2 -DSTRING=2 -DCONST=2 -DENTRY=2 -k \
  C:\Users\erik\AppData\Local\Temp\s57s.obj \
  dist/default/production\bbgame.X.production.obj 

Object code version is 3.11

Machine type is 16F1719



                Name                               Link     Load   Length Selector   Space Scale
C:\Users\erik\AppData\Local\Temp\s57s.obj
                end_init                             4A       4A        2        8       0
                reset_vec                             0        0        2        0       0
                config                             8007     8007        2    1000E       0
dist/default/production\bbgame.X.production.obj
                cinit                                4C       4C       36        8       0
                intentry                              4        4       46        8       0
                text27                             151C     151C       45     2A38       0
                text26                             13F0     13F0       1F     27E0       0
                text25                             1331     1331        A     2662       0
                text23                             147E     147E       2F     28FC       0
                text22                             1561     1561       46     2AC2       0
                text21                             13A2     13A2       12     2744       0
                text20                             1456     1456       28     28AC       0
                text19                               E4       E4       17        8       0
                text18                             15F0     15F0       4D     2BE0       0
                text17                             13B4     13B4       1E     2768       0
                text16                             15A7     15A7       49     2B4E       0
                text15                             14AD     14AD       32     295A       0
                text14                               FB       FB        5        8       0
                text13                             132A     132A        7     2654       0
                text12                             14DF     14DF       3D     29BE       0
                text11                               82       82       62        8       0
                text10                             140F     140F       22     281E       0
                text9                              1345     1345        C     268A       0
                text8                              1324     1324        3     2648       0
                text7                              16C9     16C9      137     2D92       0
                text6                              13D2     13D2       1E     27A4       0
                text5                              1392     1392       10     2724       0
                text4                              1369     1369        D     26D2       0
                text3                              1376     1376        E     26EC       0
                text2                              1384     1384        E     2708       0
                text1                              1431     1431       25     2862       0
                maintext                           163D     163D       8C     2C7A       0
                cstackBANK0                          20       20       33       20       1
                cstackCOMMON                         70       70        6       70       1
                inittext                           1351     1351        C     26A2       0
                clrtext                            135D     135D        C     26BA       0
                dataBANK0                            60       60        A       20       1
                bssBANK0                             53       53        D       20       1
                dataCOMMON                           79       79        3       70       1
                bssCOMMON                            76       76        3       70       1
                stringtext                          100      100     1002        2       0
                idataBANK0                         133B     133B        A     2676       0
                idataCOMMON                        1327     1327        3     264E       0

TOTAL           Name                               Link     Load   Length     Space
        CLASS   STACK          

        CLASS   CONST          

        CLASS   CODE           
                end_init                             4A       4A        2         0
                cinit                                4C       4C       36         0
                intentry                              4        4       46         0
                reset_vec                             0        0        2         0
                text27                             151C     151C       45         0
                text26                             13F0     13F0       1F         0
                text25                             1331     1331        A         0
                text23                             147E     147E       2F         0
                text22                             1561     1561       46         0
                text21                             13A2     13A2       12         0
                text20                             1456     1456       28         0
                text19                               E4       E4       17         0
                text18                             15F0     15F0       4D         0
                text17                             13B4     13B4       1E         0
                text16                             15A7     15A7       49         0
                text15                             14AD     14AD       32         0
                text14                               FB       FB        5         0
                text13                             132A     132A        7         0
                text12                             14DF     14DF       3D         0
                text11                               82       82       62         0
                text10                             140F     140F       22         0
                text9                              1345     1345        C         0
                text8                              1324     1324        3         0
                text7                              16C9     16C9      137         0
                text6                              13D2     13D2       1E         0
                text5                              1392     1392       10         0
                text4                              1369     1369        D         0
                text3                              1376     1376        E         0
                text2                              1384     1384        E         0
                text1                              1431     1431       25         0
                maintext                           163D     163D       8C         0
                inittext                           1351     1351        C         0
                clrtext                            135D     135D        C         0
                idataBANK0                         133B     133B        A         0
                idataCOMMON                        1327     1327        3         0

        CLASS   STRCODE        
                stringtext                          100      100     1002         0

        CLASS   ENTRY          

        CLASS   STRING         

        CLASS   COMMON         
                cstackCOMMON                         70       70        6         1
                dataCOMMON                           79       79        3         1
                bssCOMMON                            76       76        3         1

        CLASS   BANK0          
                cstackBANK0                          20       20       33         1
                dataBANK0                            60       60        A         1
                bssBANK0                             53       53        D         1

        CLASS   BANK1          

        CLASS   BANK2          

        CLASS   BANK3          

        CLASS   BANK4          

        CLASS   BANK5          

        CLASS   BANK6          

        CLASS   BANK7          

        CLASS   BANK8          

        CLASS   BANK9          

        CLASS   BANK10         

        CLASS   BANK11         

        CLASS   BANK12         

        CLASS   BANK13         

        CLASS   BANK14         

        CLASS   BANK15         

        CLASS   BANK16         

        CLASS   BANK17         

        CLASS   BANK18         

        CLASS   BANK19         

        CLASS   BANK20         

        CLASS   BANK21         

        CLASS   BANK22         

        CLASS   BANK23         

        CLASS   BANK24         

        CLASS   BANK25         

        CLASS   BIGRAM         

        CLASS   RAM            

        CLASS   ABS1           
                abs_s1                               7E       7E        2         1
                abs_s1                              9A0      9A0       50         1
                abs_s1                              A20      A20       50         1
                abs_s1                              AA0      AA0       50         1
                abs_s1                              B20      B20       50         1
                abs_s1                              BA0      BA0       50         1
                abs_s1                              C20      C20       50         1
                abs_s1                              CA0      CA0       20         1
                abs_s1                             25F0     25F0        0         1
                abs_s1                             26F0     26F0        0         1

        CLASS   SFR0           

        CLASS   SFR1           

        CLASS   SFR2           

        CLASS   SFR3           

        CLASS   SFR4           

        CLASS   SFR5           

        CLASS   SFR6           

        CLASS   SFR7           

        CLASS   SFR8           

        CLASS   SFR9           

        CLASS   SFR10          

        CLASS   SFR11          

        CLASS   SFR12          

        CLASS   SFR13          

        CLASS   SFR14          

        CLASS   SFR15          

        CLASS   SFR16          

        CLASS   SFR17          

        CLASS   SFR18          

        CLASS   SFR19          

        CLASS   SFR20          

        CLASS   SFR21          

        CLASS   SFR22          

        CLASS   SFR23          

        CLASS   SFR24          

        CLASS   SFR25          

        CLASS   SFR26          

        CLASS   SFR27          

        CLASS   SFR28          

        CLASS   SFR29          

        CLASS   SFR30          

        CLASS   SFR31          

        CLASS   CONFIG         
                config                             8007     8007        2         0

        CLASS   IDLOC          

        CLASS   BANK31         

        CLASS   BANK30         

        CLASS   BANK29         

        CLASS   BANK28         

        CLASS   BANK27         

        CLASS   BANK26         

        CLASS   EEDATA         



SEGMENTS        Name                           Load    Length   Top    Selector   Space  Class     Delta

                reset_vec                      000000  000002  000002         0       0  CODE        2
                intentry                       000004  0000FC  000100         8       0  CODE        2
                cstackBANK0                    000020  00004A  00006A        20       1  BANK0       1
                cstackCOMMON                   000070  00000C  00007C        70       1  COMMON      1
                stringtext                     000100  001002  001102         2       0  STRCODE     2
                text8                          001324  000003  001327      2648       0  CODE        2
                idataCOMMON                    001327  000003  00132A      264E       0  CODE        2
                text13                         00132A  000007  001331      2654       0  CODE        2
                text25                         001331  00000A  00133B      2662       0  CODE        2
                idataBANK0                     00133B  00000A  001345      2676       0  CODE        2
                text9                          001345  00000C  001351      268A       0  CODE        2
                inittext                       001351  00000C  00135D      26A2       0  CODE        2
                clrtext                        00135D  00000C  001369      26BA       0  CODE        2
                text4                          001369  00000D  001376      26D2       0  CODE        2
                text3                          001376  00000E  001384      26EC       0  CODE        2
                text2                          001384  00000E  001392      2708       0  CODE        2
                text5                          001392  000010  0013A2      2724       0  CODE        2
                text21                         0013A2  000012  0013B4      2744       0  CODE        2
                text17                         0013B4  00001E  0013D2      2768       0  CODE        2
                text6                          0013D2  00001E  0013F0      27A4       0  CODE        2
                text26                         0013F0  00001F  00140F      27E0       0  CODE        2
                text10                         00140F  000022  001431      281E       0  CODE        2
                text1                          001431  000025  001456      2862       0  CODE        2
                text20                         001456  000028  00147E      28AC       0  CODE        2
                text23                         00147E  00002F  0014AD      28FC       0  CODE        2
                text15                         0014AD  000032  0014DF      295A       0  CODE        2
                text12                         0014DF  00003D  00151C      29BE       0  CODE        2
                text27                         00151C  000045  001561      2A38       0  CODE        2
                text22                         001561  000046  0015A7      2AC2       0  CODE        2
                text16                         0015A7  000049  0015F0      2B4E       0  CODE        2
                text18                         0015F0  00004D  00163D      2BE0       0  CODE        2
                maintext                       00163D  00008C  0016C9      2C7A       0  CODE        2
                text7                          0016C9  000137  001800      2D92       0  CODE        2
                config                         008007  000002  008009     1000E       0  CONFIG      2


UNUSED ADDRESS RANGES

        Name                Unused          Largest block    Delta
        BANK0            0006A-0006F               6           1
        BANK1            000A0-000EF              50           1
        BANK10           00520-0056F              50           1
        BANK11           005A0-005EF              50           1
        BANK12           00620-0066F              50           1
        BANK13           006A0-006EF              50           1
        BANK14           00720-0076F              50           1
        BANK15           007A0-007EF              50           1
        BANK16           00820-0086F              50           1
        BANK17           008A0-008EF              50           1
        BANK18           00920-0096F              50           1
        BANK2            00120-0016F              50           1
        BANK3            001A0-001EF              50           1
        BANK4            00220-0026F              50           1
        BANK5            002A0-002EF              50           1
        BANK6            00320-0036F              50           1
        BANK7            003A0-003EF              50           1
        BANK8            00420-0046F              50           1
        BANK9            004A0-004EF              50           1
        BIGRAM           02000-027EF             7F0           1
        CODE             00002-00003               2           2
                         01102-01323             222
                         01800-03FFF             800
        COMMON           0007C-0007D               2           1
        CONST            00002-00003               2           2
                         01102-01323             100
                         01800-03FFF             100
        ENTRY            00002-00003               2           2
                         01102-01323             100
                         01800-03FFF             100
        IDLOC            08000-08003               4           2
        RAM              0006A-0006F               6           1
                         000A0-000EF              50
                         00120-0016F              50
                         001A0-001EF              50
                         00220-0026F              50
                         002A0-002EF              50
                         00320-0036F              50
                         003A0-003EF              50
                         00420-0046F              50
                         004A0-004EF              50
                         00520-0056F              50
                         005A0-005EF              50
                         00620-0066F              50
                         006A0-006EF              50
                         00720-0076F              50
                         007A0-007EF              50
                         00820-0086F              50
                         008A0-008EF              50
                         00920-0096F              50
        SFR0             00000-0001F              20           1
        SFR1             00080-0009F              20           1
        SFR10            00500-0051F              20           1
        SFR11            00580-0059F              20           1
        SFR12            00600-0061F              20           1
        SFR13            00680-0069F              20           1
        SFR14            00700-0071F              20           1
        SFR15            00780-0079F              20           1
        SFR16            00800-0081F              20           1
        SFR17            00880-0089F              20           1
        SFR18            00900-0091F              20           1
        SFR19            00980-0099F              20           1
        SFR2             00100-0011F              20           1
        SFR20            00A00-00A1F              20           1
        SFR21            00A80-00A9F              20           1
        SFR22            00B00-00B1F              20           1
        SFR23            00B80-00B9F              20           1
        SFR24            00C00-00C1F              20           1
        SFR25            00C80-00C9F              20           1
        SFR26            00D00-00D6F              70           1
        SFR27            00D80-00DEF              70           1
        SFR28            00E00-00E6F              70           1
        SFR29            00E80-00EEF              70           1
        SFR3             00180-0019F              20           1
        SFR30            00F00-00F6F              70           1
        SFR31            00F80-00FEF              70           1
        SFR4             00200-0021F              20           1
        SFR5             00280-0029F              20           1
        SFR6             00300-0031F              20           1
        SFR7             00380-0039F              20           1
        SFR8             00400-0041F              20           1
        SFR9             00480-0049F              20           1
        STACK            0204A-0231F             2D6           1
        STRCODE          00002-00003               2           2
                         01102-01323             222
                         01800-03FFF            2800
        STRING           00002-00003               2           2
                         01102-01323             100
                         01800-03FFF             100

                                  Symbol Table

?___lwmod                          cstackBANK0  00020
?___wmul                           cstackBANK0  00020
?_getDispArr                       cstackBANK0  00026
SSDispDigitSelector@digitSelection cstackCOMMON 00072
SSDispDigitSelector@onoff          cstackCOMMON 00070
_ANSELA                            (abs)        0018C
_ANSELB                            (abs)        0018D
_ANSELC                            (abs)        0018E
_ANSELEbits                        (abs)        00190
_CCPTMRSbits                       (abs)        0029E
_DISP_VALS                         stringtext   00100
_INTCONbits                        (abs)        0000B
_LATBbits                          (abs)        0010D
_LATCbits                          (abs)        0010E
_LATEbits                          (abs)        00110
_OSCCONbits                        (abs)        00099
_PIE1bits                          (abs)        00091
_PIE2bits                          (abs)        00092
_PIR1bits                          (abs)        00011
_PIR2bits                          (abs)        00012
_PORTCbits                         (abs)        0000E
_PORTD                             (abs)        0000F
_PR2                               (abs)        0001B
_PR4                               (abs)        00416
_PR6                               (abs)        0041D
_PWM3DCH                           (abs)        00618
_PWM3EN                            (abs)        030CF
_RE2PPS                            (abs)        00EB2
_SSDispCallback                    text26       013F0
_SSDispDigitSelector               text27       0151C
_T2CONbits                         (abs)        0001C
_T4CONbits                         (abs)        00417
_T6CONbits                         (abs)        0041E
_TMR4                              (abs)        00415
_TRISB                             (abs)        0008D
_TRISC                             (abs)        0008E
_TRISD                             (abs)        0008F
_TRISEbits                         (abs)        00090
__CFG_BOREN$ON                     (abs)        00000
__CFG_BORV$LO                      (abs)        00000
__CFG_CLKOUTEN$OFF                 (abs)        00000
__CFG_CP$OFF                       (abs)        00000
__CFG_FCMEN$ON                     (abs)        00000
__CFG_FOSC$INTOSC                  (abs)        00000
__CFG_IESO$OFF                     (abs)        00000
__CFG_LPBOR$OFF                    (abs)        00000
__CFG_LVP$ON                       (abs)        00000
__CFG_MCLRE$ON                     (abs)        00000
__CFG_PLLEN$ON                     (abs)        00000
__CFG_PPS1WAY$ON                   (abs)        00000
__CFG_PWRTE$OFF                    (abs)        00000
__CFG_STVREN$ON                    (abs)        00000
__CFG_WDTE$OFF                     (abs)        00000
__CFG_WRT$OFF                      (abs)        00000
__CFG_ZCDDIS$ON                    (abs)        00000
__Habs1                            abs1         00000
__Hbank0                           bank0        00000
__Hbank1                           bank1        00000
__Hbank10                          bank10       00000
__Hbank11                          bank11       00000
__Hbank12                          bank12       00000
__Hbank13                          bank13       00000
__Hbank14                          bank14       00000
__Hbank15                          bank15       00000
__Hbank16                          bank16       00000
__Hbank17                          bank17       00000
__Hbank18                          bank18       00000
__Hbank19                          bank19       00000
__Hbank2                           bank2        00000
__Hbank20                          bank20       00000
__Hbank21                          bank21       00000
__Hbank22                          bank22       00000
__Hbank23                          bank23       00000
__Hbank24                          bank24       00000
__Hbank25                          bank25       00000
__Hbank26                          bank26       00000
__Hbank27                          bank27       00000
__Hbank28                          bank28       00000
__Hbank29                          bank29       00000
__Hbank3                           bank3        00000
__Hbank30                          bank30       00000
__Hbank31                          bank31       00000
__Hbank4                           bank4        00000
__Hbank5                           bank5        00000
__Hbank6                           bank6        00000
__Hbank7                           bank7        00000
__Hbank8                           bank8        00000
__Hbank9                           bank9        00000
__Hbigram                          bigram       00000
__HbssBANK0                        bssBANK0     00000
__HbssCOMMON                       bssCOMMON    00000
__Hcinit                           cinit        00082
__Hclrtext                         clrtext      00000
__Hcode                            code         00000
__Hcommon                          common       00000
__Hconfig                          config       08009
__HcstackBANK0                     cstackBANK0  00000
__HcstackCOMMON                    cstackCOMMON 00000
__HdataBANK0                       dataBANK0    00000
__HdataCOMMON                      dataCOMMON   00000
__Heeprom_data                     eeprom_data  00000
__Hend_init                        end_init     0004C
__Hfunctab                         functab      00000
__HidataBANK0                      idataBANK0   00000
__HidataCOMMON                     idataCOMMON  00000
__Hidloc                           idloc        00000
__Hinit                            init         0004A
__Hinittext                        inittext     00000
__Hintentry                        intentry     0004A
__Hmaintext                        maintext     00000
__Hpowerup                         powerup      00000
__Hram                             ram          00000
__Hreset_vec                       reset_vec    00002
__Hsfr0                            sfr0         00000
__Hsfr1                            sfr1         00000
__Hsfr10                           sfr10        00000
__Hsfr11                           sfr11        00000
__Hsfr12                           sfr12        00000
__Hsfr13                           sfr13        00000
__Hsfr14                           sfr14        00000
__Hsfr15                           sfr15        00000
__Hsfr16                           sfr16        00000
__Hsfr17                           sfr17        00000
__Hsfr18                           sfr18        00000
__Hsfr19                           sfr19        00000
__Hsfr2                            sfr2         00000
__Hsfr20                           sfr20        00000
__Hsfr21                           sfr21        00000
__Hsfr22                           sfr22        00000
__Hsfr23                           sfr23        00000
__Hsfr24                           sfr24        00000
__Hsfr25                           sfr25        00000
__Hsfr26                           sfr26        00000
__Hsfr27                           sfr27        00000
__Hsfr28                           sfr28        00000
__Hsfr29                           sfr29        00000
__Hsfr3                            sfr3         00000
__Hsfr30                           sfr30        00000
__Hsfr31                           sfr31        00000
__Hsfr4                            sfr4         00000
__Hsfr5                            sfr5         00000
__Hsfr6                            sfr6         00000
__Hsfr7                            sfr7         00000
__Hsfr8                            sfr8         00000
__Hsfr9                            sfr9         00000
__Hspace_0                         (abs)        08009
__Hspace_1                         (abs)        0007C
__Hspace_2                         (abs)        00000
__Hspace_3                         (abs)        00000
__Hstack                           stack        00000
__Hstrings                         strings      00000
__Hstringtext                      stringtext   00000
__Htext                            text         00000
__Labs1                            abs1         00000
__Lbank0                           bank0        00000
__Lbank1                           bank1        00000
__Lbank10                          bank10       00000
__Lbank11                          bank11       00000
__Lbank12                          bank12       00000
__Lbank13                          bank13       00000
__Lbank14                          bank14       00000
__Lbank15                          bank15       00000
__Lbank16                          bank16       00000
__Lbank17                          bank17       00000
__Lbank18                          bank18       00000
__Lbank19                          bank19       00000
__Lbank2                           bank2        00000
__Lbank20                          bank20       00000
__Lbank21                          bank21       00000
__Lbank22                          bank22       00000
__Lbank23                          bank23       00000
__Lbank24                          bank24       00000
__Lbank25                          bank25       00000
__Lbank26                          bank26       00000
__Lbank27                          bank27       00000
__Lbank28                          bank28       00000
__Lbank29                          bank29       00000
__Lbank3                           bank3        00000
__Lbank30                          bank30       00000
__Lbank31                          bank31       00000
__Lbank4                           bank4        00000
__Lbank5                           bank5        00000
__Lbank6                           bank6        00000
__Lbank7                           bank7        00000
__Lbank8                           bank8        00000
__Lbank9                           bank9        00000
__Lbigram                          bigram       00000
__LbssBANK0                        bssBANK0     00000
__LbssCOMMON                       bssCOMMON    00000
__Lcinit                           cinit        0004C
__Lclrtext                         clrtext      00000
__Lcode                            code         00000
__Lcommon                          common       00000
__Lconfig                          config       08007
__LcstackBANK0                     cstackBANK0  00000
__LcstackCOMMON                    cstackCOMMON 00000
__LdataBANK0                       dataBANK0    00000
__LdataCOMMON                      dataCOMMON   00000
__Leeprom_data                     eeprom_data  00000
__Lend_init                        end_init     0004A
__Lfunctab                         functab      00000
__LidataBANK0                      idataBANK0   00000
__LidataCOMMON                     idataCOMMON  00000
__Lidloc                           idloc        00000
__Linit                            init         0004A
__Linittext                        inittext     00000
__Lintentry                        intentry     00004
__Lmaintext                        maintext     00000
__Lpowerup                         powerup      00000
__Lram                             ram          00000
__Lreset_vec                       reset_vec    00000
__Lsfr0                            sfr0         00000
__Lsfr1                            sfr1         00000
__Lsfr10                           sfr10        00000
__Lsfr11                           sfr11        00000
__Lsfr12                           sfr12        00000
__Lsfr13                           sfr13        00000
__Lsfr14                           sfr14        00000
__Lsfr15                           sfr15        00000
__Lsfr16                           sfr16        00000
__Lsfr17                           sfr17        00000
__Lsfr18                           sfr18        00000
__Lsfr19                           sfr19        00000
__Lsfr2                            sfr2         00000
__Lsfr20                           sfr20        00000
__Lsfr21                           sfr21        00000
__Lsfr22                           sfr22        00000
__Lsfr23                           sfr23        00000
__Lsfr24                           sfr24        00000
__Lsfr25                           sfr25        00000
__Lsfr26                           sfr26        00000
__Lsfr27                           sfr27        00000
__Lsfr28                           sfr28        00000
__Lsfr29                           sfr29        00000
__Lsfr3                            sfr3         00000
__Lsfr30                           sfr30        00000
__Lsfr31                           sfr31        00000
__Lsfr4                            sfr4         00000
__Lsfr5                            sfr5         00000
__Lsfr6                            sfr6         00000
__Lsfr7                            sfr7         00000
__Lsfr8                            sfr8         00000
__Lsfr9                            sfr9         00000
__Lspace_0                         (abs)        00000
__Lspace_1                         (abs)        00000
__Lspace_2                         (abs)        00000
__Lspace_3                         (abs)        00000
__Lstack                           stack        00000
__Lstrings                         strings      00000
__Lstringtext                      stringtext   00000
__Ltext                            text         00000
__S0                               (abs)        08009
__S1                               (abs)        0007C
__S2                               (abs)        00000
___int_sp                          stack        00000
___latbits                         (abs)        00003
___lwmod                           text23       0147E
___lwmod@counter                   cstackBANK0  00025
___lwmod@dividend                  cstackBANK0  00022
___lwmod@divisor                   cstackBANK0  00020
___sp                              stack        00000
___wmul                            text17       013B4
___wmul@multiplicand               cstackBANK0  00022
___wmul@multiplier                 cstackBANK0  00020
___wmul@product                    cstackBANK0  00024
__end_of_DISP_VALS                 stringtext   0010B
__end_of_SSDispCallback            text26       0140F
__end_of_SSDispDigitSelector       text27       01561
__end_of___lwmod                   text23       014AD
__end_of___wmul                    text17       013D2
__end_of__initialization           cinit        0007E
__end_of_buttonHeld                text22       015A7
__end_of_buttonHeldDefault         text21       013B4
__end_of_buttonPress               text20       0147E
__end_of_clearDispArr              text19       000FB
__end_of_decDispArr                text18       0163D
__end_of_getDispArr                text16       015F0
__end_of_incDispArr                text15       014DF
__end_of_initSSDisp                text6        013F0
__end_of_isr                       intentry     0004A
__end_of_main                      maintext     016C9
__end_of_playGame                  text7        01800
__end_of_playSound                 text13       01331
__end_of_pollButtons               text12       0151C
__end_of_processButtons            text11       000E4
__end_of_pwmSetup                  text5        013A2
__end_of_raw_audio                 stringtext   01102
__end_of_setDispValues             text10       01431
__end_of_setup                     text1        01456
__end_of_startAudioPWM             text14       00100
__end_of_startTimedCounter         text9        01351
__end_of_stopAudioPWM              text25       0133B
__end_of_stopTimedCounter          text8        01327
__end_of_timer2Setup               text4        01376
__end_of_timer4Setup               text3        01384
__end_of_timer6Setup               text2        01392
__initialization                   cinit        0004C
__pbssBANK0                        bssBANK0     00053
__pbssBIGRAM                       (abs)        025F0
__pbssCOMMON                       bssCOMMON    00076
__pcstackBANK0                     cstackBANK0  00020
__pcstackCOMMON                    cstackCOMMON 00070
__pdataBANK0                       dataBANK0    00060
__pdataCOMMON                      dataCOMMON   00079
__pidataBANK0                      idataBANK0   0133B
__pidataCOMMON                     idataCOMMON  01327
__pintentry                        intentry     00004
__pmaintext                        maintext     0163D
__pstringtext                      stringtext   00100
__ptext1                           text1        01431
__ptext10                          text10       0140F
__ptext11                          text11       00082
__ptext12                          text12       014DF
__ptext13                          text13       0132A
__ptext14                          text14       000FB
__ptext15                          text15       014AD
__ptext16                          text16       015A7
__ptext17                          text17       013B4
__ptext18                          text18       015F0
__ptext19                          text19       000E4
__ptext2                           text2        01384
__ptext20                          text20       01456
__ptext21                          text21       013A2
__ptext22                          text22       01561
__ptext23                          text23       0147E
__ptext25                          text25       01331
__ptext26                          text26       013F0
__ptext27                          text27       0151C
__ptext3                           text3        01376
__ptext4                           text4        01369
__ptext5                           text5        01392
__ptext6                           text6        013D2
__ptext7                           text7        016C9
__ptext8                           text8        01324
__ptext9                           text9        01345
__size_of_SSDispCallback           (abs)        00000
__size_of_SSDispDigitSelector      (abs)        00000
__size_of___lwmod                  (abs)        00000
__size_of___wmul                   (abs)        00000
__size_of_buttonHeld               (abs)        00000
__size_of_buttonHeldDefault        (abs)        00000
__size_of_buttonPress              (abs)        00000
__size_of_clearDispArr             (abs)        00000
__size_of_decDispArr               (abs)        00000
__size_of_getDispArr               (abs)        00000
__size_of_incDispArr               (abs)        00000
__size_of_initSSDisp               (abs)        00000
__size_of_isr                      (abs)        00000
__size_of_main                     (abs)        00000
__size_of_playGame                 (abs)        00000
__size_of_playSound                (abs)        00000
__size_of_pollButtons              (abs)        00000
__size_of_processButtons           (abs)        00000
__size_of_pwmSetup                 (abs)        00000
__size_of_setDispValues            (abs)        00000
__size_of_setup                    (abs)        00000
__size_of_startAudioPWM            (abs)        00000
__size_of_startTimedCounter        (abs)        00000
__size_of_stopAudioPWM             (abs)        00000
__size_of_stopTimedCounter         (abs)        00000
__size_of_timer2Setup              (abs)        00000
__size_of_timer4Setup              (abs)        00000
__size_of_timer6Setup              (abs)        00000
_blankDisp                         dataBANK0    00064
_buttonHeld                        text22       01561
_buttonHeldDefault                 text21       013A2
_buttonPress                       text20       01456
_clearDispArr                      text19       000E4
_decDispArr                        text18       015F0
_digitSelect                       dataCOMMON   0007B
_dispValues                        bssBANK0     00053
_getDispArr                        text16       015A7
_incDispArr                        text15       014AD
_initSSDisp                        text6        013D2
_isr                               intentry     00004
_main                              maintext     0163D
_playGame                          text7        016C9
_playSound                         text13       0132A
_pollButtons                       text12       014DF
_processButtons                    text11       00082
_pwmSetup                          text5        01392
_pwm_samp_hold_count               bssCOMMON    00078
_raw_audio                         stringtext   0010B
_raw_audio_p                       dataCOMMON   00079
_raw_audio_p_end                   dataBANK0    00060
_setDispValues                     text10       0140F
_setup                             text1        01431
_sound_arr1                        (abs)        025F0
_sound_arr2                        (abs)        026F0
_startAudioPWM                     text14       000FB
_startTimedCounter                 text9        01345
_stopAudioPWM                      text25       01331
_stopTimedCounter                  text8        01324
_timedCounter                      bssCOMMON    00076
_timedCounterIndicator             bssBANK0     0005F
_timedCounterThreshold             dataBANK0    00062
_timer2Setup                       text4        01369
_timer4Setup                       text3        01376
_timer6Setup                       text2        01384
btemp                              (abs)        0007E
buttonHeld@buttonIndex             cstackBANK0  0002E
buttonHeld@buttonNumber            cstackBANK0  00026
buttonHeld@buttons                 cstackBANK0  0002F
buttonHeld@firstDelay              cstackBANK0  00027
buttonHeld@holdoff                 cstackBANK0  00029
buttonHeldDefault@buttonNumber     cstackBANK0  00030
buttonHeldDefault@buttons          cstackBANK0  00032
buttonPress@buttonIndex            cstackBANK0  00022
buttonPress@buttonNumber           cstackBANK0  00020
buttonPress@buttons                cstackBANK0  00023
clearDispArr@dispArr               cstackBANK0  00023
clearDispArr@i                     cstackBANK0  00024
clearDispArr@numOfChars            cstackBANK0  00020
clear_ram0                         clrtext      0135D
decDispArr@borrow                  cstackBANK0  00024
decDispArr@borrowCount             cstackBANK0  00023
decDispArr@dispArr                 cstackBANK0  00025
decDispArr@i                       cstackBANK0  00026
decDispArr@numOfChars              cstackBANK0  00020
end_of_initialization              cinit        0007E
getDispArr@dispArr                 cstackBANK0  00030
getDispArr@i                       cstackBANK0  0002F
getDispArr@mult                    cstackBANK0  0002D
getDispArr@num                     cstackBANK0  0002B
getDispArr@numOfChars              cstackBANK0  00026
incDispArr@carry                   cstackBANK0  00023
incDispArr@dispArr                 cstackBANK0  00024
incDispArr@i                       cstackBANK0  00025
incDispArr@numOfChars              cstackBANK0  00020
initSSDisp@i                       cstackBANK0  00021
init_ram                           inittext     01351
intlevel0                          functab      00000
intlevel1                          functab      00000
intlevel2                          functab      00000
intlevel3                          functab      00000
intlevel4                          functab      00000
intlevel5                          functab      00000
ltemp                              (abs)        0007E
ltemp0                             (abs)        0007E
ltemp1                             (abs)        00082
ltemp2                             (abs)        00086
ltemp3                             (abs)        00080
main@F6643                         bssBANK0     00059
main@buttons                       cstackBANK0  00043
main@countDisp                     cstackBANK0  0003C
main@updated                       cstackBANK0  00042
pic14e$flags                       (abs)        0007E
playGame@buttons_p                 cstackBANK0  00038
playGame@count                     cstackBANK0  00039
playGame@countDisp                 cstackBANK0  00031
playGame@hoop1Delay                cstackBANK0  00035
playGame@hoop2Delay                cstackBANK0  00036
playGame@playing                   cstackBANK0  00037
pollButtons@buttons                cstackBANK0  00023
processButtons@buttons             cstackBANK0  00027
processButtons@i                   cstackBANK0  00026
processButtons@newButtons          cstackBANK0  00024
reset_vec                          reset_vec    00000
setDispValues@dispVals             cstackBANK0  00022
setDispValues@i                    cstackBANK0  00023
stackhi                            (abs)        0231F
stacklo                            (abs)        0204A
start                              init         0004A
startTimedCounter@threshold        cstackBANK0  00020
start_initialization               cinit        0004C
ttemp                              (abs)        0007E
ttemp0                             (abs)        0007E
ttemp1                             (abs)        00081
ttemp2                             (abs)        00084
ttemp3                             (abs)        00087
ttemp4                             (abs)        0007F
wtemp                              (abs)        0007E
wtemp0                             (abs)        0007E
wtemp1                             (abs)        00080
wtemp2                             (abs)        00082
wtemp3                             (abs)        00084
wtemp4                             (abs)        00086
wtemp5                             (abs)        00088
wtemp6                             (abs)        0007F


FUNCTION INFORMATION:

 *************** function _main *****************
 Defined at:
		line 12 in file "bbgame.c"
 Parameters:    Size  Location     Type
		None
 Auto vars:     Size  Location     Type
  buttons        16   35[BANK0 ] struct .
  countDisp       6   28[BANK0 ] unsigned char [6]
  updated         1   34[BANK0 ] unsigned char 
 Return value:  Size  Location     Type
                  2  149[COMMON] int 
 Registers used:
		wreg, fsr0l, fsr0h, fsr1l, fsr1h, status,2, status,0, pclath, cstack
 Tracked objects:
		On entry : 
		On exit  : 
		Unchanged: 
 Data sizes:     COMMON   BANK0   BANK1   BANK2   BANK3   BANK4   BANK5   BANK6   BANK7   BANK8   BANK9  BANK10  BANK11  BANK12  BANK13  BANK14  BANK15  BANK16  BANK17  BANK18  BANK19  BANK20  BANK21  BANK22  BANK23  BANK24  BANK25
      Params:         0       0       0       0       0       0       0       0       0       0       0       0       0       0       0       0       0       0       0       0       0       0       0       0       0       0       0
      Locals:         0      23       0       0       0       0       0       0       0       0       0       0       0       0       0       0       0       0       0       0       0       0       0       0       0       0       0
      Temps:          0       2       0       0       0       0       0       0       0       0       0       0       0       0       0       0       0       0       0       0       0       0       0       0       0       0       0
      Totals:         0      25       0       0       0       0       0       0       0       0       0       0       0       0       0       0       0       0       0       0       0       0       0       0       0       0       0
Total ram usage:       25 bytes
 Hardware stack levels required when called:    6
 This function calls:
		_buttonHeldDefault
		_buttonPress
		_decDispArr
		_incDispArr
		_playGame
		_pollButtons
		_processButtons
		_setDispValues
		_setup
 This function is called by:
		Startup code after reset
 This function uses a non-reentrant model


 *************** function _setup *****************
 Defined at:
		line 209 in file "bbgame.c"
 Parameters:    Size  Location     Type
		None
 Auto vars:     Size  Location     Type
		None
 Return value:  Size  Location     Type
		None               void
 Registers used:
		wreg, fsr1l, fsr1h, status,2, status,0, pclath, cstack
 Tracked objects:
		On entry : 
		On exit  : 
		Unchanged: 
 Data sizes:     COMMON   BANK0   BANK1   BANK2   BANK3   BANK4   BANK5   BANK6   BANK7   BANK8   BANK9  BANK10  BANK11  BANK12  BANK13  BANK14  BANK15  BANK16  BANK17  BANK18  BANK19  BANK20  BANK21  BANK22  BANK23  BANK24  BANK25
      Params:         0       0       0       0       0       0       0       0       0       0       0       0       0       0       0       0       0       0       0       0       0       0       0       0       0       0       0
      Locals:         0       0       0       0       0       0       0       0       0       0       0       0       0       0       0       0       0       0       0       0       0       0       0       0       0       0       0
      Temps:          0       0       0       0       0       0       0       0       0       0       0       0       0       0       0       0       0       0       0       0       0       0       0       0       0       0       0
      Totals:         0       0       0       0       0       0       0       0       0       0       0       0       0       0       0       0       0       0       0       0       0       0       0       0       0       0       0
Total ram usage:        0 bytes
 Hardware stack levels used:    1
 Hardware stack levels required when called:    4
 This function calls:
		_initSSDisp
		_pwmSetup
		_timer2Setup
		_timer4Setup
		_timer6Setup
 This function is called by:
		_main
 This function uses a non-reentrant model


 *************** function _timer6Setup *****************
 Defined at:
		line 280 in file "bbgame.c"
 Parameters:    Size  Location     Type
		None
 Auto vars:     Size  Location     Type
		None
 Return value:  Size  Location     Type
		None               void
 Registers used:
		wreg, status,2, status,0
 Tracked objects:
		On entry : 
		On exit  : 
		Unchanged: 
 Data sizes:     COMMON   BANK0   BANK1   BANK2   BANK3   BANK4   BANK5   BANK6   BANK7   BANK8   BANK9  BANK10  BANK11  BANK12  BANK13  BANK14  BANK15  BANK16  BANK17  BANK18  BANK19  BANK20  BANK21  BANK22  BANK23  BANK24  BANK25
      Params:         0       0       0       0       0       0       0       0       0       0       0       0       0       0       0       0       0       0       0       0       0       0       0       0       0       0       0
      Locals:         0       0       0       0       0       0       0       0       0       0       0       0       0       0       0       0       0       0       0       0       0       0       0       0       0       0       0
      Temps:          0       0       0       0       0       0       0       0       0       0       0       0       0       0       0       0       0       0       0       0       0       0       0       0       0       0       0
      Totals:         0       0       0       0       0       0       0       0       0       0       0       0       0       0       0       0       0       0       0       0       0       0       0       0       0       0       0
Total ram usage:        0 bytes
 Hardware stack levels used:    1
 Hardware stack levels required when called:    3
 This function calls:
		Nothing
 This function is called by:
		_setup
 This function uses a non-reentrant model


 *************** function _timer4Setup *****************
 Defined at:
		line 268 in file "bbgame.c"
 Parameters:    Size  Location     Type
		None
 Auto vars:     Size  Location     Type
		None
 Return value:  Size  Location     Type
		None               void
 Registers used:
		wreg, status,2, status,0
 Tracked objects:
		On entry : 
		On exit  : 
		Unchanged: 
 Data sizes:     COMMON   BANK0   BANK1   BANK2   BANK3   BANK4   BANK5   BANK6   BANK7   BANK8   BANK9  BANK10  BANK11  BANK12  BANK13  BANK14  BANK15  BANK16  BANK17  BANK18  BANK19  BANK20  BANK21  BANK22  BANK23  BANK24  BANK25
      Params:         0       0       0       0       0       0       0       0       0       0       0       0       0       0       0       0       0       0       0       0       0       0       0       0       0       0       0
      Locals:         0       0       0       0       0       0       0       0       0       0       0       0       0       0       0       0       0       0       0       0       0       0       0       0       0       0       0
      Temps:          0       0       0       0       0       0       0       0       0       0       0       0       0       0       0       0       0       0       0       0       0       0       0       0       0       0       0
      Totals:         0       0       0       0       0       0       0       0       0       0       0       0       0       0       0       0       0       0       0       0       0       0       0       0       0       0       0
Total ram usage:        0 bytes
 Hardware stack levels used:    1
 Hardware stack levels required when called:    3
 This function calls:
		Nothing
 This function is called by:
		_setup
 This function uses a non-reentrant model


 *************** function _timer2Setup *****************
 Defined at:
		line 253 in file "bbgame.c"
 Parameters:    Size  Location     Type
		None
 Auto vars:     Size  Location     Type
		None
 Return value:  Size  Location     Type
		None               void
 Registers used:
		wreg, status,2, status,0
 Tracked objects:
		On entry : 
		On exit  : 
		Unchanged: 
 Data sizes:     COMMON   BANK0   BANK1   BANK2   BANK3   BANK4   BANK5   BANK6   BANK7   BANK8   BANK9  BANK10  BANK11  BANK12  BANK13  BANK14  BANK15  BANK16  BANK17  BANK18  BANK19  BANK20  BANK21  BANK22  BANK23  BANK24  BANK25
      Params:         0       0       0       0       0       0       0       0       0       0       0       0       0       0       0       0       0       0       0       0       0       0       0       0       0       0       0
      Locals:         0       0       0       0       0       0       0       0       0       0       0       0       0       0       0       0       0       0       0       0       0       0       0       0       0       0       0
      Temps:          0       0       0       0       0       0       0       0       0       0       0       0       0       0       0       0       0       0       0       0       0       0       0       0       0       0       0
      Totals:         0       0       0       0       0       0       0       0       0       0       0       0       0       0       0       0       0       0       0       0       0       0       0       0       0       0       0
Total ram usage:        0 bytes
 Hardware stack levels used:    1
 Hardware stack levels required when called:    3
 This function calls:
		Nothing
 This function is called by:
		_setup
 This function uses a non-reentrant model


 *************** function _pwmSetup *****************
 Defined at:
		line 237 in file "bbgame.c"
 Parameters:    Size  Location     Type
		None
 Auto vars:     Size  Location     Type
		None
 Return value:  Size  Location     Type
		None               void
 Registers used:
		wreg, status,2, status,0
 Tracked objects:
		On entry : 
		On exit  : 
		Unchanged: 
 Data sizes:     COMMON   BANK0   BANK1   BANK2   BANK3   BANK4   BANK5   BANK6   BANK7   BANK8   BANK9  BANK10  BANK11  BANK12  BANK13  BANK14  BANK15  BANK16  BANK17  BANK18  BANK19  BANK20  BANK21  BANK22  BANK23  BANK24  BANK25
      Params:         0       0       0       0       0       0       0       0       0       0       0       0       0       0       0       0       0       0       0       0       0       0       0       0       0       0       0
      Locals:         0       0       0       0       0       0       0       0       0       0       0       0       0       0       0       0       0       0       0       0       0       0       0       0       0       0       0
      Temps:          0       0       0       0       0       0       0       0       0       0       0       0       0       0       0       0       0       0       0       0       0       0       0       0       0       0       0
      Totals:         0       0       0       0       0       0       0       0       0       0       0       0       0       0       0       0       0       0       0       0       0       0       0       0       0       0       0
Total ram usage:        0 bytes
 Hardware stack levels used:    1
 Hardware stack levels required when called:    3
 This function calls:
		Nothing
 This function is called by:
		_setup
 This function uses a non-reentrant model


 *************** function _initSSDisp *****************
 Defined at:
		line 7 in file "sevensegdisplay.c"
 Parameters:    Size  Location     Type
		None
 Auto vars:     Size  Location     Type
  i               2    1[BANK0 ] int 
 Return value:  Size  Location     Type
		None               void
 Registers used:
		wreg, fsr1l, fsr1h, status,2, status,0
 Tracked objects:
		On entry : 
		On exit  : 
		Unchanged: 
 Data sizes:     COMMON   BANK0   BANK1   BANK2   BANK3   BANK4   BANK5   BANK6   BANK7   BANK8   BANK9  BANK10  BANK11  BANK12  BANK13  BANK14  BANK15  BANK16  BANK17  BANK18  BANK19  BANK20  BANK21  BANK22  BANK23  BANK24  BANK25
      Params:         0       0       0       0       0       0       0       0       0       0       0       0       0       0       0       0       0       0       0       0       0       0       0       0       0       0       0
      Locals:         0       2       0       0       0       0       0       0       0       0       0       0       0       0       0       0       0       0       0       0       0       0       0       0       0       0       0
      Temps:          0       1       0       0       0       0       0       0       0       0       0       0       0       0       0       0       0       0       0       0       0       0       0       0       0       0       0
      Totals:         0       3       0       0       0       0       0       0       0       0       0       0       0       0       0       0       0       0       0       0       0       0       0       0       0       0       0
Total ram usage:        3 bytes
 Hardware stack levels used:    1
 Hardware stack levels required when called:    3
 This function calls:
		Nothing
 This function is called by:
		_setup
 This function uses a non-reentrant model


 *************** function _playGame *****************
 Defined at:
		line 54 in file "bbgame.c"
 Parameters:    Size  Location     Type
  buttons_p       1    wreg     PTR struct .
		 -> main@buttons(16), 
  countDisp       1   17[BANK0 ] PTR unsigned char 
		 -> main@countDisp(6), 
 Auto vars:     Size  Location     Type
  buttons_p       1   24[BANK0 ] PTR struct .
		 -> main@buttons(16), 
  count           1   25[BANK0 ] unsigned char 
  playing         1   23[BANK0 ] unsigned char 
  hoop2Delay      1   22[BANK0 ] unsigned char 
  hoop1Delay      1   21[BANK0 ] unsigned char 
 Return value:  Size  Location     Type
		None               void
 Registers used:
		wreg, fsr0l, fsr0h, fsr1l, fsr1h, status,2, status,0, pclath, cstack
 Tracked objects:
		On entry : 
		On exit  : 
		Unchanged: 
 Data sizes:     COMMON   BANK0   BANK1   BANK2   BANK3   BANK4   BANK5   BANK6   BANK7   BANK8   BANK9  BANK10  BANK11  BANK12  BANK13  BANK14  BANK15  BANK16  BANK17  BANK18  BANK19  BANK20  BANK21  BANK22  BANK23  BANK24  BANK25
      Params:         0       1       0       0       0       0       0       0       0       0       0       0       0       0       0       0       0       0       0       0       0       0       0       0       0       0       0
      Locals:         0       5       0       0       0       0       0       0       0       0       0       0       0       0       0       0       0       0       0       0       0       0       0       0       0       0       0
      Temps:          0       3       0       0       0       0       0       0       0       0       0       0       0       0       0       0       0       0       0       0       0       0       0       0       0       0       0
      Totals:         0       9       0       0       0       0       0       0       0       0       0       0       0       0       0       0       0       0       0       0       0       0       0       0       0       0       0
Total ram usage:        9 bytes
 Hardware stack levels used:    1
 Hardware stack levels required when called:    5
 This function calls:
		_buttonPress
		_clearDispArr
		_decDispArr
		_getDispArr
		_incDispArr
		_playSound
		_pollButtons
		_processButtons
		_setDispValues
		_startTimedCounter
		_stopTimedCounter
 This function is called by:
		_main
 This function uses a non-reentrant model


 *************** function _stopTimedCounter *****************
 Defined at:
		line 297 in file "bbgame.c"
 Parameters:    Size  Location     Type
		None
 Auto vars:     Size  Location     Type
		None
 Return value:  Size  Location     Type
		None               void
 Registers used:
		None
 Tracked objects:
		On entry : 
		On exit  : 
		Unchanged: 
 Data sizes:     COMMON   BANK0   BANK1   BANK2   BANK3   BANK4   BANK5   BANK6   BANK7   BANK8   BANK9  BANK10  BANK11  BANK12  BANK13  BANK14  BANK15  BANK16  BANK17  BANK18  BANK19  BANK20  BANK21  BANK22  BANK23  BANK24  BANK25
      Params:         0       0       0       0       0       0       0       0       0       0       0       0       0       0       0       0       0       0       0       0       0       0       0       0       0       0       0
      Locals:         0       0       0       0       0       0       0       0       0       0       0       0       0       0       0       0       0       0       0       0       0       0       0       0       0       0       0
      Temps:          0       0       0       0       0       0       0       0       0       0       0       0       0       0       0       0       0       0       0       0       0       0       0       0       0       0       0
      Totals:         0       0       0       0       0       0       0       0       0       0       0       0       0       0       0       0       0       0       0       0       0       0       0       0       0       0       0
Total ram usage:        0 bytes
 Hardware stack levels used:    1
 Hardware stack levels required when called:    3
 This function calls:
		Nothing
 This function is called by:
		_playGame
 This function uses a non-reentrant model


 *************** function _startTimedCounter *****************
 Defined at:
		line 290 in file "bbgame.c"
 Parameters:    Size  Location     Type
  threshold       2    0[BANK0 ] unsigned int 
 Auto vars:     Size  Location     Type
		None
 Return value:  Size  Location     Type
		None               void
 Registers used:
		wreg, status,2, status,0
 Tracked objects:
		On entry : 
		On exit  : 
		Unchanged: 
 Data sizes:     COMMON   BANK0   BANK1   BANK2   BANK3   BANK4   BANK5   BANK6   BANK7   BANK8   BANK9  BANK10  BANK11  BANK12  BANK13  BANK14  BANK15  BANK16  BANK17  BANK18  BANK19  BANK20  BANK21  BANK22  BANK23  BANK24  BANK25
      Params:         0       2       0       0       0       0       0       0       0       0       0       0       0       0       0       0       0       0       0       0       0       0       0       0       0       0       0
      Locals:         0       0       0       0       0       0       0       0       0       0       0       0       0       0       0       0       0       0       0       0       0       0       0       0       0       0       0
      Temps:          0       0       0       0       0       0       0       0       0       0       0       0       0       0       0       0       0       0       0       0       0       0       0       0       0       0       0
      Totals:         0       2       0       0       0       0       0       0       0       0       0       0       0       0       0       0       0       0       0       0       0       0       0       0       0       0       0
Total ram usage:        2 bytes
 Hardware stack levels used:    1
 Hardware stack levels required when called:    3
 This function calls:
		Nothing
 This function is called by:
		_playGame
 This function uses a non-reentrant model


 *************** function _setDispValues *****************
 Defined at:
		line 16 in file "sevensegdisplay.c"
 Parameters:    Size  Location     Type
  dispVals        1    wreg     PTR unsigned char 
		 -> blankDisp(6), main@countDisp(6), 
 Auto vars:     Size  Location     Type
  dispVals        1    2[BANK0 ] PTR unsigned char 
		 -> blankDisp(6), main@countDisp(6), 
  i               1    3[BANK0 ] unsigned char 
 Return value:  Size  Location     Type
		None               void
 Registers used:
		wreg, fsr0l, fsr0h, fsr1l, fsr1h, status,2, status,0, pclath
 Tracked objects:
		On entry : 
		On exit  : 
		Unchanged: 
 Data sizes:     COMMON   BANK0   BANK1   BANK2   BANK3   BANK4   BANK5   BANK6   BANK7   BANK8   BANK9  BANK10  BANK11  BANK12  BANK13  BANK14  BANK15  BANK16  BANK17  BANK18  BANK19  BANK20  BANK21  BANK22  BANK23  BANK24  BANK25
      Params:         0       0       0       0       0       0       0       0       0       0       0       0       0       0       0       0       0       0       0       0       0       0       0       0       0       0       0
      Locals:         0       2       0       0       0       0       0       0       0       0       0       0       0       0       0       0       0       0       0       0       0       0       0       0       0       0       0
      Temps:          0       2       0       0       0       0       0       0       0       0       0       0       0       0       0       0       0       0       0       0       0       0       0       0       0       0       0
      Totals:         0       4       0       0       0       0       0       0       0       0       0       0       0       0       0       0       0       0       0       0       0       0       0       0       0       0       0
Total ram usage:        4 bytes
 Hardware stack levels used:    1
 Hardware stack levels required when called:    3
 This function calls:
		Nothing
 This function is called by:
		_main
		_playGame
 This function uses a non-reentrant model


 *************** function _processButtons *****************
 Defined at:
		line 21 in file "buttons.c"
 Parameters:    Size  Location     Type
  buttons         1    wreg     PTR struct .
		 -> main@buttons(16), processButtons@buttons(1), 
  newButtons      1    4[BANK0 ] unsigned char 
 Auto vars:     Size  Location     Type
  buttons         1    7[BANK0 ] PTR struct .
		 -> main@buttons(16), processButtons@buttons(1), 
  i               1    6[BANK0 ] unsigned char 
 Return value:  Size  Location     Type
		None               void
 Registers used:
		wreg, fsr0l, fsr0h, fsr1l, fsr1h, status,2, status,0
 Tracked objects:
		On entry : 
		On exit  : 
		Unchanged: 
 Data sizes:     COMMON   BANK0   BANK1   BANK2   BANK3   BANK4   BANK5   BANK6   BANK7   BANK8   BANK9  BANK10  BANK11  BANK12  BANK13  BANK14  BANK15  BANK16  BANK17  BANK18  BANK19  BANK20  BANK21  BANK22  BANK23  BANK24  BANK25
      Params:         0       1       0       0       0       0       0       0       0       0       0       0       0       0       0       0       0       0       0       0       0       0       0       0       0       0       0
      Locals:         0       2       0       0       0       0       0       0       0       0       0       0       0       0       0       0       0       0       0       0       0       0       0       0       0       0       0
      Temps:          0       1       0       0       0       0       0       0       0       0       0       0       0       0       0       0       0       0       0       0       0       0       0       0       0       0       0
      Totals:         0       4       0       0       0       0       0       0       0       0       0       0       0       0       0       0       0       0       0       0       0       0       0       0       0       0       0
Total ram usage:        4 bytes
 Hardware stack levels used:    1
 Hardware stack levels required when called:    3
 This function calls:
		Nothing
 This function is called by:
		_main
		_playGame
 This function uses a non-reentrant model


 *************** function _pollButtons *****************
 Defined at:
		line 5 in file "buttons.c"
 Parameters:    Size  Location     Type
		None
 Auto vars:     Size  Location     Type
  buttons         1    3[BANK0 ] unsigned char 
 Return value:  Size  Location     Type
                  1    wreg      unsigned char 
 Registers used:
		wreg, status,2, status,0
 Tracked objects:
		On entry : 
		On exit  : 
		Unchanged: 
 Data sizes:     COMMON   BANK0   BANK1   BANK2   BANK3   BANK4   BANK5   BANK6   BANK7   BANK8   BANK9  BANK10  BANK11  BANK12  BANK13  BANK14  BANK15  BANK16  BANK17  BANK18  BANK19  BANK20  BANK21  BANK22  BANK23  BANK24  BANK25
      Params:         0       0       0       0       0       0       0       0       0       0       0       0       0       0       0       0       0       0       0       0       0       0       0       0       0       0       0
      Locals:         0       1       0       0       0       0       0       0       0       0       0       0       0       0       0       0       0       0       0       0       0       0       0       0       0       0       0
      Temps:          0       3       0       0       0       0       0       0       0       0       0       0       0       0       0       0       0       0       0       0       0       0       0       0       0       0       0
      Totals:         0       4       0       0       0       0       0       0       0       0       0       0       0       0       0       0       0       0       0       0       0       0       0       0       0       0       0
Total ram usage:        4 bytes
 Hardware stack levels used:    1
 Hardware stack levels required when called:    3
 This function calls:
		Nothing
 This function is called by:
		_main
		_playGame
 This function uses a non-reentrant model


 *************** function _playSound *****************
 Defined at:
		line 4 in file "audio.c"
 Parameters:    Size  Location     Type
		None
 Auto vars:     Size  Location     Type
		None
 Return value:  Size  Location     Type
		None               void
 Registers used:
		wreg, status,2, status,0, pclath, cstack
 Tracked objects:
		On entry : 
		On exit  : 
		Unchanged: 
 Data sizes:     COMMON   BANK0   BANK1   BANK2   BANK3   BANK4   BANK5   BANK6   BANK7   BANK8   BANK9  BANK10  BANK11  BANK12  BANK13  BANK14  BANK15  BANK16  BANK17  BANK18  BANK19  BANK20  BANK21  BANK22  BANK23  BANK24  BANK25
      Params:         0       0       0       0       0       0       0       0       0       0       0       0       0       0       0       0       0       0       0       0       0       0       0       0       0       0       0
      Locals:         0       0       0       0       0       0       0       0       0       0       0       0       0       0       0       0       0       0       0       0       0       0       0       0       0       0       0
      Temps:          0       0       0       0       0       0       0       0       0       0       0       0       0       0       0       0       0       0       0       0       0       0       0       0       0       0       0
      Totals:         0       0       0       0       0       0       0       0       0       0       0       0       0       0       0       0       0       0       0       0       0       0       0       0       0       0       0
Total ram usage:        0 bytes
 Hardware stack levels used:    1
 Hardware stack levels required when called:    4
 This function calls:
		_startAudioPWM
 This function is called by:
		_playGame
 This function uses a non-reentrant model


 *************** function _startAudioPWM *****************
 Defined at:
		line 10 in file "audio.c"
 Parameters:    Size  Location     Type
		None
 Auto vars:     Size  Location     Type
		None
 Return value:  Size  Location     Type
		None               void
 Registers used:
		None
 Tracked objects:
		On entry : 
		On exit  : 
		Unchanged: 
 Data sizes:     COMMON   BANK0   BANK1   BANK2   BANK3   BANK4   BANK5   BANK6   BANK7   BANK8   BANK9  BANK10  BANK11  BANK12  BANK13  BANK14  BANK15  BANK16  BANK17  BANK18  BANK19  BANK20  BANK21  BANK22  BANK23  BANK24  BANK25
      Params:         0       0       0       0       0       0       0       0       0       0       0       0       0       0       0       0       0       0       0       0       0       0       0       0       0       0       0
      Locals:         0       0       0       0       0       0       0       0       0       0       0       0       0       0       0       0       0       0       0       0       0       0       0       0       0       0       0
      Temps:          0       0       0       0       0       0       0       0       0       0       0       0       0       0       0       0       0       0       0       0       0       0       0       0       0       0       0
      Totals:         0       0       0       0       0       0       0       0       0       0       0       0       0       0       0       0       0       0       0       0       0       0       0       0       0       0       0
Total ram usage:        0 bytes
 Hardware stack levels used:    1
 Hardware stack levels required when called:    3
 This function calls:
		Nothing
 This function is called by:
		_playSound
 This function uses a non-reentrant model


 *************** function _incDispArr *****************
 Defined at:
		line 189 in file "bbgame.c"
 Parameters:    Size  Location     Type
  dispArr         1    wreg     PTR unsigned char 
		 -> main@countDisp(6), 
  numOfChars      1    0[BANK0 ] unsigned char 
 Auto vars:     Size  Location     Type
  dispArr         1    4[BANK0 ] PTR unsigned char 
		 -> main@countDisp(6), 
  i               1    5[BANK0 ] unsigned char 
  carry           1    3[BANK0 ] unsigned char 
 Return value:  Size  Location     Type
		None               void
 Registers used:
		wreg, fsr1l, fsr1h, status,2, status,0
 Tracked objects:
		On entry : 
		On exit  : 
		Unchanged: 
 Data sizes:     COMMON   BANK0   BANK1   BANK2   BANK3   BANK4   BANK5   BANK6   BANK7   BANK8   BANK9  BANK10  BANK11  BANK12  BANK13  BANK14  BANK15  BANK16  BANK17  BANK18  BANK19  BANK20  BANK21  BANK22  BANK23  BANK24  BANK25
      Params:         0       1       0       0       0       0       0       0       0       0       0       0       0       0       0       0       0       0       0       0       0       0       0       0       0       0       0
      Locals:         0       3       0       0       0       0       0       0       0       0       0       0       0       0       0       0       0       0       0       0       0       0       0       0       0       0       0
      Temps:          0       2       0       0       0       0       0       0       0       0       0       0       0       0       0       0       0       0       0       0       0       0       0       0       0       0       0
      Totals:         0       6       0       0       0       0       0       0       0       0       0       0       0       0       0       0       0       0       0       0       0       0       0       0       0       0       0
Total ram usage:        6 bytes
 Hardware stack levels used:    1
 Hardware stack levels required when called:    3
 This function calls:
		Nothing
 This function is called by:
		_main
		_playGame
 This function uses a non-reentrant model


 *************** function _getDispArr *****************
 Defined at:
		line 137 in file "bbgame.c"
 Parameters:    Size  Location     Type
  dispArr         1    wreg     PTR unsigned char 
		 -> main@countDisp(6), 
  numOfChars      1    6[BANK0 ] unsigned char 
 Auto vars:     Size  Location     Type
  dispArr         1   16[BANK0 ] PTR unsigned char 
		 -> main@countDisp(6), 
  mult            2   13[BANK0 ] unsigned int 
  num             2   11[BANK0 ] unsigned int 
  i               1   15[BANK0 ] unsigned char 
 Return value:  Size  Location     Type
                  2    6[BANK0 ] unsigned int 
 Registers used:
		wreg, fsr1l, fsr1h, status,2, status,0, pclath, cstack
 Tracked objects:
		On entry : 
		On exit  : 
		Unchanged: 
[...]
      Totals:         0       7       0       0       0       0       0       0       0       0       0       0       0       0       0       0       0       0       0       0       0       0       0       0       0       0       0
Total ram usage:        7 bytes
 Hardware stack levels used:    1
 Hardware stack levels required when called:    3
 This function calls:
		Nothing
 This function is called by:
		_main
		_playGame
 This function uses a non-reentrant model


 *************** function _clearDispArr *****************
 Defined at:
		line 150 in file "bbgame.c"
 Parameters:    Size  Location     Type
  dispArr         1    wreg     PTR unsigned char 
		 -> main@countDisp(6), 
  numOfChars      1    0[BANK0 ] unsigned char 
 Auto vars:     Size  Location     Type
  dispArr         1    3[BANK0 ] PTR unsigned char 
		 -> main@countDisp(6), 
  i               1    4[BANK0 ] unsigned char 
 Return value:  Size  Location     Type
		None               void
 Registers used:
		wreg, fsr1l, fsr1h, status,2, status,0
 Tracked objects:
		On entry : 
		On exit  : 
		Unchanged: 
 Data sizes:     COMMON   BANK0   BANK1   BANK2   BANK3   BANK4   BANK5   BANK6   BANK7   BANK8   BANK9  BANK10  BANK11  BANK12  BANK13  BANK14  BANK15  BANK16  BANK17  BANK18  BANK19  BANK20  BANK21  BANK22  BANK23  BANK24  BANK25
      Params:         0       1       0       0       0       0       0       0       0       0       0       0       0       0       0       0       0       0       0       0       0       0       0       0       0       0       0
      Locals:         0       2       0       0       0       0       0       0       0       0       0       0       0       0       0       0       0       0       0       0       0       0       0       0       0       0       0
      Temps:          0       2       0       0       0       0       0       0       0       0       0       0       0       0       0       0       0       0       0       0       0       0       0       0       0       0       0
      Totals:         0       5       0       0       0       0       0       0       0       0       0       0       0       0       0       0       0       0       0       0       0       0       0       0       0       0       0
Total ram usage:        5 bytes
 Hardware stack levels used:    1
 Hardware stack levels required when called:    3
 This function calls:
		Nothing
 This function is called by:
		_playGame
 This function uses a non-reentrant model


 *************** function _buttonPress *****************
 Defined at:
		line 41 in file "buttons.c"
 Parameters:    Size  Location     Type
  buttons         1    wreg     PTR struct .
		 -> main@buttons(16), 
  buttonNumber    1    0[BANK0 ] unsigned char 
 Auto vars:     Size  Location     Type
  buttons         1    3[BANK0 ] PTR struct .
		 -> main@buttons(16), 
  buttonIndex     1    2[BANK0 ] unsigned char 
 Return value:  Size  Location     Type
                  1    wreg      unsigned char 
 Registers used:
		wreg, fsr1l, fsr1h, status,2, status,0
 Tracked objects:
		On entry : 
		On exit  : 
		Unchanged: 
 Data sizes:     COMMON   BANK0   BANK1   BANK2   BANK3   BANK4   BANK5   BANK6   BANK7   BANK8   BANK9  BANK10  BANK11  BANK12  BANK13  BANK14  BANK15  BANK16  BANK17  BANK18  BANK19  BANK20  BANK21  BANK22  BANK23  BANK24  BANK25
      Params:         0       1       0       0       0       0       0       0       0       0       0       0       0       0       0       0       0       0       0       0       0       0       0       0       0       0       0
      Locals:         0       2       0       0       0       0       0       0       0       0       0       0       0       0       0       0       0       0       0       0       0       0       0       0       0       0       0
      Temps:          0       1       0       0       0       0       0       0       0       0       0       0       0       0       0       0       0       0       0       0       0       0       0       0       0       0       0
      Totals:         0       4       0       0       0       0       0       0       0       0       0       0       0       0       0       0       0       0       0       0       0       0       0       0       0       0       0
Total ram usage:        4 bytes
 Hardware stack levels used:    1
 Hardware stack levels required when called:    3
 This function calls:
		Nothing
 This function is called by:
		_main
		_playGame
 This function uses a non-reentrant model


 *************** function _buttonHeldDefault *****************
 Defined at:
		line 71 in file "buttons.c"
 Parameters:    Size  Location     Type
  buttons         1    wreg     PTR struct .
		 -> main@buttons(16), 
  buttonNumber    1   16[BANK0 ] unsigned char 
 Auto vars:     Size  Location     Type
  buttons         1   18[BANK0 ] PTR struct .
		 -> main@buttons(16), 
 Return value:  Size  Location     Type
                  1    wreg      unsigned char 
 Registers used:
		wreg, fsr1l, fsr1h, status,2, status,0, pclath, cstack
 Tracked objects:
		On entry : 
		On exit  : 
		Unchanged: 
 Data sizes:     COMMON   BANK0   BANK1   BANK2   BANK3   BANK4   BANK5   BANK6   BANK7   BANK8   BANK9  BANK10  BANK11  BANK12  BANK13  BANK14  BANK15  BANK16  BANK17  BANK18  BANK19  BANK20  BANK21  BANK22  BANK23  BANK24  BANK25
      Params:         0       1       0       0       0       0       0       0       0       0       0       0       0       0       0       0       0       0       0       0       0       0       0       0       0       0       0
      Locals:         0       1       0       0       0       0       0       0       0       0       0       0       0       0       0       0       0       0       0       0       0       0       0       0       0       0       0
      Temps:          0       1       0       0       0       0       0       0       0       0       0       0       0       0       0       0       0       0       0       0       0       0       0       0       0       0       0
      Totals:         0       3       0       0       0       0       0       0       0       0       0       0       0       0       0       0       0       0       0       0       0       0       0       0       0       0       0
Total ram usage:        3 bytes
 Hardware stack levels used:    1
 Hardware stack levels required when called:    5
 This function calls:
		_buttonHeld
 This function is called by:
		_main
 This function uses a non-reentrant model


 *************** function _buttonHeld *****************
 Defined at:
		line 57 in file "buttons.c"
 Parameters:    Size  Location     Type
  buttons         1    wreg     PTR struct .
		 -> main@buttons(16), buttonHeld@buttons(1), 
  buttonNumber    1    6[BANK0 ] unsigned char 
  firstDelay      2    7[BANK0 ] unsigned int 
  holdoff         2    9[BANK0 ] unsigned int 
 Auto vars:     Size  Location     Type
  buttons         1   15[BANK0 ] PTR struct .
		 -> main@buttons(16), buttonHeld@buttons(1), 
  buttonIndex     1   14[BANK0 ] unsigned char 
 Return value:  Size  Location     Type
                  1    wreg      unsigned char 
 Registers used:
		wreg, fsr1l, fsr1h, status,2, status,0, pclath, cstack
 Tracked objects:
		On entry : 
		On exit  : 
		Unchanged: 
 Data sizes:     COMMON   BANK0   BANK1   BANK2   BANK3   BANK4   BANK5   BANK6   BANK7   BANK8   BANK9  BANK10  BANK11  BANK12  BANK13  BANK14  BANK15  BANK16  BANK17  BANK18  BANK19  BANK20  BANK21  BANK22  BANK23  BANK24  BANK25
      Params:         0       5       0       0       0       0       0       0       0       0       0       0       0       0       0       0       0       0       0       0       0       0       0       0       0       0       0
      Locals:         0       2       0       0       0       0       0       0       0       0       0       0       0       0       0       0       0       0       0       0       0       0       0       0       0       0       0
      Temps:          0       3       0       0       0       0       0       0       0       0       0       0       0       0       0       0       0       0       0       0       0       0       0       0       0       0       0
      Totals:         0      10       0       0       0       0       0       0       0       0       0       0       0       0       0       0       0       0       0       0       0       0       0       0       0       0       0
Total ram usage:       10 bytes
 Hardware stack levels used:    1
 Hardware stack levels required when called:    4
 This function calls:
		___lwmod
 This function is called by:
		_buttonHeldDefault
 This function uses a non-reentrant model


 *************** function ___lwmod *****************
 Defined at:
		line 6 in file "C:\Program Files (x86)\Microchip\xc8\v1.33\sources\common\lwmod.c"
 Parameters:    Size  Location     Type
  divisor         2    0[BANK0 ] unsigned int 
  dividend        2    2[BANK0 ] unsigned int 
 Auto vars:     Size  Location     Type
  counter         1    5[BANK0 ] unsigned char 
 Return value:  Size  Location     Type
                  2    0[BANK0 ] unsigned int 
 Registers used:
		wreg, status,2, status,0
 Tracked objects:
		On entry : 
		On exit  : 
		Unchanged: 
 Data sizes:     COMMON   BANK0   BANK1   BANK2   BANK3   BANK4   BANK5   BANK6   BANK7   BANK8   BANK9  BANK10  BANK11  BANK12  BANK13  BANK14  BANK15  BANK16  BANK17  BANK18  BANK19  BANK20  BANK21  BANK22  BANK23  BANK24  BANK25
      Params:         0       4       0       0       0       0       0       0       0       0       0       0       0       0       0       0       0       0       0       0       0       0       0       0       0       0       0
      Locals:         0       1       0       0       0       0       0       0       0       0       0       0       0       0       0       0       0       0       0       0       0       0       0       0       0       0       0
      Temps:          0       1       0       0       0       0       0       0       0       0       0       0       0       0       0       0       0       0       0       0       0       0       0       0       0       0       0
      Totals:         0       6       0       0       0       0       0       0       0       0       0       0       0       0       0       0       0       0       0       0       0       0       0       0       0       0       0
Total ram usage:        6 bytes
 Hardware stack levels used:    1
 Hardware stack levels required when called:    3
 This function calls:
		Nothing
 This function is called by:
		_buttonHeld
		_setDispArr
 This function uses a non-reentrant model


 *************** function _isr *****************
 Defined at:
		line 303 in file "bbgame.c"
 Parameters:    Size  Location     Type
		None
 Auto vars:     Size  Location     Type
		None
 Return value:  Size  Location     Type
		None               void
 Registers used:
		wreg, fsr0l, fsr0h, fsr1l, fsr1h, status,2, status,0, pclath, cstack
 Tracked objects:
		On entry : 
		On exit  : 
		Unchanged: 
 Data sizes:     COMMON   BANK0   BANK1   BANK2   BANK3   BANK4   BANK5   BANK6   BANK7   BANK8   BANK9  BANK10  BANK11  BANK12  BANK13  BANK14  BANK15  BANK16  BANK17  BANK18  BANK19  BANK20  BANK21  BANK22  BANK23  BANK24  BANK25
      Params:         0       0       0       0       0       0       0       0       0       0       0       0       0       0       0       0       0       0       0       0       0       0       0       0       0       0       0
      Locals:         0       0       0       0       0       0       0       0       0       0       0       0       0       0       0       0       0       0       0       0       0       0       0       0       0       0       0
      Temps:          2       0       0       0       0       0       0       0       0       0       0       0       0       0       0       0       0       0       0       0       0       0       0       0       0       0       0
      Totals:         2       0       0       0       0       0       0       0       0       0       0       0       0       0       0       0       0       0       0       0       0       0       0       0       0       0       0
Total ram usage:        2 bytes
 Hardware stack levels used:    1
 Hardware stack levels required when called:    2
 This function calls:
		_SSDispCallback
		_stopAudioPWM
 This function is called by:
		Interrupt level 1
 This function uses a non-reentrant model


 *************** function _stopAudioPWM *****************
 Defined at:
		line 17 in file "audio.c"
 Parameters:    Size  Location     Type
		None
 Auto vars:     Size  Location     Type
		None
 Return value:  Size  Location     Type
		None               void
 Registers used:
		status,2
 Tracked objects:
		On entry : 
		On exit  : 
		Unchanged: 
 Data sizes:     COMMON   BANK0   BANK1   BANK2   BANK3   BANK4   BANK5   BANK6   BANK7   BANK8   BANK9  BANK10  BANK11  BANK12  BANK13  BANK14  BANK15  BANK16  BANK17  BANK18  BANK19  BANK20  BANK21  BANK22  BANK23  BANK24  BANK25
      Params:         0       0       0       0       0       0       0       0       0       0       0       0       0       0       0       0       0       0       0       0       0       0       0       0       0       0       0
      Locals:         0       0       0       0       0       0       0       0       0       0       0       0       0       0       0       0       0       0       0       0       0       0       0       0       0       0       0
      Temps:          0       0       0       0       0       0       0       0       0       0       0       0       0       0       0       0       0       0       0       0       0       0       0       0       0       0       0
      Totals:         0       0       0       0       0       0       0       0       0       0       0       0       0       0       0       0       0       0       0       0       0       0       0       0       0       0       0
Total ram usage:        0 bytes
 Hardware stack levels used:    1
 This function calls:
		Nothing
 This function is called by:
		_isr
 This function uses a non-reentrant model


 *************** function _SSDispCallback *****************
 Defined at:
		line 26 in file "sevensegdisplay.c"
 Parameters:    Size  Location     Type
		None
 Auto vars:     Size  Location     Type
		None
 Return value:  Size  Location     Type
		None               void
 Registers used:
		wreg, fsr0l, fsr0h, fsr1l, fsr1h, status,2, status,0, pclath, cstack
 Tracked objects:
		On entry : 
		On exit  : 
		Unchanged: 
 Data sizes:     COMMON   BANK0   BANK1   BANK2   BANK3   BANK4   BANK5   BANK6   BANK7   BANK8   BANK9  BANK10  BANK11  BANK12  BANK13  BANK14  BANK15  BANK16  BANK17  BANK18  BANK19  BANK20  BANK21  BANK22  BANK23  BANK24  BANK25
      Params:         0       0       0       0       0       0       0       0       0       0       0       0       0       0       0       0       0       0       0       0       0       0       0       0       0       0       0
      Locals:         0       0       0       0       0       0       0       0       0       0       0       0       0       0       0       0       0       0       0       0       0       0       0       0       0       0       0
      Temps:          1       0       0       0       0       0       0       0       0       0       0       0       0       0       0       0       0       0       0       0       0       0       0       0       0       0       0
      Totals:         1       0       0       0       0       0       0       0       0       0       0       0       0       0       0       0       0       0       0       0       0       0       0       0       0       0       0
Total ram usage:        1 bytes
 Hardware stack levels used:    1
 Hardware stack levels required when called:    1
 This function calls:
		_SSDispDigitSelector
 This function is called by:
		_isr
 This function uses a non-reentrant model


 *************** function _SSDispDigitSelector *****************
 Defined at:
		line 45 in file "sevensegdisplay.c"
 Parameters:    Size  Location     Type
  digitSelecti    1    wreg     unsigned char 
  onoff           1    0[COMMON] unsigned char 
 Auto vars:     Size  Location     Type
  digitSelecti    1    2[COMMON] unsigned char 
 Return value:  Size  Location     Type
		None               void
 Registers used:
		wreg, fsr0l, fsr0h, status,2, status,0
 Tracked objects:
		On entry : 
		On exit  : 
		Unchanged: 
 Data sizes:     COMMON   BANK0   BANK1   BANK2   BANK3   BANK4   BANK5   BANK6   BANK7   BANK8   BANK9  BANK10  BANK11  BANK12  BANK13  BANK14  BANK15  BANK16  BANK17  BANK18  BANK19  BANK20  BANK21  BANK22  BANK23  BANK24  BANK25
      Params:         1       0       0       0       0       0       0       0       0       0       0       0       0       0       0       0       0       0       0       0       0       0       0       0       0       0       0
      Locals:         1       0       0       0       0       0       0       0       0       0       0       0       0       0       0       0       0       0       0       0       0       0       0       0       0       0       0
      Temps:          1       0       0       0       0       0       0       0       0       0       0       0       0       0       0       0       0       0       0       0       0       0       0       0       0       0       0
      Totals:         3       0       0       0       0       0       0       0       0       0       0       0       0       0       0       0       0       0       0       0       0       0       0       0       0       0       0
Total ram usage:        3 bytes
 Hardware stack levels used:    1
 This function calls:
		Nothing
 This function is called by:
		_SSDispCallback
 This function uses a non-reentrant model



MODULE INFORMATION

Module		Function		Class		Link	Load	Size
sevensegdisplay.c
		_setDispValues 		CODE           	140F	0000	34
		_SSDispCallback		CODE           	13F0	0000	31
		_SSDispDigitSel		CODE           	151C	0000	69
		_initSSDisp    		CODE           	13D2	0000	30

sevensegdisplay.c estimated size: 164

C:\Program Files (x86)\Microchip\xc8\v1.33\sources\common\lwmod.c
		___lwmod       		CODE           	147E	0000	47

C:\Program Files (x86)\Microchip\xc8\v1.33\sources\common\lwmod.c estimated size: 47

C:\Program Files (x86)\Microchip\xc8\v1.33\sources\common\Umul16.c
		___wmul        		CODE           	13B4	0000	30

C:\Program Files (x86)\Microchip\xc8\v1.33\sources\common\Umul16.c estimated size: 30

buttons.c
		_pollButtons   		CODE           	14DF	0000	61
		_buttonHeld    		CODE           	1561	0000	70
		_processButtons		CODE           	0082	0000	98
		_buttonHeldDefa		CODE           	13A2	0000	18
		_buttonPress   		CODE           	1456	0000	40

buttons.c estimated size: 287

shared
		_raw_audio     		STRCODE        	010B	0000	4087
		_DISP_VALS     		STRCODE        	0100	0000	11
		__initializatio		CODE           	004C	0000	50

shared estimated size: 4148

audio.c
		_playSound     		CODE           	132A	0000	7
		_stopAudioPWM  		CODE           	1331	0000	10
		_startAudioPWM 		CODE           	00FB	0000	5

audio.c estimated size: 22

bbgame.c
		_decDispArr    		CODE           	15F0	0000	77
		_startTimedCoun		CODE           	1345	0000	12
		_timer6Setup   		CODE           	1384	0000	14
		_main          		CODE           	163D	0000	140
		_incDispArr    		CODE           	14AD	0000	50
		_pwmSetup      		CODE           	1392	0000	16
		_clearDispArr  		CODE           	00E4	0000	23
		_isr           		CODE           	0004	0000	70
		_timer4Setup   		CODE           	1376	0000	14
		_playGame      		CODE           	16C9	0000	311
		_setup         		CODE           	1431	0000	37
		_getDispArr    		CODE           	15A7	0000	73
		_timer2Setup   		CODE           	1369	0000	13
		_stopTimedCount		CODE           	1324	0000	3

bbgame.c estimated size: 853

