Microchip MPLAB XC8 Compiler V1.33 ()

Linker command line:

--edf=C:\Program Files (x86)\Microchip\xc8\v1.33\dat\en_msgs.txt -cs \
  -h+dist/default/debug\bbgame.X.debug.sym \
  --cmf=dist/default/debug\bbgame.X.debug.cmf -z -Q16F1719 \
  -oC:\Users\erik\AppData\Local\Temp\s49k.6 \
  -Mdist/default/debug/bbgame.X.debug.map -E1 -ver=XC8 \
  -ASTACK=02320h-027efh -pstack=STACK -ACONST=00h-0FFhx64 \
  -ACODE=00h-07FFhx8 -ASTRCODE=00h-03FFFh -AENTRY=00h-0FFhx64 \
  -ASTRING=00h-0FFhx64 -ACOMMON=070h-07Fh -ABANK0=020h-06Fh \
  -ABANK1=0A0h-0EFh -ABANK2=0120h-016Fh -ABANK3=01A0h-01EFh \
  -ABANK4=0220h-026Fh -ABANK5=02A0h-02EFh -ABANK6=0320h-036Fh \
  -ABANK7=03A0h-03EFh -ABANK8=0420h-046Fh -ABANK9=04A0h-04EFh \
  -ABANK10=0520h-056Fh -ABANK11=05A0h-05EFh -ABANK12=0620h-066Fh \
  -ABANK13=06A0h-06EFh -ABANK14=0720h-076Fh -ABANK15=07A0h-07EFh \
  -ABANK16=0820h-086Fh -ABANK17=08A0h-08EFh -ABANK18=0920h-096Fh \
  -ABANK19=09A0h-09EFh -ABANK20=0A20h-0A6Fh -ABANK21=0AA0h-0AEFh \
  -ABANK22=0B20h-0B6Fh -ABANK23=0BA0h-0BEFh -ABANK24=0C20h-0C6Fh \
  -ABANK25=0CA0h-0CBFh -ABIGRAM=02000h-027EFh \
  -ARAM=020h-06Fh,0A0h-0EFh,0120h-016Fh,01A0h-01EFh,0220h-026Fh,02A0h-02EFh,0320h-036Fh,03A0h-03EFh,0420h-046Fh,04A0h-04EFh,0520h-056Fh,05A0h-05EFh,0620h-066Fh,06A0h-06EFh,0720h-076Fh,07A0h-07EFh,0820h-086Fh,08A0h-08EFh,0920h-096Fh,09A0h-09EFh,0A20h-0A6Fh,0AA0h-0AEFh,0B20h-0B6Fh,0BA0h-0BEFh,0C20h-0C6Fh,0CA0h-0CBFh \
  -AABS1=020h-07Fh,0A0h-0EFh,0120h-016Fh,01A0h-01EFh,0220h-026Fh,02A0h-02EFh,0320h-036Fh,03A0h-03EFh,0420h-046Fh,04A0h-04EFh,0520h-056Fh,05A0h-05EFh,0620h-066Fh,06A0h-06EFh,0720h-076Fh,07A0h-07EFh,0820h-086Fh,08A0h-08EFh,0920h-096Fh,09A0h-09EFh,0A20h-0A6Fh,0AA0h-0AEFh,0B20h-0B6Fh,0BA0h-0BEFh,0C20h-0C6Fh,0CA0h-0CBFh \
  -ASFR0=00h-01Fh -ASFR1=080h-09Fh -ASFR2=0100h-011Fh -ASFR3=0180h-019Fh \
  -ASFR4=0200h-021Fh -ASFR5=0280h-029Fh -ASFR6=0300h-031Fh \
  -ASFR7=0380h-039Fh -ASFR8=0400h-041Fh -ASFR9=0480h-049Fh \
  -ASFR10=0500h-051Fh -ASFR11=0580h-059Fh -ASFR12=0600h-061Fh \
  -ASFR13=0680h-069Fh -ASFR14=0700h-071Fh -ASFR15=0780h-079Fh \
  -ASFR16=0800h-081Fh -ASFR17=0880h-089Fh -ASFR18=0900h-091Fh \
  -ASFR19=0980h-099Fh -ASFR20=0A00h-0A1Fh -ASFR21=0A80h-0A9Fh \
  -ASFR22=0B00h-0B1Fh -ASFR23=0B80h-0B9Fh -ASFR24=0C00h-0C1Fh \
  -ASFR25=0C80h-0C9Fh -ASFR26=0D00h-0D6Fh -ASFR27=0D80h-0DEFh \
  -ASFR28=0E00h-0E6Fh -ASFR29=0E80h-0EEFh -ASFR30=0F00h-0F6Fh \
  -ASFR31=0F80h-0FEFh -preset_vec=00h,intentry=04h,init,end_init \
  -ppowerup=CODE -pcinit=CODE -pfunctab=CODE -ACONFIG=08007h-08008h \
  -pconfig=CONFIG -DCONFIG=2 -AIDLOC=08000h-08003h -pidloc=IDLOC -DIDLOC=2 \
  -DCODE=2 -DSTRCODE=2 -DSTRING=2 -DCONST=2 -DENTRY=2 -k \
  C:\Users\erik\AppData\Local\Temp\s49k.obj \
  dist/default/debug\bbgame.X.debug.obj 

Object code version is 3.11

Machine type is 16F1719



                Name                               Link     Load   Length Selector   Space Scale
C:\Users\erik\AppData\Local\Temp\s49k.obj
                end_init                             4A       4A        2        8       0
                reset_vec                             0        0        2        0       0
                config                             8007     8007        2    1000E       0
dist/default/debug\bbgame.X.debug.obj
                cinit                                4C       4C       26        8       0
                intentry                              4        4       46        8       0
                text24                             1549     1549       45     2A92       0
                text23                             141D     141D       1F     283A       0
                text21                             14AB     14AB       2F     2956       0
                text20                             158E     158E       46     2B1C       0
                text19                             13A1     13A1       12     2742       0
                text18                             1483     1483       28     2906       0
                text17                             13B3     13B3       17     2766       0
                text16                             161D     161D       4D     2C3A       0
                text15                             13E1     13E1       1E     27C2       0
                text14                             15D4     15D4       49     2BA8       0
                text13                             14DA     14DA       32     29B4       0
                text12                             150C     150C       3D     2A18       0
                text11                             166A     166A       62     2CD4       0
                text10                             143C     143C       22     2878       0
                text9                              136C     136C        C     26D8       0
                text8                              1350     1350        3     26A0       0
                text7                              16CC     16CC      134     2D98       0
                text6                              13FF     13FF       1E     27FE       0
                text5                              13CA     13CA       17     2794       0
                text4                              1378     1378        D     26F0       0
                text3                              1385     1385        E     270A       0
                text2                              1393     1393        E     2726       0
                text1                              145E     145E       25     28BC       0
                maintext                             72       72       8C        8       0
                cstackBANK0                          20       20       33       20       1
                cstackCOMMON                         70       70        6       70       1
                inittext                           1356     1356        6     26AC       0
                clrtext                            135C     135C        6     26B8       0
                dataBANK0                            60       60        A       20       1
                bssBANK0                             53       53        D       20       1
                dataCOMMON                           79       79        3       70       1
                bssCOMMON                            76       76        3       70       1
                stringtext                          100      100     1002        2       0
                idataBANK0                         1362     1362        A     26C4       0
                idataCOMMON                        1353     1353        3     26A6       0

TOTAL           Name                               Link     Load   Length     Space
        CLASS   STACK          

        CLASS   CONST          

        CLASS   CODE           
                end_init                             4A       4A        2         0
                cinit                                4C       4C       26         0
                intentry                              4        4       46         0
                reset_vec                             0        0        2         0
                text24                             1549     1549       45         0
                text23                             141D     141D       1F         0
                text21                             14AB     14AB       2F         0
                text20                             158E     158E       46         0
                text19                             13A1     13A1       12         0
                text18                             1483     1483       28         0
                text17                             13B3     13B3       17         0
                text16                             161D     161D       4D         0
                text15                             13E1     13E1       1E         0
                text14                             15D4     15D4       49         0
                text13                             14DA     14DA       32         0
                text12                             150C     150C       3D         0
                text11                             166A     166A       62         0
                text10                             143C     143C       22         0
                text9                              136C     136C        C         0
                text8                              1350     1350        3         0
                text7                              16CC     16CC      134         0
                text6                              13FF     13FF       1E         0
                text5                              13CA     13CA       17         0
                text4                              1378     1378        D         0
                text3                              1385     1385        E         0
                text2                              1393     1393        E         0
                text1                              145E     145E       25         0
                maintext                             72       72       8C         0
                inittext                           1356     1356        6         0
                clrtext                            135C     135C        6         0
                idataBANK0                         1362     1362        A         0
                idataCOMMON                        1353     1353        3         0

        CLASS   STRCODE        
                stringtext                          100      100     1002         0

        CLASS   ENTRY          

        CLASS   STRING         

        CLASS   COMMON         
                cstackCOMMON                         70       70        6         1
                dataCOMMON                           79       79        3         1
                bssCOMMON                            76       76        3         1

        CLASS   BANK0          
                cstackBANK0                          20       20       33         1
                dataBANK0                            60       60        A         1
                bssBANK0                             53       53        D         1

        CLASS   BANK1          

        CLASS   BANK2          

        CLASS   BANK3          

        CLASS   BANK4          

        CLASS   BANK5          

        CLASS   BANK6          

        CLASS   BANK7          

        CLASS   BANK8          

        CLASS   BANK9          

        CLASS   BANK10         

        CLASS   BANK11         

        CLASS   BANK12         

        CLASS   BANK13         

        CLASS   BANK14         

        CLASS   BANK15         

        CLASS   BANK16         

        CLASS   BANK17         

        CLASS   BANK18         

        CLASS   BANK19         

        CLASS   BANK20         

        CLASS   BANK21         

        CLASS   BANK22         

        CLASS   BANK23         

        CLASS   BANK24         

        CLASS   BANK25         

        CLASS   BIGRAM         

        CLASS   RAM            

        CLASS   ABS1           
                abs_s1                               7E       7E        2         1

        CLASS   SFR0           

        CLASS   SFR1           

        CLASS   SFR2           

        CLASS   SFR3           

        CLASS   SFR4           

        CLASS   SFR5           

        CLASS   SFR6           

        CLASS   SFR7           

        CLASS   SFR8           

        CLASS   SFR9           

        CLASS   SFR10          

        CLASS   SFR11          

        CLASS   SFR12          

        CLASS   SFR13          

        CLASS   SFR14          

        CLASS   SFR15          

        CLASS   SFR16          

        CLASS   SFR17          

        CLASS   SFR18          

        CLASS   SFR19          

        CLASS   SFR20          

        CLASS   SFR21          

        CLASS   SFR22          

        CLASS   SFR23          

        CLASS   SFR24          

        CLASS   SFR25          

        CLASS   SFR26          

        CLASS   SFR27          

        CLASS   SFR28          

        CLASS   SFR29          

        CLASS   SFR30          

        CLASS   SFR31          

        CLASS   CONFIG         
                config                             8007     8007        2         0

        CLASS   IDLOC          

        CLASS   BANK31         

        CLASS   BANK30         

        CLASS   BANK29         

        CLASS   BANK28         

        CLASS   BANK27         

        CLASS   BANK26         

        CLASS   EEDATA         



SEGMENTS        Name                           Load    Length   Top    Selector   Space  Class     Delta

                reset_vec                      000000  000002  000002         0       0  CODE        2
                intentry                       000004  0000FA  0000FE         8       0  CODE        2
                cstackBANK0                    000020  00004A  00006A        20       1  BANK0       1
                cstackCOMMON                   000070  00000C  00007C        70       1  COMMON      1
                stringtext                     000100  001002  001102         2       0  STRCODE     2
                text8                          001350  000003  001353      26A0       0  CODE        2
                idataCOMMON                    001353  000003  001356      26A6       0  CODE        2
                inittext                       001356  000006  00135C      26AC       0  CODE        2
                clrtext                        00135C  000006  001362      26B8       0  CODE        2
                idataBANK0                     001362  00000A  00136C      26C4       0  CODE        2
                text9                          00136C  00000C  001378      26D8       0  CODE        2
                text4                          001378  00000D  001385      26F0       0  CODE        2
                text3                          001385  00000E  001393      270A       0  CODE        2
                text2                          001393  00000E  0013A1      2726       0  CODE        2
                text19                         0013A1  000012  0013B3      2742       0  CODE        2
                text17                         0013B3  000017  0013CA      2766       0  CODE        2
                text5                          0013CA  000017  0013E1      2794       0  CODE        2
                text15                         0013E1  00001E  0013FF      27C2       0  CODE        2
                text6                          0013FF  00001E  00141D      27FE       0  CODE        2
                text23                         00141D  00001F  00143C      283A       0  CODE        2
                text10                         00143C  000022  00145E      2878       0  CODE        2
                text1                          00145E  000025  001483      28BC       0  CODE        2
                text18                         001483  000028  0014AB      2906       0  CODE        2
                text21                         0014AB  00002F  0014DA      2956       0  CODE        2
                text13                         0014DA  000032  00150C      29B4       0  CODE        2
                text12                         00150C  00003D  001549      2A18       0  CODE        2
                text24                         001549  000045  00158E      2A92       0  CODE        2
                text20                         00158E  000046  0015D4      2B1C       0  CODE        2
                text14                         0015D4  000049  00161D      2BA8       0  CODE        2
                text16                         00161D  00004D  00166A      2C3A       0  CODE        2
                text11                         00166A  000062  0016CC      2CD4       0  CODE        2
                text7                          0016CC  000134  001800      2D98       0  CODE        2
                config                         008007  000002  008009     1000E       0  CONFIG      2


UNUSED ADDRESS RANGES

        Name                Unused          Largest block    Delta
        BANK0            0006A-0006F               6           1
        BANK1            000A0-000EF              50           1
        BANK10           00520-0056F              50           1
        BANK11           005A0-005EF              50           1
        BANK12           00620-0066F              50           1
        BANK13           006A0-006EF              50           1
        BANK14           00720-0076F              50           1
        BANK15           007A0-007EF              50           1
        BANK16           00820-0086F              50           1
        BANK17           008A0-008EF              50           1
        BANK18           00920-0096F              50           1
        BANK19           009A0-009EF              50           1
        BANK2            00120-0016F              50           1
        BANK20           00A20-00A6F              50           1
        BANK21           00AA0-00AEF              50           1
        BANK22           00B20-00B6F              50           1
        BANK23           00BA0-00BEF              50           1
        BANK24           00C20-00C6F              50           1
        BANK25           00CA0-00CBF              20           1
        BANK3            001A0-001EF              50           1
        BANK4            00220-0026F              50           1
        BANK5            002A0-002EF              50           1
        BANK6            00320-0036F              50           1
        BANK7            003A0-003EF              50           1
        BANK8            00420-0046F              50           1
        BANK9            004A0-004EF              50           1
        BIGRAM           02000-027EF             7F0           1
        CODE             00002-00003               2           2
                         000FE-000FF               2
                         01102-0134F             24E
                         01800-03FFF             800
        COMMON           0007C-0007D               2           1
        CONST            00002-00003               2           2
                         000FE-000FF               2
                         01102-0134F             100
                         01800-03FFF             100
        ENTRY            00002-00003               2           2
                         000FE-000FF               2
                         01102-0134F             100
                         01800-03FFF             100
        IDLOC            08000-08003               4           2
        RAM              0006A-0006F               6           1
                         000A0-000EF              50
                         00120-0016F              50
                         001A0-001EF              50
                         00220-0026F              50
                         002A0-002EF              50
                         00320-0036F              50
                         003A0-003EF              50
                         00420-0046F              50
                         004A0-004EF              50
                         00520-0056F              50
                         005A0-005EF              50
                         00620-0066F              50
                         006A0-006EF              50
                         00720-0076F              50
                         007A0-007EF              50
                         00820-0086F              50
                         008A0-008EF              50
                         00920-0096F              50
                         009A0-009EF              50
                         00A20-00A6F              50
                         00AA0-00AEF              50
                         00B20-00B6F              50
                         00BA0-00BEF              50
                         00C20-00C6F              50
                         00CA0-00CBF              20
        SFR0             00000-0001F              20           1
        SFR1             00080-0009F              20           1
        SFR10            00500-0051F              20           1
        SFR11            00580-0059F              20           1
        SFR12            00600-0061F              20           1
        SFR13            00680-0069F              20           1
        SFR14            00700-0071F              20           1
        SFR15            00780-0079F              20           1
        SFR16            00800-0081F              20           1
        SFR17            00880-0089F              20           1
        SFR18            00900-0091F              20           1
        SFR19            00980-0099F              20           1
        SFR2             00100-0011F              20           1
        SFR20            00A00-00A1F              20           1
        SFR21            00A80-00A9F              20           1
        SFR22            00B00-00B1F              20           1
        SFR23            00B80-00B9F              20           1
        SFR24            00C00-00C1F              20           1
        SFR25            00C80-00C9F              20           1
        SFR26            00D00-00D6F              70           1
        SFR27            00D80-00DEF              70           1
        SFR28            00E00-00E6F              70           1
        SFR29            00E80-00EEF              70           1
        SFR3             00180-0019F              20           1
        SFR30            00F00-00F6F              70           1
        SFR31            00F80-00FEF              70           1
        SFR4             00200-0021F              20           1
        SFR5             00280-0029F              20           1
        SFR6             00300-0031F              20           1
        SFR7             00380-0039F              20           1
        SFR8             00400-0041F              20           1
        SFR9             00480-0049F              20           1
        STACK            02320-027EF             4D0           1
        STRCODE          00002-00003               2           2
                         000FE-000FF               2
                         01102-0134F             24E
                         01800-03FFF            2800
        STRING           00002-00003               2           2
                         000FE-000FF               2
                         01102-0134F             100
                         01800-03FFF             100

                                  Symbol Table

?___lwmod                          cstackBANK0  00020
?___wmul                           cstackBANK0  00020
?_getDispArr                       cstackBANK0  00026
SSDispDigitSelector@digitSelection cstackCOMMON 00072
SSDispDigitSelector@onoff          cstackCOMMON 00070
_ANSELA                            (abs)        0018C
_ANSELB                            (abs)        0018D
_ANSELC                            (abs)        0018E
_ANSELEbits                        (abs)        00190
_CCPTMRSbits                       (abs)        0029E
_DISP_VALS                         stringtext   00100
_INTCONbits                        (abs)        0000B
_LATBbits                          (abs)        0010D
_LATCbits                          (abs)        0010E
_OSCCONbits                        (abs)        00099
_PIE1bits                          (abs)        00091
_PIE2bits                          (abs)        00092
_PIR1bits                          (abs)        00011
_PIR2bits                          (abs)        00012
_PORTCbits                         (abs)        0000E
_PORTD                             (abs)        0000F
_PR2                               (abs)        0001B
_PR4                               (abs)        00416
_PR6                               (abs)        0041D
_PWM3CONbits                       (abs)        00619
_PWM3DCH                           (abs)        00618
_RE2PPS                            (abs)        00EB2
_SSDispCallback                    text23       0141D
_SSDispDigitSelector               text24       01549
_T2CONbits                         (abs)        0001C
_T4CONbits                         (abs)        00417
_T6CONbits                         (abs)        0041E
_TMR2                              (abs)        0001A
_TMR4                              (abs)        00415
_TRISB                             (abs)        0008D
_TRISC                             (abs)        0008E
_TRISD                             (abs)        0008F
_TRISEbits                         (abs)        00090
__CFG_BOREN$ON                     (abs)        00000
__CFG_BORV$LO                      (abs)        00000
__CFG_CLKOUTEN$OFF                 (abs)        00000
__CFG_CP$OFF                       (abs)        00000
__CFG_FCMEN$ON                     (abs)        00000
__CFG_FOSC$INTOSC                  (abs)        00000
__CFG_IESO$OFF                     (abs)        00000
__CFG_LPBOR$OFF                    (abs)        00000
__CFG_LVP$ON                       (abs)        00000
__CFG_MCLRE$ON                     (abs)        00000
__CFG_PLLEN$ON                     (abs)        00000
__CFG_PPS1WAY$ON                   (abs)        00000
__CFG_PWRTE$OFF                    (abs)        00000
__CFG_STVREN$ON                    (abs)        00000
__CFG_WDTE$OFF                     (abs)        00000
__CFG_WRT$OFF                      (abs)        00000
__CFG_ZCDDIS$ON                    (abs)        00000
__Habs1                            abs1         00000
__Hbank0                           bank0        00000
__Hbank1                           bank1        00000
__Hbank10                          bank10       00000
__Hbank11                          bank11       00000
__Hbank12                          bank12       00000
__Hbank13                          bank13       00000
__Hbank14                          bank14       00000
__Hbank15                          bank15       00000
__Hbank16                          bank16       00000
__Hbank17                          bank17       00000
__Hbank18                          bank18       00000
__Hbank19                          bank19       00000
__Hbank2                           bank2        00000
__Hbank20                          bank20       00000
__Hbank21                          bank21       00000
__Hbank22                          bank22       00000
__Hbank23                          bank23       00000
__Hbank24                          bank24       00000
__Hbank25                          bank25       00000
__Hbank26                          bank26       00000
__Hbank27                          bank27       00000
__Hbank28                          bank28       00000
__Hbank29                          bank29       00000
__Hbank3                           bank3        00000
__Hbank30                          bank30       00000
__Hbank31                          bank31       00000
__Hbank4                           bank4        00000
__Hbank5                           bank5        00000
__Hbank6                           bank6        00000
__Hbank7                           bank7        00000
__Hbank8                           bank8        00000
__Hbank9                           bank9        00000
__Hbigram                          bigram       00000
__HbssBANK0                        bssBANK0     00000
__HbssCOMMON                       bssCOMMON    00000
__Hcinit                           cinit        00072
__Hclrtext                         clrtext      00000
__Hcode                            code         00000
__Hcommon                          common       00000
__Hconfig                          config       08009
__HcstackBANK0                     cstackBANK0  00000
__HcstackCOMMON                    cstackCOMMON 00000
__HdataBANK0                       dataBANK0    00000
__HdataCOMMON                      dataCOMMON   00000
__Heeprom_data                     eeprom_data  00000
__Hend_init                        end_init     0004C
__Hfunctab                         functab      00000
__HidataBANK0                      idataBANK0   00000
__HidataCOMMON                     idataCOMMON  00000
__Hidloc                           idloc        00000
__Hinit                            init         0004A
__Hinittext                        inittext     00000
__Hintentry                        intentry     0004A
__Hmaintext                        maintext     00000
__Hpowerup                         powerup      00000
__Hram                             ram          00000
__Hreset_vec                       reset_vec    00002
__Hsfr0                            sfr0         00000
__Hsfr1                            sfr1         00000
__Hsfr10                           sfr10        00000
__Hsfr11                           sfr11        00000
__Hsfr12                           sfr12        00000
__Hsfr13                           sfr13        00000
__Hsfr14                           sfr14        00000
__Hsfr15                           sfr15        00000
__Hsfr16                           sfr16        00000
__Hsfr17                           sfr17        00000
__Hsfr18                           sfr18        00000
__Hsfr19                           sfr19        00000
__Hsfr2                            sfr2         00000
__Hsfr20                           sfr20        00000
__Hsfr21                           sfr21        00000
__Hsfr22                           sfr22        00000
__Hsfr23                           sfr23        00000
__Hsfr24                           sfr24        00000
__Hsfr25                           sfr25        00000
__Hsfr26                           sfr26        00000
__Hsfr27                           sfr27        00000
__Hsfr28                           sfr28        00000
__Hsfr29                           sfr29        00000
__Hsfr3                            sfr3         00000
__Hsfr30                           sfr30        00000
__Hsfr31                           sfr31        00000
__Hsfr4                            sfr4         00000
__Hsfr5                            sfr5         00000
__Hsfr6                            sfr6         00000
__Hsfr7                            sfr7         00000
__Hsfr8                            sfr8         00000
__Hsfr9                            sfr9         00000
__Hspace_0                         (abs)        08009
__Hspace_1                         (abs)        0007C
__Hspace_2                         (abs)        00000
__Hspace_3                         (abs)        00000
__Hstack                           stack        00000
__Hstrings                         strings      00000
__Hstringtext                      stringtext   00000
__Htext                            text         00000
__Labs1                            abs1         00000
__Lbank0                           bank0        00000
__Lbank1                           bank1        00000
__Lbank10                          bank10       00000
__Lbank11                          bank11       00000
__Lbank12                          bank12       00000
__Lbank13                          bank13       00000
__Lbank14                          bank14       00000
__Lbank15                          bank15       00000
__Lbank16                          bank16       00000
__Lbank17                          bank17       00000
__Lbank18                          bank18       00000
__Lbank19                          bank19       00000
__Lbank2                           bank2        00000
__Lbank20                          bank20       00000
__Lbank21                          bank21       00000
__Lbank22                          bank22       00000
__Lbank23                          bank23       00000
__Lbank24                          bank24       00000
__Lbank25                          bank25       00000
__Lbank26                          bank26       00000
__Lbank27                          bank27       00000
__Lbank28                          bank28       00000
__Lbank29                          bank29       00000
__Lbank3                           bank3        00000
__Lbank30                          bank30       00000
__Lbank31                          bank31       00000
__Lbank4                           bank4        00000
__Lbank5                           bank5        00000
__Lbank6                           bank6        00000
__Lbank7                           bank7        00000
__Lbank8                           bank8        00000
__Lbank9                           bank9        00000
__Lbigram                          bigram       00000
__LbssBANK0                        bssBANK0     00000
__LbssCOMMON                       bssCOMMON    00000
__Lcinit                           cinit        0004C
__Lclrtext                         clrtext      00000
__Lcode                            code         00000
__Lcommon                          common       00000
__Lconfig                          config       08007
__LcstackBANK0                     cstackBANK0  00000
__LcstackCOMMON                    cstackCOMMON 00000
__LdataBANK0                       dataBANK0    00000
__LdataCOMMON                      dataCOMMON   00000
__Leeprom_data                     eeprom_data  00000
__Lend_init                        end_init     0004A
__Lfunctab                         functab      00000
__LidataBANK0                      idataBANK0   00000
__LidataCOMMON                     idataCOMMON  00000
__Lidloc                           idloc        00000
__Linit                            init         0004A
__Linittext                        inittext     00000
__Lintentry                        intentry     00004
__Lmaintext                        maintext     00000
__Lpowerup                         powerup      00000
__Lram                             ram          00000
__Lreset_vec                       reset_vec    00000
__Lsfr0                            sfr0         00000
__Lsfr1                            sfr1         00000
__Lsfr10                           sfr10        00000
__Lsfr11                           sfr11        00000
__Lsfr12                           sfr12        00000
__Lsfr13                           sfr13        00000
__Lsfr14                           sfr14        00000
__Lsfr15                           sfr15        00000
__Lsfr16                           sfr16        00000
__Lsfr17                           sfr17        00000
__Lsfr18                           sfr18        00000
__Lsfr19                           sfr19        00000
__Lsfr2                            sfr2         00000
__Lsfr20                           sfr20        00000
__Lsfr21                           sfr21        00000
__Lsfr22                           sfr22        00000
__Lsfr23                           sfr23        00000
__Lsfr24                           sfr24        00000
__Lsfr25                           sfr25        00000
__Lsfr26                           sfr26        00000
__Lsfr27                           sfr27        00000
__Lsfr28                           sfr28        00000
__Lsfr29                           sfr29        00000
__Lsfr3                            sfr3         00000
__Lsfr30                           sfr30        00000
__Lsfr31                           sfr31        00000
__Lsfr4                            sfr4         00000
__Lsfr5                            sfr5         00000
__Lsfr6                            sfr6         00000
__Lsfr7                            sfr7         00000
__Lsfr8                            sfr8         00000
__Lsfr9                            sfr9         00000
__Lspace_0                         (abs)        00000
__Lspace_1                         (abs)        00000
__Lspace_2                         (abs)        00000
__Lspace_3                         (abs)        00000
__Lstack                           stack        00000
__Lstrings                         strings      00000
__Lstringtext                      stringtext   00000
__Ltext                            text         00000
__S0                               (abs)        08009
__S1                               (abs)        0007C
__S2                               (abs)        00000
___int_sp                          stack        00000
___latbits                         (abs)        00003
___lwmod                           text21       014AB
___lwmod@counter                   cstackBANK0  00025
___lwmod@dividend                  cstackBANK0  00022
___lwmod@divisor                   cstackBANK0  00020
___sp                              stack        00000
___wmul                            text15       013E1
___wmul@multiplicand               cstackBANK0  00022
___wmul@multiplier                 cstackBANK0  00020
___wmul@product                    cstackBANK0  00024
__end_of_DISP_VALS                 stringtext   0010B
__end_of_SSDispCallback            text23       0143C
__end_of_SSDispDigitSelector       text24       0158E
__end_of___lwmod                   text21       014DA
__end_of___wmul                    text15       013FF
__end_of__initialization           cinit        0006E
__end_of_buttonHeld                text20       015D4
__end_of_buttonHeldDefault         text19       013B3
__end_of_buttonPress               text18       014AB
__end_of_clearDispArr              text17       013CA
__end_of_decDispArr                text16       0166A
__end_of_getDispArr                text14       0161D
__end_of_incDispArr                text13       0150C
__end_of_initSSDisp                text6        0141D
__end_of_isr                       intentry     0004A
__end_of_main                      maintext     000FE
__end_of_playGame                  text7        01800
__end_of_pollButtons               text12       01549
__end_of_processButtons            text11       016CC
__end_of_pwmSetup                  text5        013E1
__end_of_raw_audio                 stringtext   01102
__end_of_setDispValues             text10       0145E
__end_of_setup                     text1        01483
__end_of_startTimedCounter         text9        01378
__end_of_stopTimedCounter          text8        01353
__end_of_timer2Setup               text4        01385
__end_of_timer4Setup               text3        01393
__end_of_timer6Setup               text2        013A1
__initialization                   cinit        0004C
__pbssBANK0                        bssBANK0     00053
__pbssCOMMON                       bssCOMMON    00076
__pcstackBANK0                     cstackBANK0  00020
__pcstackCOMMON                    cstackCOMMON 00070
__pdataBANK0                       dataBANK0    00060
__pdataCOMMON                      dataCOMMON   00079
__pidataBANK0                      idataBANK0   01362
__pidataCOMMON                     idataCOMMON  01353
__pintentry                        intentry     00004
__pmaintext                        maintext     00072
__pstringtext                      stringtext   00100
__ptext1                           text1        0145E
__ptext10                          text10       0143C
__ptext11                          text11       0166A
__ptext12                          text12       0150C
__ptext13                          text13       014DA
__ptext14                          text14       015D4
__ptext15                          text15       013E1
__ptext16                          text16       0161D
__ptext17                          text17       013B3
__ptext18                          text18       01483
__ptext19                          text19       013A1
__ptext2                           text2        01393
__ptext20                          text20       0158E
__ptext21                          text21       014AB
__ptext23                          text23       0141D
__ptext24                          text24       01549
__ptext3                           text3        01385
__ptext4                           text4        01378
__ptext5                           text5        013CA
__ptext6                           text6        013FF
__ptext7                           text7        016CC
__ptext8                           text8        01350
__ptext9                           text9        0136C
__size_of_SSDispCallback           (abs)        00000
__size_of_SSDispDigitSelector      (abs)        00000
__size_of___lwmod                  (abs)        00000
__size_of___wmul                   (abs)        00000
__size_of_buttonHeld               (abs)        00000
__size_of_buttonHeldDefault        (abs)        00000
__size_of_buttonPress              (abs)        00000
__size_of_clearDispArr             (abs)        00000
__size_of_decDispArr               (abs)        00000
__size_of_getDispArr               (abs)        00000
__size_of_incDispArr               (abs)        00000
__size_of_initSSDisp               (abs)        00000
__size_of_isr                      (abs)        00000
__size_of_main                     (abs)        00000
__size_of_playGame                 (abs)        00000
__size_of_pollButtons              (abs)        00000
__size_of_processButtons           (abs)        00000
__size_of_pwmSetup                 (abs)        00000
__size_of_setDispValues            (abs)        00000
__size_of_setup                    (abs)        00000
__size_of_startTimedCounter        (abs)        00000
__size_of_stopTimedCounter         (abs)        00000
__size_of_timer2Setup              (abs)        00000
__size_of_timer4Setup              (abs)        00000
__size_of_timer6Setup              (abs)        00000
_blankDisp                         dataBANK0    00064
_buttonHeld                        text20       0158E
_buttonHeldDefault                 text19       013A1
_buttonPress                       text18       01483
_clearDispArr                      text17       013B3
_decDispArr                        text16       0161D
_digitSelect                       dataCOMMON   0007B
_dispValues                        bssBANK0     00053
_getDispArr                        text14       015D4
_incDispArr                        text13       014DA
_initSSDisp                        text6        013FF
_isr                               intentry     00004
_main                              maintext     00072
_playGame                          text7        016CC
_pollButtons                       text12       0150C
_processButtons                    text11       0166A
_pwmSetup                          text5        013CA
_pwm_samp_hold_count               bssCOMMON    00078
_raw_audio                         stringtext   0010B
_raw_audio_p                       dataCOMMON   00079
_raw_audio_p_end                   dataBANK0    00060
_setDispValues                     text10       0143C
_setup                             text1        0145E
_startTimedCounter                 text9        0136C
_stopTimedCounter                  text8        01350
_timedCounter                      bssCOMMON    00076
_timedCounterIndicator             bssBANK0     0005F
_timedCounterThreshold             dataBANK0    00062
_timer2Setup                       text4        01378
_timer4Setup                       text3        01385
_timer6Setup                       text2        01393
btemp                              (abs)        0007E
buttonHeld@buttonIndex             cstackBANK0  0002E
buttonHeld@buttonNumber            cstackBANK0  00026
buttonHeld@buttons                 cstackBANK0  0002F
buttonHeld@firstDelay              cstackBANK0  00027
buttonHeld@holdoff                 cstackBANK0  00029
buttonHeldDefault@buttonNumber     cstackBANK0  00030
buttonHeldDefault@buttons          cstackBANK0  00032
buttonPress@buttonIndex            cstackBANK0  00022
buttonPress@buttonNumber           cstackBANK0  00020
buttonPress@buttons                cstackBANK0  00023
clearDispArr@dispArr               cstackBANK0  00023
clearDispArr@i                     cstackBANK0  00024
clearDispArr@numOfChars            cstackBANK0  00020
clear_ram0                         clrtext      0135C
decDispArr@borrow                  cstackBANK0  00024
decDispArr@borrowCount             cstackBANK0  00023
decDispArr@dispArr                 cstackBANK0  00025
decDispArr@i                       cstackBANK0  00026
decDispArr@numOfChars              cstackBANK0  00020
end_of_initialization              cinit        0006E
getDispArr@dispArr                 cstackBANK0  00030
getDispArr@i                       cstackBANK0  0002F
getDispArr@mult                    cstackBANK0  0002D
getDispArr@num                     cstackBANK0  0002B
getDispArr@numOfChars              cstackBANK0  00026
incDispArr@carry                   cstackBANK0  00023
incDispArr@dispArr                 cstackBANK0  00024
incDispArr@i                       cstackBANK0  00025
incDispArr@numOfChars              cstackBANK0  00020
initSSDisp@i                       cstackBANK0  00021
init_ram                           inittext     01356
intlevel0                          functab      00000
intlevel1                          functab      00000
intlevel2                          functab      00000
intlevel3                          functab      00000
intlevel4                          functab      00000
intlevel5                          functab      00000
ltemp                              (abs)        0007E
ltemp0                             (abs)        0007E
ltemp1                             (abs)        00082
ltemp2                             (abs)        00086
ltemp3                             (abs)        00080
main@F6635                         bssBANK0     00059
main@buttons                       cstackBANK0  00043
main@countDisp                     cstackBANK0  0003C
main@updated                       cstackBANK0  00042
pic14e$flags                       (abs)        0007E
playGame@buttons_p                 cstackBANK0  00038
playGame@count                     cstackBANK0  00039
playGame@countDisp                 cstackBANK0  00031
playGame@hoop1Delay                cstackBANK0  00035
playGame@hoop2Delay                cstackBANK0  00036
playGame@playing                   cstackBANK0  00037
pollButtons@buttons                cstackBANK0  00023
processButtons@buttons             cstackBANK0  00027
processButtons@i                   cstackBANK0  00026
processButtons@newButtons          cstackBANK0  00024
reset_vec                          reset_vec    00000
setDispValues@dispVals             cstackBANK0  00022
setDispValues@i                    cstackBANK0  00023
stackhi                            (abs)        027EF
stacklo                            (abs)        02320
start                              init         0004A
startTimedCounter@threshold        cstackBANK0  00020
start_initialization               cinit        0004C
ttemp                              (abs)        0007E
ttemp0                             (abs)        0007E
ttemp1                             (abs)        00081
ttemp2                             (abs)        00084
ttemp3                             (abs)        00087
ttemp4                             (abs)        0007F
wtemp                              (abs)        0007E
wtemp0                             (abs)        0007E
wtemp1                             (abs)        00080
wtemp2                             (abs)        00082
wtemp3                             (abs)        00084
wtemp4                             (abs)        00086
wtemp5                             (abs)        00088
wtemp6                             (abs)        0007F


FUNCTION INFORMATION:

 *************** function _main *****************
 Defined at:
		line 9 in file "bbgame.c"
 Parameters:    Size  Location     Type
		None
 Auto vars:     Size  Location     Type
  buttons        16   35[BANK0 ] struct .
  countDisp       6   28[BANK0 ] unsigned char [6]
  updated         1   34[BANK0 ] unsigned char 
 Return value:  Size  Location     Type
                  2  141[COMMON] int 
 Registers used:
		wreg, fsr0l, fsr0h, fsr1l, fsr1h, status,2, status,0, pclath, cstack
 Tracked objects:
		On entry : 
		On exit  : 
		Unchanged: 
 Data sizes:     COMMON   BANK0   BANK1   BANK2   BANK3   BANK4   BANK5   BANK6   BANK7   BANK8   BANK9  BANK10  BANK11  BANK12  BANK13  BANK14  BANK15  BANK16  BANK17  BANK18  BANK19  BANK20  BANK21  BANK22  BANK23  BANK24  BANK25
      Params:         0       0       0       0       0       0       0       0       0       0       0       0       0       0       0       0       0       0       0       0       0       0       0       0       0       0       0
      Locals:         0      23       0       0       0       0       0       0       0       0       0       0       0       0       0       0       0       0       0       0       0       0       0       0       0       0       0
      Temps:          0       2       0       0       0       0       0       0       0       0       0       0       0       0       0       0       0       0       0       0       0       0       0       0       0       0       0
      Totals:         0      25       0       0       0       0       0       0       0       0       0       0       0       0       0       0       0       0       0       0       0       0       0       0       0       0       0
Total ram usage:       25 bytes
 Hardware stack levels required when called:    6
 This function calls:
		_buttonHeldDefault
		_buttonPress
		_decDispArr
		_incDispArr
		_playGame
		_pollButtons
		_processButtons
		_setDispValues
		_setup
 This function is called by:
		Startup code after reset
 This function uses a non-reentrant model


 *************** function _setup *****************
 Defined at:
		line 205 in file "bbgame.c"
 Parameters:    Size  Location     Type
		None
 Auto vars:     Size  Location     Type
		None
 Return value:  Size  Location     Type
		None               void
 Registers used:
		wreg, fsr1l, fsr1h, status,2, status,0, pclath, cstack
 Tracked objects:
		On entry : 
		On exit  : 
		Unchanged: 
 Data sizes:     COMMON   BANK0   BANK1   BANK2   BANK3   BANK4   BANK5   BANK6   BANK7   BANK8   BANK9  BANK10  BANK11  BANK12  BANK13  BANK14  BANK15  BANK16  BANK17  BANK18  BANK19  BANK20  BANK21  BANK22  BANK23  BANK24  BANK25
      Params:         0       0       0       0       0       0       0       0       0       0       0       0       0       0       0       0       0       0       0       0       0       0       0       0       0       0       0
      Locals:         0       0       0       0       0       0       0       0       0       0       0       0       0       0       0       0       0       0       0       0       0       0       0       0       0       0       0
      Temps:          0       0       0       0       0       0       0       0       0       0       0       0       0       0       0       0       0       0       0       0       0       0       0       0       0       0       0
      Totals:         0       0       0       0       0       0       0       0       0       0       0       0       0       0       0       0       0       0       0       0       0       0       0       0       0       0       0
Total ram usage:        0 bytes
 Hardware stack levels used:    1
 Hardware stack levels required when called:    4
 This function calls:
		_initSSDisp
		_pwmSetup
		_timer2Setup
		_timer4Setup
		_timer6Setup
 This function is called by:
		_main
 This function uses a non-reentrant model


 *************** function _timer6Setup *****************
 Defined at:
		line 275 in file "bbgame.c"
 Parameters:    Size  Location     Type
		None
 Auto vars:     Size  Location     Type
		None
 Return value:  Size  Location     Type
		None               void
 Registers used:
		wreg, status,2, status,0
 Tracked objects:
		On entry : 
		On exit  : 
		Unchanged: 
 Data sizes:     COMMON   BANK0   BANK1   BANK2   BANK3   BANK4   BANK5   BANK6   BANK7   BANK8   BANK9  BANK10  BANK11  BANK12  BANK13  BANK14  BANK15  BANK16  BANK17  BANK18  BANK19  BANK20  BANK21  BANK22  BANK23  BANK24  BANK25
      Params:         0       0       0       0       0       0       0       0       0       0       0       0       0       0       0       0       0       0       0       0       0       0       0       0       0       0       0
      Locals:         0       0       0       0       0       0       0       0       0       0       0       0       0       0       0       0       0       0       0       0       0       0       0       0       0       0       0
      Temps:          0       0       0       0       0       0       0       0       0       0       0       0       0       0       0       0       0       0       0       0       0       0       0       0       0       0       0
      Totals:         0       0       0       0       0       0       0       0       0       0       0       0       0       0       0       0       0       0       0       0       0       0       0       0       0       0       0
Total ram usage:        0 bytes
 Hardware stack levels used:    1
 Hardware stack levels required when called:    3
 This function calls:
		Nothing
 This function is called by:
		_setup
 This function uses a non-reentrant model


 *************** function _timer4Setup *****************
 Defined at:
		line 263 in file "bbgame.c"
 Parameters:    Size  Location     Type
		None
 Auto vars:     Size  Location     Type
		None
 Return value:  Size  Location     Type
		None               void
 Registers used:
		wreg, status,2, status,0
 Tracked objects:
		On entry : 
		On exit  : 
		Unchanged: 
 Data sizes:     COMMON   BANK0   BANK1   BANK2   BANK3   BANK4   BANK5   BANK6   BANK7   BANK8   BANK9  BANK10  BANK11  BANK12  BANK13  BANK14  BANK15  BANK16  BANK17  BANK18  BANK19  BANK20  BANK21  BANK22  BANK23  BANK24  BANK25
      Params:         0       0       0       0       0       0       0       0       0       0       0       0       0       0       0       0       0       0       0       0       0       0       0       0       0       0       0
      Locals:         0       0       0       0       0       0       0       0       0       0       0       0       0       0       0       0       0       0       0       0       0       0       0       0       0       0       0
      Temps:          0       0       0       0       0       0       0       0       0       0       0       0       0       0       0       0       0       0       0       0       0       0       0       0       0       0       0
      Totals:         0       0       0       0       0       0       0       0       0       0       0       0       0       0       0       0       0       0       0       0       0       0       0       0       0       0       0
Total ram usage:        0 bytes
 Hardware stack levels used:    1
 Hardware stack levels required when called:    3
 This function calls:
		Nothing
 This function is called by:
		_setup
 This function uses a non-reentrant model


 *************** function _timer2Setup *****************
 Defined at:
		line 248 in file "bbgame.c"
 Parameters:    Size  Location     Type
		None
 Auto vars:     Size  Location     Type
		None
 Return value:  Size  Location     Type
		None               void
 Registers used:
		wreg, status,2, status,0
 Tracked objects:
		On entry : 
		On exit  : 
		Unchanged: 
 Data sizes:     COMMON   BANK0   BANK1   BANK2   BANK3   BANK4   BANK5   BANK6   BANK7   BANK8   BANK9  BANK10  BANK11  BANK12  BANK13  BANK14  BANK15  BANK16  BANK17  BANK18  BANK19  BANK20  BANK21  BANK22  BANK23  BANK24  BANK25
      Params:         0       0       0       0       0       0       0       0       0       0       0       0       0       0       0       0       0       0       0       0       0       0       0       0       0       0       0
      Locals:         0       0       0       0       0       0       0       0       0       0       0       0       0       0       0       0       0       0       0       0       0       0       0       0       0       0       0
      Temps:          0       0       0       0       0       0       0       0       0       0       0       0       0       0       0       0       0       0       0       0       0       0       0       0       0       0       0
      Totals:         0       0       0       0       0       0       0       0       0       0       0       0       0       0       0       0       0       0       0       0       0       0       0       0       0       0       0
Total ram usage:        0 bytes
 Hardware stack levels used:    1
 Hardware stack levels required when called:    3
 This function calls:
		Nothing
 This function is called by:
		_setup
 This function uses a non-reentrant model


 *************** function _pwmSetup *****************
 Defined at:
		line 233 in file "bbgame.c"
 Parameters:    Size  Location     Type
		None
 Auto vars:     Size  Location     Type
		None
 Return value:  Size  Location     Type
		None               void
 Registers used:
		wreg, status,2, status,0
 Tracked objects:
		On entry : 
		On exit  : 
		Unchanged: 
 Data sizes:     COMMON   BANK0   BANK1   BANK2   BANK3   BANK4   BANK5   BANK6   BANK7   BANK8   BANK9  BANK10  BANK11  BANK12  BANK13  BANK14  BANK15  BANK16  BANK17  BANK18  BANK19  BANK20  BANK21  BANK22  BANK23  BANK24  BANK25
      Params:         0       0       0       0       0       0       0       0       0       0       0       0       0       0       0       0       0       0       0       0       0       0       0       0       0       0       0
      Locals:         0       0       0       0       0       0       0       0       0       0       0       0       0       0       0       0       0       0       0       0       0       0       0       0       0       0       0
      Temps:          0       0       0       0       0       0       0       0       0       0       0       0       0       0       0       0       0       0       0       0       0       0       0       0       0       0       0
      Totals:         0       0       0       0       0       0       0       0       0       0       0       0       0       0       0       0       0       0       0       0       0       0       0       0       0       0       0
Total ram usage:        0 bytes
 Hardware stack levels used:    1
 Hardware stack levels required when called:    3
 This function calls:
		Nothing
 This function is called by:
		_setup
 This function uses a non-reentrant model


 *************** function _initSSDisp *****************
 Defined at:
		line 7 in file "sevensegdisplay.c"
 Parameters:    Size  Location     Type
		None
 Auto vars:     Size  Location     Type
  i               2    1[BANK0 ] int 
 Return value:  Size  Location     Type
		None               void
 Registers used:
		wreg, fsr1l, fsr1h, status,2, status,0
 Tracked objects:
		On entry : 
		On exit  : 
		Unchanged: 
 Data sizes:     COMMON   BANK0   BANK1   BANK2   BANK3   BANK4   BANK5   BANK6   BANK7   BANK8   BANK9  BANK10  BANK11  BANK12  BANK13  BANK14  BANK15  BANK16  BANK17  BANK18  BANK19  BANK20  BANK21  BANK22  BANK23  BANK24  BANK25
      Params:         0       0       0       0       0       0       0       0       0       0       0       0       0       0       0       0       0       0       0       0       0       0       0       0       0       0       0
      Locals:         0       2       0       0       0       0       0       0       0       0       0       0       0       0       0       0       0       0       0       0       0       0       0       0       0       0       0
      Temps:          0       1       0       0       0       0       0       0       0       0       0       0       0       0       0       0       0       0       0       0       0       0       0       0       0       0       0
      Totals:         0       3       0       0       0       0       0       0       0       0       0       0       0       0       0       0       0       0       0       0       0       0       0       0       0       0       0
Total ram usage:        3 bytes
 Hardware stack levels used:    1
 Hardware stack levels required when called:    3
 This function calls:
		Nothing
 This function is called by:
		_setup
 This function uses a non-reentrant model


 *************** function _playGame *****************
 Defined at:
		line 51 in file "bbgame.c"
 Parameters:    Size  Location     Type
  buttons_p       1    wreg     PTR struct .
		 -> main@buttons(16), 
  countDisp       1   17[BANK0 ] PTR unsigned char 
		 -> main@countDisp(6), 
 Auto vars:     Size  Location     Type
  buttons_p       1   24[BANK0 ] PTR struct .
		 -> main@buttons(16), 
  count           1   25[BANK0 ] unsigned char 
  playing         1   23[BANK0 ] unsigned char 
  hoop2Delay      1   22[BANK0 ] unsigned char 
  hoop1Delay      1   21[BANK0 ] unsigned char 
 Return value:  Size  Location     Type
		None               void
 Registers used:
		wreg, fsr0l, fsr0h, fsr1l, fsr1h, status,2, status,0, pclath, cstack
 Tracked objects:
		On entry : 
		On exit  : 
		Unchanged: 
 Data sizes:     COMMON   BANK0   BANK1   BANK2   BANK3   BANK4   BANK5   BANK6   BANK7   BANK8   BANK9  BANK10  BANK11  BANK12  BANK13  BANK14  BANK15  BANK16  BANK17  BANK18  BANK19  BANK20  BANK21  BANK22  BANK23  BANK24  BANK25
      Params:         0       1       0       0       0       0       0       0       0       0       0       0       0       0       0       0       0       0       0       0       0       0       0       0       0       0       0
      Locals:         0       5       0       0       0       0       0       0       0       0       0       0       0       0       0       0       0       0       0       0       0       0       0       0       0       0       0
      Temps:          0       3       0       0       0       0       0       0       0       0       0       0       0       0       0       0       0       0       0       0       0       0       0       0       0       0       0
      Totals:         0       9       0       0       0       0       0       0       0       0       0       0       0       0       0       0       0       0       0       0       0       0       0       0       0       0       0
Total ram usage:        9 bytes
 Hardware stack levels used:    1
 Hardware stack levels required when called:    5
 This function calls:
		_buttonPress
		_clearDispArr
		_decDispArr
		_getDispArr
		_incDispArr
		_pollButtons
		_processButtons
		_setDispValues
		_startTimedCounter
		_stopTimedCounter
 This function is called by:
		_main
 This function uses a non-reentrant model


 *************** function _stopTimedCounter *****************
 Defined at:
		line 292 in file "bbgame.c"
 Parameters:    Size  Location     Type
		None
 Auto vars:     Size  Location     Type
		None
 Return value:  Size  Location     Type
		None               void
 Registers used:
		None
 Tracked objects:
		On entry : 
		On exit  : 
		Unchanged: 
 Data sizes:     COMMON   BANK0   BANK1   BANK2   BANK3   BANK4   BANK5   BANK6   BANK7   BANK8   BANK9  BANK10  BANK11  BANK12  BANK13  BANK14  BANK15  BANK16  BANK17  BANK18  BANK19  BANK20  BANK21  BANK22  BANK23  BANK24  BANK25
      Params:         0       0       0       0       0       0       0       0       0       0       0       0       0       0       0       0       0       0       0       0       0       0       0       0       0       0       0
      Locals:         0       0       0       0       0       0       0       0       0       0       0       0       0       0       0       0       0       0       0       0       0       0       0       0       0       0       0
      Temps:          0       0       0       0       0       0       0       0       0       0       0       0       0       0       0       0       0       0       0       0       0       0       0       0       0       0       0
      Totals:         0       0       0       0       0       0       0       0       0       0       0       0       0       0       0       0       0       0       0       0       0       0       0       0       0       0       0
Total ram usage:        0 bytes
 Hardware stack levels used:    1
 Hardware stack levels required when called:    3
 This function calls:
		Nothing
 This function is called by:
		_playGame
 This function uses a non-reentrant model


 *************** function _startTimedCounter *****************
 Defined at:
		line 285 in file "bbgame.c"
 Parameters:    Size  Location     Type
  threshold       2    0[BANK0 ] unsigned int 
 Auto vars:     Size  Location     Type
		None
 Return value:  Size  Location     Type
		None               void
 Registers used:
		wreg, status,2, status,0
 Tracked objects:
		On entry : 
		On exit  : 
		Unchanged: 
 Data sizes:     COMMON   BANK0   BANK1   BANK2   BANK3   BANK4   BANK5   BANK6   BANK7   BANK8   BANK9  BANK10  BANK11  BANK12  BANK13  BANK14  BANK15  BANK16  BANK17  BANK18  BANK19  BANK20  BANK21  BANK22  BANK23  BANK24  BANK25
      Params:         0       2       0       0       0       0       0       0       0       0       0       0       0       0       0       0       0       0       0       0       0       0       0       0       0       0       0
      Locals:         0       0       0       0       0       0       0       0       0       0       0       0       0       0       0       0       0       0       0       0       0       0       0       0       0       0       0
      Temps:          0       0       0       0       0       0       0       0       0       0       0       0       0       0       0       0       0       0       0       0       0       0       0       0       0       0       0
      Totals:         0       2       0       0       0       0       0       0       0       0       0       0       0       0       0       0       0       0       0       0       0       0       0       0       0       0       0
Total ram usage:        2 bytes
 Hardware stack levels used:    1
 Hardware stack levels required when called:    3
 This function calls:
		Nothing
 This function is called by:
		_playGame
 This function uses a non-reentrant model


 *************** function _setDispValues *****************
 Defined at:
		line 16 in file "sevensegdisplay.c"
 Parameters:    Size  Location     Type
  dispVals        1    wreg     PTR unsigned char 
		 -> blankDisp(6), main@countDisp(6), 
 Auto vars:     Size  Location     Type
  dispVals        1    2[BANK0 ] PTR unsigned char 
		 -> blankDisp(6), main@countDisp(6), 
  i               1    3[BANK0 ] unsigned char 
 Return value:  Size  Location     Type
		None               void
 Registers used:
		wreg, fsr0l, fsr0h, fsr1l, fsr1h, status,2, status,0, pclath
 Tracked objects:
		On entry : 
		On exit  : 
		Unchanged: 
 Data sizes:     COMMON   BANK0   BANK1   BANK2   BANK3   BANK4   BANK5   BANK6   BANK7   BANK8   BANK9  BANK10  BANK11  BANK12  BANK13  BANK14  BANK15  BANK16  BANK17  BANK18  BANK19  BANK20  BANK21  BANK22  BANK23  BANK24  BANK25
      Params:         0       0       0       0       0       0       0       0       0       0       0       0       0       0       0       0       0       0       0       0       0       0       0       0       0       0       0
      Locals:         0       2       0       0       0       0       0       0       0       0       0       0       0       0       0       0       0       0       0       0       0       0       0       0       0       0       0
      Temps:          0       2       0       0       0       0       0       0       0       0       0       0       0       0       0       0       0       0       0       0       0       0       0       0       0       0       0
      Totals:         0       4       0       0       0       0       0       0       0       0       0       0       0       0       0       0       0       0       0       0       0       0       0       0       0       0       0
Total ram usage:        4 bytes
 Hardware stack levels used:    1
 Hardware stack levels required when called:    3
 This function calls:
		Nothing
 This function is called by:
		_main
		_playGame
 This function uses a non-reentrant model


 *************** function _processButtons *****************
 Defined at:
		line 21 in file "buttons.c"
 Parameters:    Size  Location     Type
  buttons         1    wreg     PTR struct .
		 -> main@buttons(16), processButtons@buttons(1), 
  newButtons      1    4[BANK0 ] unsigned char 
 Auto vars:     Size  Location     Type
  buttons         1    7[BANK0 ] PTR struct .
		 -> main@buttons(16), processButtons@buttons(1), 
  i               1    6[BANK0 ] unsigned char 
 Return value:  Size  Location     Type
		None               void
 Registers used:
		wreg, fsr0l, fsr0h, fsr1l, fsr1h, status,2, status,0
 Tracked objects:
		On entry : 
		On exit  : 
		Unchanged: 
 Data sizes:     COMMON   BANK0   BANK1   BANK2   BANK3   BANK4   BANK5   BANK6   BANK7   BANK8   BANK9  BANK10  BANK11  BANK12  BANK13  BANK14  BANK15  BANK16  BANK17  BANK18  BANK19  BANK20  BANK21  BANK22  BANK23  BANK24  BANK25
      Params:         0       1       0       0       0       0       0       0       0       0       0       0       0       0       0       0       0       0       0       0       0       0       0       0       0       0       0
      Locals:         0       2       0       0       0       0       0       0       0       0       0       0       0       0       0       0       0       0       0       0       0       0       0       0       0       0       0
      Temps:          0       1       0       0       0       0       0       0       0       0       0       0       0       0       0       0       0       0       0       0       0       0       0       0       0       0       0
      Totals:         0       4       0       0       0       0       0       0       0       0       0       0       0       0       0       0       0       0       0       0       0       0       0       0       0       0       0
Total ram usage:        4 bytes
 Hardware stack levels used:    1
 Hardware stack levels required when called:    3
 This function calls:
		Nothing
 This function is called by:
		_main
		_playGame
 This function uses a non-reentrant model


 *************** function _pollButtons *****************
 Defined at:
		line 5 in file "buttons.c"
 Parameters:    Size  Location     Type
		None
 Auto vars:     Size  Location     Type
  buttons         1    3[BANK0 ] unsigned char 
 Return value:  Size  Location     Type
                  1    wreg      unsigned char 
 Registers used:
		wreg, status,2, status,0
 Tracked objects:
		On entry : 
		On exit  : 
		Unchanged: 
 Data sizes:     COMMON   BANK0   BANK1   BANK2   BANK3   BANK4   BANK5   BANK6   BANK7   BANK8   BANK9  BANK10  BANK11  BANK12  BANK13  BANK14  BANK15  BANK16  BANK17  BANK18  BANK19  BANK20  BANK21  BANK22  BANK23  BANK24  BANK25
      Params:         0       0       0       0       0       0       0       0       0       0       0       0       0       0       0       0       0       0       0       0       0       0       0       0       0       0       0
      Locals:         0       1       0       0       0       0       0       0       0       0       0       0       0       0       0       0       0       0       0       0       0       0       0       0       0       0       0
      Temps:          0       3       0       0       0       0       0       0       0       0       0       0       0       0       0       0       0       0       0       0       0       0       0       0       0       0       0
      Totals:         0       4       0       0       0       0       0       0       0       0       0       0       0       0       0       0       0       0       0       0       0       0       0       0       0       0       0
Total ram usage:        4 bytes
 Hardware stack levels used:    1
 Hardware stack levels required when called:    3
 This function calls:
		Nothing
 This function is called by:
		_main
		_playGame
 This function uses a non-reentrant model


 *************** function _incDispArr *****************
 Defined at:
		line 185 in file "bbgame.c"
 Parameters:    Size  Location     Type
  dispArr         1    wreg     PTR unsigned char 
		 -> main@countDisp(6), 
  numOfChars      1    0[BANK0 ] unsigned char 
 Auto vars:     Size  Location     Type
  dispArr         1    4[BANK0 ] PTR unsigned char 
		 -> main@countDisp(6), 
  i               1    5[BANK0 ] unsigned char 
  carry           1    3[BANK0 ] unsigned char 
 Return value:  Size  Location     Type
		None               void
 Registers used:
		wreg, fsr1l, fsr1h, status,2, status,0
 Tracked objects:
		On entry : 
		On exit  : 
		Unchanged: 
 Data sizes:     COMMON   BANK0   BANK1   BANK2   BANK3   BANK4   BANK5   BANK6   BANK7   BANK8   BANK9  BANK10  BANK11  BANK12  BANK13  BANK14  BANK15  BANK16  BANK17  BANK18  BANK19  BANK20  BANK21  BANK22  BANK23  BANK24  BANK25
      Params:         0       1       0       0       0       0       0       0       0       0       0       0       0       0       0       0       0       0       0       0       0       0       0       0       0       0       0
      Locals:         0       3       0       0       0       0       0       0       0       0       0       0       0       0       0       0       0       0       0       0       0       0       0       0       0       0       0
      Temps:          0       2       0       0       0       0       0       0       0       0       0       0       0       0       0       0       0       0       0       0       0       0       0       0       0       0       0
      Totals:         0       6       0       0       0       0       0       0       0       0       0       0       0       0       0       0       0       0       0       0       0       0       0       0       0       0       0
Total ram usage:        6 bytes
 Hardware stack levels used:    1
 Hardware stack levels required when called:    3
 This function calls:
		Nothing
 This function is called by:
		_main
		_playGame
 This function uses a non-reentrant model


 *************** function _getDispArr *****************
 Defined at:
		line 133 in file "bbgame.c"
 Parameters:    Size  Location     Type
  dispArr         1    wreg     PTR unsigned char 
		 -> main@countDisp(6), 
  numOfChars      1    6[BANK0 ] unsigned char 
 Auto vars:     Size  Location     Type
  dispArr         1   16[BANK0 ] PTR unsigned char 
		 -> main@countDisp(6), 
  mult            2   13[BANK0 ] unsigned int 
  num             2   11[BANK0 ] unsigned int 
  i               1   15[BANK0 ] unsigned char 
 Return value:  Size  Location     Type
                  2    6[BANK0 ] unsigned int 
 Registers used:
		wreg, fsr1l, fsr1h, status,2, status,0, pclath, cstack
 Tracked objects:
		On entry : 
		On exit  : 
		Unchanged: 
 Data sizes:     COMMON   BANK0   BANK1   BANK2   BANK3   BANK4   BANK5   BANK6   BANK7   BANK8   BANK9  BANK10  BANK11  BANK12  BANK13  BANK14  BANK15  BANK16  BANK17  BANK18  BANK19  BANK20  BANK21  BANK22  BANK23  BANK24  BANK25
      Params:         0       2       0       0       0       0       0       0       0       0       0       0       0       0       0       0       0       0       0       0       0       0       0       0       0       0       0
      Locals:         0       6       0       0       0       0       0       0       0       0       0       0       0       0       0       0       0       0       0       0       0       0       0       0       0       0       0
      Temps:          0       3       0       0       0       0       0       0       0       0       0       0       0       0       0       0       0       0       0       0       0       0       0       0       0       0       0
      Totals:         0      11       0       0       0       0       0       0       0       0       0       0       0       0       0       0       0       0       0       0       0       0       0       0       0       0       0
Total ram usage:       11 bytes
 Hardware stack levels used:    1
 Hardware stack levels required when called:    4
 This function calls:
		___wmul
 This function is called by:
		_playGame
 This function uses a non-reentrant model


 *************** function ___wmul *****************
 Defined at:
		line 15 in file "C:\Program Files (x86)\Microchip\xc8\v1.33\sources\common\Umul16.c"
 Parameters:    Size  Location     Type
  multiplier      2    0[BANK0 ] unsigned int 
  multiplicand    2    2[BANK0 ] unsigned int 
 Auto vars:     Size  Location     Type
  product         2    4[BANK0 ] unsigned int 
 Return value:  Size  Location     Type
                  2    0[BANK0 ] unsigned int 
 Registers used:
		wreg, status,2, status,0
 Tracked objects:
		On entry : 
		On exit  : 
		Unchanged: 
 Data sizes:     COMMON   BANK0   BANK1   BANK2   BANK3   BANK4   BANK5   BANK6   BANK7   BANK8   BANK9  BANK10  BANK11  BANK12  BANK13  BANK14  BANK15  BANK16  BANK17  BANK18  BANK19  BANK20  BANK21  BANK22  BANK23  BANK24  BANK25
      Params:         0       4       0       0       0       0       0       0       0       0       0       0       0       0       0       0       0       0       0       0       0       0       0       0       0       0       0
      Locals:         0       2       0       0       0       0       0       0       0       0       0       0       0       0       0       0       0       0       0       0       0       0       0       0       0       0       0
      Temps:          0       0       0       0       0       0       0       0       0       0       0       0       0       0       0       0       0       0       0       0       0       0       0       0       0       0       0
      Totals:         0       6       0       0       0       0       0       0       0       0       0       0       0       0       0       0       0       0       0       0       0       0       0       0       0       0       0
Total ram usage:        6 bytes
 Hardware stack levels used:    1
 Hardware stack levels required when called:    3
 This function calls:
		Nothing
 This function is called by:
		_getDispArr
 This function uses a non-reentrant model


 *************** function _decDispArr *****************
 Defined at:
		line 154 in file "bbgame.c"
 Parameters:    Size  Location     Type
  dispArr         1    wreg     PTR unsigned char 
		 -> main@countDisp(6), 
  numOfChars      1    0[BANK0 ] unsigned char 
 Auto vars:     Size  Location     Type
  dispArr         1    5[BANK0 ] PTR unsigned char 
		 -> main@countDisp(6), 
  i               1    6[BANK0 ] unsigned char 
  borrow          1    4[BANK0 ] unsigned char 
  borrowCount     1    3[BANK0 ] unsigned char 
 Return value:  Size  Location     Type
		None               void
 Registers used:
		wreg, fsr1l, fsr1h, status,2, status,0
 Tracked objects:
		On entry : 
		On exit  : 
		Unchanged: 
 Data sizes:     COMMON   BANK0   BANK1   BANK2   BANK3   BANK4   BANK5   BANK6   BANK7   BANK8   BANK9  BANK10  BANK11  BANK12  BANK13  BANK14  BANK15  BANK16  BANK17  BANK18  BANK19  BANK20  BANK21  BANK22  BANK23  BANK24  BANK25
      Params:         0       1       0       0       0       0       0       0       0       0       0       0       0       0       0       0       0       0       0       0       0       0       0       0       0       0       0
      Locals:         0       4       0       0       0       0       0       0       0       0       0       0       0       0       0       0       0       0       0       0       0       0       0       0       0       0       0
      Temps:          0       2       0       0       0       0       0       0       0       0       0       0       0       0       0       0       0       0       0       0       0       0       0       0       0       0       0
      Totals:         0       7       0       0       0       0       0       0       0       0       0       0       0       0       0       0       0       0       0       0       0       0       0       0       0       0       0
Total ram usage:        7 bytes
 Hardware stack levels used:    1
 Hardware stack levels required when called:    3
 This function calls:
		Nothing
 This function is called by:
		_main
		_playGame
 This function uses a non-reentrant model


 *************** function _clearDispArr *****************
 Defined at:
		line 146 in file "bbgame.c"
 Parameters:    Size  Location     Type
  dispArr         1    wreg     PTR unsigned char 
		 -> main@countDisp(6), 
  numOfChars      1    0[BANK0 ] unsigned char 
 Auto vars:     Size  Location     Type
  dispArr         1    3[BANK0 ] PTR unsigned char 
		 -> main@countDisp(6), 
  i               1    4[BANK0 ] unsigned char 
 Return value:  Size  Location     Type
		None               void
 Registers used:
		wreg, fsr1l, fsr1h, status,2, status,0
 Tracked objects:
		On entry : 
		On exit  : 
		Unchanged: 
 Data sizes:     COMMON   BANK0   BANK1   BANK2   BANK3   BANK4   BANK5   BANK6   BANK7   BANK8   BANK9  BANK10  BANK11  BANK12  BANK13  BANK14  BANK15  BANK16  BANK17  BANK18  BANK19  BANK20  BANK21  BANK22  BANK23  BANK24  BANK25
      Params:         0       1       0       0       0       0       0       0       0       0       0       0       0       0       0       0       0       0       0       0       0       0       0       0       0       0       0
      Locals:         0       2       0       0       0       0       0       0       0       0       0       0       0       0       0       0       0       0       0       0       0       0       0       0       0       0       0
      Temps:          0       2       0       0       0       0       0       0       0       0       0       0       0       0       0       0       0       0       0       0       0       0       0       0       0       0       0
      Totals:         0       5       0       0       0       0       0       0       0       0       0       0       0       0       0       0       0       0       0       0       0       0       0       0       0       0       0
Total ram usage:        5 bytes
 Hardware stack levels used:    1
 Hardware stack levels required when called:    3
 This function calls:
		Nothing
 This function is called by:
		_playGame
 This function uses a non-reentrant model


 *************** function _buttonPress *****************
 Defined at:
		line 41 in file "buttons.c"
 Parameters:    Size  Location     Type
  buttons         1    wreg     PTR struct .
		 -> main@buttons(16), 
  buttonNumber    1    0[BANK0 ] unsigned char 
 Auto vars:     Size  Location     Type
  buttons         1    3[BANK0 ] PTR struct .
		 -> main@buttons(16), 
  buttonIndex     1    2[BANK0 ] unsigned char 
 Return value:  Size  Location     Type
                  1    wreg      unsigned char 
 Registers used:
		wreg, fsr1l, fsr1h, status,2, status,0
 Tracked objects:
		On entry : 
		On exit  : 
		Unchanged: 
 Data sizes:     COMMON   BANK0   BANK1   BANK2   BANK3   BANK4   BANK5   BANK6   BANK7   BANK8   BANK9  BANK10  BANK11  BANK12  BANK13  BANK14  BANK15  BANK16  BANK17  BANK18  BANK19  BANK20  BANK21  BANK22  BANK23  BANK24  BANK25
      Params:         0       1       0       0       0       0       0       0       0       0       0       0       0       0       0       0       0       0       0       0       0       0       0       0       0       0       0
      Locals:         0       2       0       0       0       0       0       0       0       0       0       0       0       0       0       0       0       0       0       0       0       0       0       0       0       0       0
      Temps:          0       1       0       0       0       0       0       0       0       0       0       0       0       0       0       0       0       0       0       0       0       0       0       0       0       0       0
      Totals:         0       4       0       0       0       0       0       0       0       0       0       0       0       0       0       0       0       0       0       0       0       0       0       0       0       0       0
Total ram usage:        4 bytes
 Hardware stack levels used:    1
 Hardware stack levels required when called:    3
 This function calls:
		Nothing
 This function is called by:
		_main
		_playGame
 This function uses a non-reentrant model


 *************** function _buttonHeldDefault *****************
 Defined at:
		line 71 in file "buttons.c"
 Parameters:    Size  Location     Type
  buttons         1    wreg     PTR struct .
		 -> main@buttons(16), 
  buttonNumber    1   16[BANK0 ] unsigned char 
 Auto vars:     Size  Location     Type
  buttons         1   18[BANK0 ] PTR struct .
		 -> main@buttons(16), 
 Return value:  Size  Location     Type
                  1    wreg      unsigned char 
 Registers used:
		wreg, fsr1l, fsr1h, status,2, status,0, pclath, cstack
 Tracked objects:
		On entry : 
		On exit  : 
		Unchanged: 
 Data sizes:     COMMON   BANK0   BANK1   BANK2   BANK3   BANK4   BANK5   BANK6   BANK7   BANK8   BANK9  BANK10  BANK11  BANK12  BANK13  BANK14  BANK15  BANK16  BANK17  BANK18  BANK19  BANK20  BANK21  BANK22  BANK23  BANK24  BANK25
      Params:         0       1       0       0       0       0       0       0       0       0       0       0       0       0       0       0       0       0       0       0       0       0       0       0       0       0       0
      Locals:         0       1       0       0       0       0       0       0       0       0       0       0       0       0       0       0       0       0       0       0       0       0       0       0       0       0       0
      Temps:          0       1       0       0       0       0       0       0       0       0       0       0       0       0       0       0       0       0       0       0       0       0       0       0       0       0       0
      Totals:         0       3       0       0       0       0       0       0       0       0       0       0       0       0       0       0       0       0       0       0       0       0       0       0       0       0       0
Total ram usage:        3 bytes
 Hardware stack levels used:    1
 Hardware stack levels required when called:    5
 This function calls:
		_buttonHeld
 This function is called by:
		_main
 This function uses a non-reentrant model


 *************** function _buttonHeld *****************
 Defined at:
		line 57 in file "buttons.c"
 Parameters:    Size  Location     Type
  buttons         1    wreg     PTR struct .
		 -> main@buttons(16), buttonHeld@buttons(1), 
  buttonNumber    1    6[BANK0 ] unsigned char 
  firstDelay      2    7[BANK0 ] unsigned int 
  holdoff         2    9[BANK0 ] unsigned int 
 Auto vars:     Size  Location     Type
  buttons         1   15[BANK0 ] PTR struct .
		 -> main@buttons(16), buttonHeld@buttons(1), 
  buttonIndex     1   14[BANK0 ] unsigned char 
 Return value:  Size  Location     Type
                  1    wreg      unsigned char 
 Registers used:
		wreg, fsr1l, fsr1h, status,2, status,0, pclath, cstack
 Tracked objects:
		On entry : 
		On exit  : 
		Unchanged: 
 Data sizes:     COMMON   BANK0   BANK1   BANK2   BANK3   BANK4   BANK5   BANK6   BANK7   BANK8   BANK9  BANK10  BANK11  BANK12  BANK13  BANK14  BANK15  BANK16  BANK17  BANK18  BANK19  BANK20  BANK21  BANK22  BANK23  BANK24  BANK25
      Params:         0       5       0       0       0       0       0       0       0       0       0       0       0       0       0       0       0       0       0       0       0       0       0       0       0       0       0
      Locals:         0       2       0       0       0       0       0       0       0       0       0       0       0       0       0       0       0       0       0       0       0       0       0       0       0       0       0
      Temps:          0       3       0       0       0       0       0       0       0       0       0       0       0       0       0       0       0       0       0       0       0       0       0       0       0       0       0
      Totals:         0      10       0       0       0       0       0       0       0       0       0       0       0       0       0       0       0       0       0       0       0       0       0       0       0       0       0
Total ram usage:       10 bytes
 Hardware stack levels used:    1
 Hardware stack levels required when called:    4
 This function calls:
		___lwmod
 This function is called by:
		_buttonHeldDefault
 This function uses a non-reentrant model


 *************** function ___lwmod *****************
 Defined at:
		line 6 in file "C:\Program Files (x86)\Microchip\xc8\v1.33\sources\common\lwmod.c"
 Parameters:    Size  Location     Type
  divisor         2    0[BANK0 ] unsigned int 
  dividend        2    2[BANK0 ] unsigned int 
 Auto vars:     Size  Location     Type
  counter         1    5[BANK0 ] unsigned char 
 Return value:  Size  Location     Type
                  2    0[BANK0 ] unsigned int 
 Registers used:
		wreg, status,2, status,0
 Tracked objects:
		On entry : 
		On exit  : 
		Unchanged: 
 Data sizes:     COMMON   BANK0   BANK1   BANK2   BANK3   BANK4   BANK5   BANK6   BANK7   BANK8   BANK9  BANK10  BANK11  BANK12  BANK13  BANK14  BANK15  BANK16  BANK17  BANK18  BANK19  BANK20  BANK21  BANK22  BANK23  BANK24  BANK25
      Params:         0       4       0       0       0       0       0       0       0       0       0       0       0       0       0       0       0       0       0       0       0       0       0       0       0       0       0
      Locals:         0       1       0       0       0       0       0       0       0       0       0       0       0       0       0       0       0       0       0       0       0       0       0       0       0       0       0
      Temps:          0       1       0       0       0       0       0       0       0       0       0       0       0       0       0       0       0       0       0       0       0       0       0       0       0       0       0
      Totals:         0       6       0       0       0       0       0       0       0       0       0       0       0       0       0       0       0       0       0       0       0       0       0       0       0       0       0
Total ram usage:        6 bytes
 Hardware stack levels used:    1
 Hardware stack levels required when called:    3
 This function calls:
		Nothing
 This function is called by:
		_buttonHeld
		_setDispArr
 This function uses a non-reentrant model


 *************** function _isr *****************
 Defined at:
		line 298 in file "bbgame.c"
 Parameters:    Size  Location     Type
		None
 Auto vars:     Size  Location     Type
		None
 Return value:  Size  Location     Type
		None               void
 Registers used:
		wreg, fsr0l, fsr0h, fsr1l, fsr1h, status,2, status,0, pclath, cstack
 Tracked objects:
		On entry : 
		On exit  : 
		Unchanged: 
 Data sizes:     COMMON   BANK0   BANK1   BANK2   BANK3   BANK4   BANK5   BANK6   BANK7   BANK8   BANK9  BANK10  BANK11  BANK12  BANK13  BANK14  BANK15  BANK16  BANK17  BANK18  BANK19  BANK20  BANK21  BANK22  BANK23  BANK24  BANK25
      Params:         0       0       0       0       0       0       0       0       0       0       0       0       0       0       0       0       0       0       0       0       0       0       0       0       0       0       0
      Locals:         0       0       0       0       0       0       0       0       0       0       0       0       0       0       0       0       0       0       0       0       0       0       0       0       0       0       0
      Temps:          2       0       0       0       0       0       0       0       0       0       0       0       0       0       0       0       0       0       0       0       0       0       0       0       0       0       0
      Totals:         2       0       0       0       0       0       0       0       0       0       0       0       0       0       0       0       0       0       0       0       0       0       0       0       0       0       0
Total ram usage:        2 bytes
 Hardware stack levels used:    1
 Hardware stack levels required when called:    2
 This function calls:
		_SSDispCallback
 This function is called by:
		Interrupt level 1
 This function uses a non-reentrant model


 *************** function _SSDispCallback *****************
 Defined at:
		line 26 in file "sevensegdisplay.c"
 Parameters:    Size  Location     Type
		None
 Auto vars:     Size  Location     Type
		None
 Return value:  Size  Location     Type
		None               void
 Registers used:
		wreg, fsr0l, fsr0h, fsr1l, fsr1h, status,2, status,0, pclath, cstack
 Tracked objects:
		On entry : 
		On exit  : 
		Unchanged: 
 Data sizes:     COMMON   BANK0   BANK1   BANK2   BANK3   BANK4   BANK5   BANK6   BANK7   BANK8   BANK9  BANK10  BANK11  BANK12  BANK13  BANK14  BANK15  BANK16  BANK17  BANK18  BANK19  BANK20  BANK21  BANK22  BANK23  BANK24  BANK25
      Params:         0       0       0       0       0       0       0       0       0       0       0       0       0       0       0       0       0       0       0       0       0       0       0       0       0       0       0
      Locals:         0       0       0       0       0       0       0       0       0       0       0       0       0       0       0       0       0       0       0       0       0       0       0       0       0       0       0
      Temps:          1       0       0       0       0       0       0       0       0       0       0       0       0       0       0       0       0       0       0       0       0       0       0       0       0       0       0
      Totals:         1       0       0       0       0       0       0       0       0       0       0       0       0       0       0       0       0       0       0       0       0       0       0       0       0       0       0
Total ram usage:        1 bytes
 Hardware stack levels used:    1
 Hardware stack levels required when called:    1
 This function calls:
		_SSDispDigitSelector
 This function is called by:
		_isr
 This function uses a non-reentrant model


 *************** function _SSDispDigitSelector *****************
 Defined at:
		line 45 in file "sevensegdisplay.c"
 Parameters:    Size  Location     Type
  digitSelecti    1    wreg     unsigned char 
  onoff           1    0[COMMON] unsigned char 
 Auto vars:     Size  Location     Type
  digitSelecti    1    2[COMMON] unsigned char 
 Return value:  Size  Location     Type
		None               void
 Registers used:
		wreg, fsr0l, fsr0h, status,2, status,0
 Tracked objects:
		On entry : 
		On exit  : 
		Unchanged: 
 Data sizes:     COMMON   BANK0   BANK1   BANK2   BANK3   BANK4   BANK5   BANK6   BANK7   BANK8   BANK9  BANK10  BANK11  BANK12  BANK13  BANK14  BANK15  BANK16  BANK17  BANK18  BANK19  BANK20  BANK21  BANK22  BANK23  BANK24  BANK25
      Params:         1       0       0       0       0       0       0       0       0       0       0       0       0       0       0       0       0       0       0       0       0       0       0       0       0       0       0
      Locals:         1       0       0       0       0       0       0       0       0       0       0       0       0       0       0       0       0       0       0       0       0       0       0       0       0       0       0
      Temps:          1       0       0       0       0       0       0       0       0       0       0       0       0       0       0       0       0       0       0       0       0       0       0       0       0       0       0
      Totals:         3       0       0       0       0       0       0       0       0       0       0       0       0       0       0       0       0       0       0       0       0       0       0       0       0       0       0
Total ram usage:        3 bytes
 Hardware stack levels used:    1
 This function calls:
		Nothing
 This function is called by:
		_SSDispCallback
 This function uses a non-reentrant model



MODULE INFORMATION

Module		Function		Class		Link	Load	Size
sevensegdisplay.c
		_setDispValues 		CODE           	143C	0000	34
		_SSDispCallback		CODE           	141D	0000	31
		_SSDispDigitSel		CODE           	1549	0000	69
		_initSSDisp    		CODE           	13FF	0000	30

sevensegdisplay.c estimated size: 164

C:\Program Files (x86)\Microchip\xc8\v1.33\sources\common\lwmod.c
		___lwmod       		CODE           	14AB	0000	47

C:\Program Files (x86)\Microchip\xc8\v1.33\sources\common\lwmod.c estimated size: 47

C:\Program Files (x86)\Microchip\xc8\v1.33\sources\common\Umul16.c
		___wmul        		CODE           	13E1	0000	30

C:\Program Files (x86)\Microchip\xc8\v1.33\sources\common\Umul16.c estimated size: 30

buttons.c
		_pollButtons   		CODE           	150C	0000	61
		_buttonHeld    		CODE           	158E	0000	70
		_processButtons		CODE           	166A	0000	98
		_buttonHeldDefa		CODE           	13A1	0000	18
		_buttonPress   		CODE           	1483	0000	40

buttons.c estimated size: 287

shared
		_raw_audio     		STRCODE        	010B	0000	4087
		_DISP_VALS     		STRCODE        	0100	0000	11
		__initializatio		CODE           	004C	0000	34

shared estimated size: 4132

bbgame.c
		_decDispArr    		CODE           	161D	0000	77
		_startTimedCoun		CODE           	136C	0000	12
		_timer6Setup   		CODE           	1393	0000	14
		_main          		CODE           	0072	0000	140
		_incDispArr    		CODE           	14DA	0000	50
		_pwmSetup      		CODE           	13CA	0000	23
		_clearDispArr  		CODE           	13B3	0000	23
		_isr           		CODE           	0004	0000	70
		_timer4Setup   		CODE           	1385	0000	14
		_playGame      		CODE           	16CC	0000	308
		_setup         		CODE           	145E	0000	37
		_getDispArr    		CODE           	15D4	0000	73
		_timer2Setup   		CODE           	1378	0000	13
		_stopTimedCount		CODE           	1350	0000	3

bbgame.c estimated size: 857

