Microchip MPLAB XC8 Compiler V1.32 ()

Linker command line:

--edf=C:\Program Files (x86)\Microchip\xc8\v1.32\dat\en_msgs.txt -cs \
  -h+dist/default/production\nintendo-test1.X.production.sym \
  --cmf=dist/default/production\nintendo-test1.X.production.cmf -z -Q16F690 \
  -oC:\Users\erik\AppData\Local\Temp\s550.6 \
  -Mdist/default/production/nintendo-test1.X.production.map -E1 -ver=XC8 \
  -ASTACK=0A0h-0efh -pstack=STACK -ACONST=00h-0FFhx16 -ACODE=00h-07FFhx2 \
  -ASTRCODE=00h-0FFFh -AENTRY=00h-0FFhx16 -ASTRING=00h-0FFhx16 \
  -ACOMMON=070h-07Fh -ABANK0=020h-06Fh -ABANK1=0A0h-0EFh \
  -ABANK2=0120h-016Fh -ARAM=020h-06Fh,0A0h-0EFh,0120h-016Fh \
  -AABS1=020h-07Fh,0A0h-0EFh,0120h-016Fh -ASFR0=00h-01Fh -ASFR1=080h-09Fh \
  -ASFR2=0100h-011Fh -ASFR3=0180h-01EFh \
  -preset_vec=00h,intentry=04h,init,end_init -ppowerup=CODE -pcinit=CODE \
  -pfunctab=CODE -ACONFIG=02007h-02007h -pconfig=CONFIG -DCONFIG=2 \
  -AIDLOC=02000h-02003h -pidloc=IDLOC -DIDLOC=2 -AEEDATA=00h-0FFh/02100h \
  -peeprom_data=EEDATA -DEEDATA=2 -DCODE=2 -DSTRCODE=2 -DSTRING=2 -DCONST=2 \
  -DENTRY=2 -k C:\Users\erik\AppData\Local\Temp\s550.obj \
  dist/default/production\nintendo-test1.X.production.obj 

Object code version is 3.11

Machine type is 16F690



                Name                               Link     Load   Length Selector   Space Scale
C:\Users\erik\AppData\Local\Temp\s550.obj
                end_init                             11       11        2        8       0
                reset_vec                             0        0        2        0       0
                config                             2007     2007        1     400E       0
dist/default/production\nintendo-test1.X.production.obj
                cinit                                13       13       15        8       0
                intentry                              4        4        D        8       0
                text11                              250      250       13      332       0
                text10                              2B6      2B6        6      332       0
                text9                               1D3      1D3       1D      332       0
                text8                               2A3      2A3        B      332       0
                text7                               23D      23D       13      332       0
                text6                               20C      20C       1C      332       0
                text5                               294      294        F      332       0
                text4                                28       28       B2        8       0
                text3                               284      284       10      332       0
                text2                               228      228       15      332       0
                text1                               263      263       11      332       0
                maintext                            199      199       3A      332       0
                cstackBANK0                          56       56        F       20       1
                cstackCOMMON                         70       70        8       70       1
                inittext                            274      274       10      332       0
                clrtext                             2AE      2AE        8      332       0
                dataBANK0                            20       20       1C       20       1
                bssBANK0                             3C       3C       1A       20       1
                bssCOMMON                            78       78        1       70       1
                nvBANK0                              65       65        3       20       1
                strings                             100      100       99      200       0
                idataBANK0                          1F0      1F0       1C      332       0

TOTAL           Name                               Link     Load   Length     Space
        CLASS   STACK          

        CLASS   CONST          

        CLASS   CODE           
                end_init                             11       11        2         0
                cinit                                13       13       15         0
                intentry                              4        4        D         0
                reset_vec                             0        0        2         0
                text11                              250      250       13         0
                text10                              2B6      2B6        6         0
                text9                               1D3      1D3       1D         0
                text8                               2A3      2A3        B         0
                text7                               23D      23D       13         0
                text6                               20C      20C       1C         0
                text5                               294      294        F         0
                text4                                28       28       B2         0
                text3                               284      284       10         0
                text2                               228      228       15         0
                text1                               263      263       11         0
                maintext                            199      199       3A         0
                inittext                            274      274       10         0
                clrtext                             2AE      2AE        8         0
                idataBANK0                          1F0      1F0       1C         0

        CLASS   STRCODE        

        CLASS   ENTRY          

        CLASS   STRING         
                strings                             100      100       99         0

        CLASS   COMMON         
                cstackCOMMON                         70       70        8         1
                bssCOMMON                            78       78        1         1

        CLASS   BANK0          
                cstackBANK0                          56       56        F         1
                dataBANK0                            20       20       1C         1
                bssBANK0                             3C       3C       1A         1
                nvBANK0                              65       65        3         1

        CLASS   BANK1          

        CLASS   BANK2          

        CLASS   RAM            

        CLASS   ABS1           
                abs_s1                               7E       7E        2         1

        CLASS   SFR0           

        CLASS   SFR1           

        CLASS   SFR2           

        CLASS   SFR3           

        CLASS   CONFIG         
                config                             2007     2007        1         0

        CLASS   IDLOC          

        CLASS   EEDATA         

        CLASS   BANK3          



SEGMENTS        Name                           Load    Length   Top    Selector   Space  Class     Delta

                reset_vec                      000000  000002  000002         0       0  CODE        2
                intentry                       000004  0000D6  0000DA         8       0  CODE        2
                dataBANK0                      000020  000048  000068        20       1  BANK0       1
                cstackCOMMON                   000070  000009  000079        70       1  COMMON      1
                strings                        000100  000099  000199       200       0  STRING      2
                maintext                       000199  000123  0002BC       332       0  CODE        2
                config                         002007  000001  002008      400E       0  CONFIG      2


UNUSED ADDRESS RANGES

        Name                Unused          Largest block    Delta
        BANK0            0068-006F              8           1
        BANK1            00A0-00EF             50           1
        BANK2            0120-016F             50           1
        CODE             0002-0003              2           2
                         00DA-00FF             26
                         02BC-0FFF            544
        COMMON           0079-007D              5           1
        CONST            0002-0003              2           2
                         00DA-00FF             26
                         02BC-0FFF            100
        EEDATA           2100-21FF            100           2
        ENTRY            0002-0003              2           2
                         00DA-00FF             26
                         02BC-0FFF            100
        IDLOC            2000-2003              4           2
        RAM              0068-006F              8           1
                         00A0-00EF             50
                         0120-016F             50
        SFR0             0000-001F             20           1
        SFR1             0080-009F             20           1
        SFR2             0100-011F             20           1
        SFR3             0180-01EF             70           1
        STACK            00A0-00EF             50           1
        STRCODE          0002-0003              2           2
                         00DA-00FF             26
                         02BC-0FFF            D44
        STRING           0002-0003              2           2
                         00DA-00FF             26
                         02BC-0FFF            100

                                  Symbol Table

_INTCONbits                  (abs)        000B
_L_A                         strings      012B
_L_B                         strings      012F
_L_C                         strings      0133
_L_D                         strings      0137
_L_E                         strings      013B
_L_EXCL                      strings      0177
_L_F                         strings      013F
_L_G                         strings      0112
_L_H                         strings      0143
_L_I                         strings      0147
_L_J                         strings      0117
_L_K                         strings      011C
_L_L                         strings      014B
_L_LIST                      dataBANK0    0020
_L_M                         strings      0106
_L_N                         strings      0121
_L_O                         strings      014F
_L_P                         strings      0153
_L_PERIOD                    strings      0179
_L_Q                         strings      0126
_L_R                         strings      0157
_L_S                         strings      015B
_L_SPACE                     strings      017B
_L_T                         strings      015F
_L_U                         strings      0163
_L_V                         strings      0167
_L_W                         strings      010C
_L_X                         strings      016B
_L_Y                         strings      016F
_L_Z                         strings      0173
_OPTION_REGbits              (abs)        0081
_OSCCONbits                  (abs)        008F
_PORTA                       (abs)        0005
_PORTB                       (abs)        0006
_PORTC                       (abs)        0007
_TRISA                       (abs)        0085
_TRISB                       (abs)        0086
_TRISC                       (abs)        0087
__CFG_BOREN$ON               (abs)        0000
__CFG_CP$OFF                 (abs)        0000
__CFG_CPD$OFF                (abs)        0000
__CFG_FCMEN$OFF              (abs)        0000
__CFG_FOSC$INTRCCLK          (abs)        0000
__CFG_IESO$OFF               (abs)        0000
__CFG_MCLRE$ON               (abs)        0000
__CFG_PWRTE$OFF              (abs)        0000
__CFG_WDTE$OFF               (abs)        0000
__Habs1                      abs1         0000
__Hbank0                     bank0        0000
__Hbank1                     bank1        0000
__Hbank2                     bank2        0000
__Hbank3                     bank3        0000
__HbssBANK0                  bssBANK0     0000
__HbssCOMMON                 bssCOMMON    0000
__Hcinit                     cinit        0028
__Hclrtext                   clrtext      0000
__Hcode                      code         0000
__Hcommon                    common       0000
__Hconfig                    config       2008
__HcstackBANK0               cstackBANK0  0000
__HcstackCOMMON              cstackCOMMON 0000
__HdataBANK0                 dataBANK0    0000
__Heeprom_data               eeprom_data  0000
__Hend_init                  end_init     0013
__Hfunctab                   functab      0000
__HidataBANK0                idataBANK0   0000
__Hidloc                     idloc        0000
__Hinit                      init         0011
__Hinittext                  inittext     0000
__Hintentry                  intentry     0011
__Hmaintext                  maintext     0000
__HnvBANK0                   nvBANK0      0000
__Hpowerup                   powerup      0000
__Hram                       ram          0000
__Hreset_vec                 reset_vec    0002
__Hsfr0                      sfr0         0000
__Hsfr1                      sfr1         0000
__Hsfr2                      sfr2         0000
__Hsfr3                      sfr3         0000
__Hspace_0                   (abs)        2008
__Hspace_1                   (abs)        0079
__Hspace_2                   (abs)        0000
__Hspace_3                   (abs)        0000
__Hstack                     stack        0000
__Hstrings                   strings      0000
__Htext                      text         0000
__Labs1                      abs1         0000
__Lbank0                     bank0        0000
__Lbank1                     bank1        0000
__Lbank2                     bank2        0000
__Lbank3                     bank3        0000
__LbssBANK0                  bssBANK0     0000
__LbssCOMMON                 bssCOMMON    0000
__Lcinit                     cinit        0013
__Lclrtext                   clrtext      0000
__Lcode                      code         0000
__Lcommon                    common       0000
__Lconfig                    config       2007
__LcstackBANK0               cstackBANK0  0000
__LcstackCOMMON              cstackCOMMON 0000
__LdataBANK0                 dataBANK0    0000
__Leeprom_data               eeprom_data  0000
__Lend_init                  end_init     0011
__Lfunctab                   functab      0000
__LidataBANK0                idataBANK0   0000
__Lidloc                     idloc        0000
__Linit                      init         0011
__Linittext                  inittext     0000
__Lintentry                  intentry     0004
__Lmaintext                  maintext     0000
__LnvBANK0                   nvBANK0      0000
__Lpowerup                   powerup      0000
__Lram                       ram          0000
__Lreset_vec                 reset_vec    0000
__Lsfr0                      sfr0         0000
__Lsfr1                      sfr1         0000
__Lsfr2                      sfr2         0000
__Lsfr3                      sfr3         0000
__Lspace_0                   (abs)        0000
__Lspace_1                   (abs)        0000
__Lspace_2                   (abs)        0000
__Lspace_3                   (abs)        0000
__Lstack                     stack        0000
__Lstrings                   strings      0000
__Ltext                      text         0000
__S0                         (abs)        2008
__S1                         (abs)        0079
__S2                         (abs)        0000
__S3                         (abs)        0000
___int_sp                    stack        0000
___latbits                   (abs)        0001
___sp                        stack        0000
__end_of_L_A                 strings      012F
__end_of_L_B                 strings      0133
__end_of_L_C                 strings      0137
__end_of_L_D                 strings      013B
__end_of_L_E                 strings      013F
__end_of_L_EXCL              strings      0179
__end_of_L_F                 strings      0143
__end_of_L_G                 strings      0117
__end_of_L_H                 strings      0147
__end_of_L_I                 strings      014B
__end_of_L_J                 strings      011C
__end_of_L_K                 strings      0121
__end_of_L_L                 strings      014F
__end_of_L_M                 strings      010C
__end_of_L_N                 strings      0126
__end_of_L_O                 strings      0153
__end_of_L_P                 strings      0157
__end_of_L_PERIOD            strings      017B
__end_of_L_Q                 strings      012B
__end_of_L_R                 strings      015B
__end_of_L_S                 strings      015F
__end_of_L_SPACE             strings      017D
__end_of_L_T                 strings      0163
__end_of_L_U                 strings      0167
__end_of_L_V                 strings      016B
__end_of_L_W                 strings      0112
__end_of_L_X                 strings      016F
__end_of_L_Y                 strings      0173
__end_of_L_Z                 strings      0177
__end_of__initialization     cinit        0025
__end_of__stringdata         strings      0199
__end_of__stringtab          strings      0106
__end_of_isr                 text7        0250
__end_of_ledDisplayString    text3        0294
__end_of_ledGetLetter        text6        0228
__end_of_ledIncrementRow     text8        02AE
__end_of_ledScroll           text2        023D
__end_of_ledSetData          text11       0263
__end_of_ledSetRow           text10       02BC
__end_of_ledSwitchArray      text5        02A3
__end_of_ledUpdateArr        text4        00DA
__end_of_ledUpdateDisplay    text9        01F0
__end_of_main                maintext     01D3
__end_of_setup               text1        0274
__initialization             cinit        0013
__pbssBANK0                  bssBANK0     003C
__pbssCOMMON                 bssCOMMON    0078
__pcstackBANK0               cstackBANK0  0056
__pcstackCOMMON              cstackCOMMON 0070
__pdataBANK0                 dataBANK0    0020
__pidataBANK0                idataBANK0   01F0
__pintentry                  intentry     0004
__pmaintext                  maintext     0199
__pnvBANK0                   nvBANK0      0065
__pstrings                   strings      0100
__ptext1                     text1        0263
__ptext10                    text10       02B6
__ptext11                    text11       0250
__ptext2                     text2        0228
__ptext3                     text3        0284
__ptext4                     text4        0028
__ptext5                     text5        0294
__ptext6                     text6        020C
__ptext7                     text7        023D
__ptext8                     text8        02A3
__ptext9                     text9        01D3
__size_of_isr                (abs)        0000
__size_of_ledDisplayString   (abs)        0000
__size_of_ledGetLetter       (abs)        0000
__size_of_ledIncrementRow    (abs)        0000
__size_of_ledScroll          (abs)        0000
__size_of_ledSetData         (abs)        0000
__size_of_ledSetRow          (abs)        0000
__size_of_ledSwitchArray     (abs)        0000
__size_of_ledUpdateArr       (abs)        0000
__size_of_ledUpdateDisplay   (abs)        0000
__size_of_main               (abs)        0000
__size_of_setup              (abs)        0000
__stringbase                 strings      0105
__stringdata                 strings      017D
__stringtab                  strings      0100
_currentLedArray             dataBANK0    003A
_isr                         text7        023D
_ledArray0                   bssBANK0     0048
_ledArray1                   bssBANK0     004F
_ledDisplayString            text3        0284
_ledGetLetter                text6        020C
_ledIncrementRow             text8        02A3
_ledRow                      bssCOMMON    0078
_ledScroll                   text2        0228
_ledSetData                  text11       0250
_ledSetRow                   text10       02B6
_ledSwitchArray              text5        0294
_ledUpdateArr                text4        0028
_ledUpdateDisplay            text9        01D3
_letterArr                   nvBANK0      0067
_letterArrCount              bssBANK0     0045
_letterArrLoc                nvBANK0      0065
_main                        maintext     0199
_myLedArray                  bssBANK0     003C
_nextLedArray                dataBANK0    003B
_setup                       text1        0263
_startAgainFlag              bssBANK0     0047
btemp                        (abs)        007E
clear_ram0                   clrtext      02AE
end_of_initialization        cinit        0025
init_fetch0                  inittext     0274
init_ram0                    inittext     0278
interrupt_function           intentry     0004
intlevel0                    functab      0000
intlevel1                    functab      0000
intlevel2                    functab      0000
intlevel3                    functab      0000
intlevel4                    functab      0000
intlevel5                    functab      0000
ledDisplayString@str         cstackBANK0  0061
ledGetLetter@lett            cstackBANK0  0056
ledSetData@ledDisplayData    cstackCOMMON 0071
ledSetRow@rowGhost           cstackCOMMON 0070
ledSwitchArray@temp          cstackBANK0  0057
ledUpdateArr@i               cstackBANK0  005F
ledUpdateArr@incrementLetter cstackBANK0  005A
ledUpdateArr@letterArrTmp    cstackBANK0  005B
ledUpdateArr@letterTmp       cstackBANK0  005C
ledUpdateArr@letterTmpLoc    cstackBANK0  005D
ltemp                        (abs)        007E
ltemp0                       (abs)        007E
ltemp1                       (abs)        0082
ltemp2                       (abs)        0086
ltemp3                       (abs)        0080
main@i                       cstackBANK0  0063
reset_vec                    reset_vec    0000
saved_w                      (abs)        007E
stackhi                      (abs)        0000
stacklo                      (abs)        0000
start                        init         0011
start_initialization         cinit        0013
ttemp                        (abs)        007E
ttemp0                       (abs)        007E
ttemp1                       (abs)        0081
ttemp2                       (abs)        0084
ttemp3                       (abs)        0087
ttemp4                       (abs)        007F
wtemp                        (abs)        007E
wtemp0                       (abs)        007E
wtemp1                       (abs)        0080
wtemp2                       (abs)        0082
wtemp3                       (abs)        0084
wtemp4                       (abs)        0086
wtemp5                       (abs)        0088
wtemp6                       (abs)        007F


FUNCTION INFORMATION:

 *************** function _main *****************
 Defined at:
		line 32 in file "nintendo-test1.c"
 Parameters:    Size  Location     Type
		None
 Auto vars:     Size  Location     Type
  i               2   13[BANK0 ] unsigned int 
 Return value:  Size  Location     Type
                  2  102[COMMON] int 
 Registers used:
		wreg, fsr0l, fsr0h, status,2, status,0, pclath, cstack
 Tracked objects:
		On entry : 
		On exit  : 
		Unchanged: 
 Data sizes:     COMMON   BANK0   BANK1   BANK2
      Params:         0       0       0       0
      Locals:         0       2       0       0
      Temps:          0       1       0       0
      Totals:         0       3       0       0
Total ram usage:        3 bytes
 Hardware stack levels required when called:    7
 This function calls:
		_ledDisplayString
		_ledScroll
		_setup
 This function is called by:
		Startup code after reset
 This function uses a non-reentrant model


 *************** function _setup *****************
 Defined at:
		line 62 in file "nintendo-test1.c"
 Parameters:    Size  Location     Type
		None
 Auto vars:     Size  Location     Type
		None
 Return value:  Size  Location     Type
		None               void
 Registers used:
		wreg, status,2, status,0
 Tracked objects:
		On entry : 
		On exit  : 
		Unchanged: 
 Data sizes:     COMMON   BANK0   BANK1   BANK2
      Params:         0       0       0       0
      Locals:         0       0       0       0
      Temps:          0       0       0       0
      Totals:         0       0       0       0
Total ram usage:        0 bytes
 Hardware stack levels used:    1
 Hardware stack levels required when called:    4
 This function calls:
		Nothing
 This function is called by:
		_main
 This function uses a non-reentrant model


 *************** function _ledScroll *****************
 Defined at:
		line 18 in file "led_array.c"
 Parameters:    Size  Location     Type
		None
 Auto vars:     Size  Location     Type
		None
 Return value:  Size  Location     Type
		None               void
 Registers used:
		wreg, fsr0l, fsr0h, status,2, status,0, pclath, cstack
 Tracked objects:
		On entry : 
		On exit  : 
		Unchanged: 
 Data sizes:     COMMON   BANK0   BANK1   BANK2
      Params:         0       0       0       0
      Locals:         0       0       0       0
      Temps:          0       0       0       0
      Totals:         0       0       0       0
Total ram usage:        0 bytes
 Hardware stack levels used:    1
 Hardware stack levels required when called:    6
 This function calls:
		_ledUpdateArr
 This function is called by:
		_main
 This function uses a non-reentrant model


 *************** function _ledDisplayString *****************
 Defined at:
		line 115 in file "led_array.c"
 Parameters:    Size  Location     Type
  str             1    wreg     PTR const unsigned char 
		 -> STR_1(28), 
 Auto vars:     Size  Location     Type
  str             1   11[BANK0 ] PTR const unsigned char 
		 -> STR_1(28), 
 Return value:  Size  Location     Type
		None               void
 Registers used:
		wreg, fsr0l, fsr0h, status,2, status,0, pclath, cstack
 Tracked objects:
		On entry : 
		On exit  : 
		Unchanged: 
 Data sizes:     COMMON   BANK0   BANK1   BANK2
      Params:         0       0       0       0
      Locals:         0       1       0       0
      Temps:          0       1       0       0
      Totals:         0       2       0       0
Total ram usage:        2 bytes
 Hardware stack levels used:    1
 Hardware stack levels required when called:    6
 This function calls:
		_ledUpdateArr
 This function is called by:
		_main
 This function uses a non-reentrant model


 *************** function _ledUpdateArr *****************
 Defined at:
		line 48 in file "led_array.c"
 Parameters:    Size  Location     Type
		None
 Auto vars:     Size  Location     Type
  letterTmpLoc    2    7[BANK0 ] int 
  i               1    9[BANK0 ] unsigned char 
  letterTmp       1    6[BANK0 ] PTR const unsigned char 
		 -> L_EXCL(2), L_PERIOD(2), L_SPACE(2), L_Z(4), 
		 -> L_Y(4), L_X(4), L_W(6), L_V(4), 
		 -> L_U(4), L_T(4), L_S(4), L_R(4), 
		 -> L_Q(5), L_P(4), L_O(4), L_N(5), 
		 -> L_M(6), L_L(4), L_K(5), L_J(5), 
		 -> L_I(4), L_H(4), L_G(5), L_F(4), 
		 -> L_E(4), L_D(4), L_C(4), L_B(4), 
		 -> L_A(4), 
  letterArrTmp    1    5[BANK0 ] PTR const unsigned char 
		 -> STR_1(28), ROM(4096), 
  incrementLet    1    4[BANK0 ] unsigned char 
 Return value:  Size  Location     Type
		None               void
 Registers used:
		wreg, fsr0l, fsr0h, status,2, status,0, pclath, cstack
 Tracked objects:
		On entry : 
		On exit  : 
		Unchanged: 
 Data sizes:     COMMON   BANK0   BANK1   BANK2
      Params:         0       0       0       0
      Locals:         0       6       0       0
      Temps:          0       2       0       0
      Totals:         0       8       0       0
Total ram usage:        8 bytes
 Hardware stack levels used:    1
 Hardware stack levels required when called:    5
 This function calls:
		_ledGetLetter
		_ledSwitchArray
 This function is called by:
		_ledScroll
		_ledDisplayString
 This function uses a non-reentrant model


 *************** function _ledSwitchArray *****************
 Defined at:
		line 128 in file "led_array.c"
 Parameters:    Size  Location     Type
		None
 Auto vars:     Size  Location     Type
  temp            1    1[BANK0 ] PTR unsigned char 
		 -> ledArray1(7), ledArray0(7), 
 Return value:  Size  Location     Type
		None               void
 Registers used:
		wreg
 Tracked objects:
		On entry : 
		On exit  : 
		Unchanged: 
 Data sizes:     COMMON   BANK0   BANK1   BANK2
      Params:         0       0       0       0
      Locals:         0       1       0       0
      Temps:          0       1       0       0
      Totals:         0       2       0       0
Total ram usage:        2 bytes
 Hardware stack levels used:    1
 Hardware stack levels required when called:    4
 This function calls:
		Nothing
 This function is called by:
		_ledUpdateArr
 This function uses a non-reentrant model


 *************** function _ledGetLetter *****************
 Defined at:
		line 33 in file "led_array.c"
 Parameters:    Size  Location     Type
  lett            1    wreg     const unsigned char 
 Auto vars:     Size  Location     Type
  lett            1    0[BANK0 ] const unsigned char 
 Return value:  Size  Location     Type
                  1    wreg      PTR const unsigned char 
 Registers used:
		wreg, fsr0l, fsr0h, status,2, status,0
 Tracked objects:
		On entry : 
		On exit  : 
		Unchanged: 
 Data sizes:     COMMON   BANK0   BANK1   BANK2
      Params:         0       0       0       0
      Locals:         0       1       0       0
      Temps:          0       0       0       0
      Totals:         0       1       0       0
Total ram usage:        1 bytes
 Hardware stack levels used:    1
 Hardware stack levels required when called:    4
 This function calls:
		Nothing
 This function is called by:
		_ledUpdateArr
 This function uses a non-reentrant model


 *************** function _isr *****************
 Defined at:
		line 78 in file "nintendo-test1.c"
 Parameters:    Size  Location     Type
		None
 Auto vars:     Size  Location     Type
		None
 Return value:  Size  Location     Type
		None               void
 Registers used:
		wreg, fsr0l, fsr0h, status,2, status,0, pclath, cstack
 Tracked objects:
		On entry : 
		On exit  : 
		Unchanged: 
 Data sizes:     COMMON   BANK0   BANK1   BANK2
      Params:         0       0       0       0
      Locals:         0       0       0       0
      Temps:          4       0       0       0
      Totals:         4       0       0       0
Total ram usage:        4 bytes
 Hardware stack levels used:    1
 Hardware stack levels required when called:    3
 This function calls:
		_ledIncrementRow
 This function is called by:
		Interrupt level 1
 This function uses a non-reentrant model


 *************** function _ledIncrementRow *****************
 Defined at:
		line 7 in file "led_array.c"
 Parameters:    Size  Location     Type
		None
 Auto vars:     Size  Location     Type
		None
 Return value:  Size  Location     Type
		None               void
 Registers used:
		wreg, fsr0l, fsr0h, status,2, status,0, pclath, cstack
 Tracked objects:
		On entry : 
		On exit  : 
		Unchanged: 
 Data sizes:     COMMON   BANK0   BANK1   BANK2
      Params:         0       0       0       0
      Locals:         0       0       0       0
      Temps:          1       0       0       0
      Totals:         1       0       0       0
Total ram usage:        1 bytes
 Hardware stack levels used:    1
 Hardware stack levels required when called:    2
 This function calls:
		_ledUpdateDisplay
 This function is called by:
		_isr
 This function uses a non-reentrant model


 *************** function _ledUpdateDisplay *****************
 Defined at:
		line 140 in file "led_array.c"
 Parameters:    Size  Location     Type
		None
 Auto vars:     Size  Location     Type
		None
 Return value:  Size  Location     Type
		None               void
 Registers used:
		wreg, fsr0l, fsr0h, status,2, status,0, pclath, cstack
 Tracked objects:
		On entry : 
		On exit  : 
		Unchanged: 
 Data sizes:     COMMON   BANK0   BANK1   BANK2
      Params:         0       0       0       0
      Locals:         0       0       0       0
      Temps:          1       0       0       0
      Totals:         1       0       0       0
Total ram usage:        1 bytes
 Hardware stack levels used:    1
 Hardware stack levels required when called:    1
 This function calls:
		_ledSetData
		_ledSetRow
 This function is called by:
		_ledIncrementRow
 This function uses a non-reentrant model


 *************** function _ledSetRow *****************
 Defined at:
		line 161 in file "led_array.c"
 Parameters:    Size  Location     Type
  rowGhost        1    wreg     unsigned char 
 Auto vars:     Size  Location     Type
  rowGhost        1    0[COMMON] unsigned char 
 Return value:  Size  Location     Type
		None               void
 Registers used:
		wreg, status,2
 Tracked objects:
		On entry : 
		On exit  : 
		Unchanged: 
 Data sizes:     COMMON   BANK0   BANK1   BANK2
      Params:         0       0       0       0
      Locals:         1       0       0       0
      Temps:          0       0       0       0
      Totals:         1       0       0       0
Total ram usage:        1 bytes
 Hardware stack levels used:    1
 This function calls:
		Nothing
 This function is called by:
		_ledUpdateDisplay
 This function uses a non-reentrant model


 *************** function _ledSetData *****************
 Defined at:
		line 151 in file "led_array.c"
 Parameters:    Size  Location     Type
  ledDisplayDa    1    wreg     unsigned char 
 Auto vars:     Size  Location     Type
  ledDisplayDa    1    1[COMMON] unsigned char 
 Return value:  Size  Location     Type
		None               void
 Registers used:
		wreg, status,2, status,0
 Tracked objects:
		On entry : 
		On exit  : 
		Unchanged: 
 Data sizes:     COMMON   BANK0   BANK1   BANK2
      Params:         0       0       0       0
      Locals:         1       0       0       0
      Temps:          1       0       0       0
      Totals:         2       0       0       0
Total ram usage:        2 bytes
 Hardware stack levels used:    1
 This function calls:
		Nothing
 This function is called by:
		_ledUpdateDisplay
 This function uses a non-reentrant model



MODULE INFORMATION

Module		Function		Class		Link	Load	Size
shared
		_L_H           		STRING         	0143	0000	4
		_L_I           		STRING         	0147	0000	4
		_L_SPACE       		STRING         	017B	0000	2
		_L_J           		STRING         	0117	0000	5
		__stringtab    		STRING         	0100	0000	6
		_L_EXCL        		STRING         	0177	0000	2
		__stringdata   		STRING         	017D	0000	28
		_L_K           		STRING         	011C	0000	5
		_L_L           		STRING         	014B	0000	4
		_L_M           		STRING         	0106	0000	6
		_L_N           		STRING         	0121	0000	5
		_L_O           		STRING         	014F	0000	4
		_L_P           		STRING         	0153	0000	4
		_L_Q           		STRING         	0126	0000	5
		_L_R           		STRING         	0157	0000	4
		_L_S           		STRING         	015B	0000	4
		__initializatio		CODE           	0013	0000	18
		_L_T           		STRING         	015F	0000	4
		_L_U           		STRING         	0163	0000	4
		_L_V           		STRING         	0167	0000	4
		_L_W           		STRING         	010C	0000	6
		_L_X           		STRING         	016B	0000	4
		_L_A           		STRING         	012B	0000	4
		_L_Y           		STRING         	016F	0000	4
		_L_B           		STRING         	012F	0000	4
		_L_Z           		STRING         	0173	0000	4
		_L_C           		STRING         	0133	0000	4
		_L_D           		STRING         	0137	0000	4
		_L_PERIOD      		STRING         	0179	0000	2
		_L_E           		STRING         	013B	0000	4
		_L_F           		STRING         	013F	0000	4
		_L_G           		STRING         	0112	0000	5

shared estimated size: 171

led_array.c
		_ledDisplayStri		CODE           	0284	0000	16
		_ledGetLetter  		CODE           	020C	0000	28
		_ledScroll     		CODE           	0228	0000	21
		_ledUpdateArr  		CODE           	0028	0000	178
		_ledSwitchArray		CODE           	0294	0000	15
		_ledSetRow     		CODE           	02B6	0000	6
		_ledUpdateDispl		CODE           	01D3	0000	29
		_ledSetData    		CODE           	0250	0000	19
		_ledIncrementRo		CODE           	02A3	0000	11

led_array.c estimated size: 323

nintendo-test1.c
		_main          		CODE           	0199	0000	58
		_isr           		CODE           	023D	0000	19
		_setup         		CODE           	0263	0000	17

nintendo-test1.c estimated size: 94

